Archive member included because of file (symbol)

/usr/lib/gcc/arm-linux-gnueabihf/4.6/libgcc.a(_divsi3.o)
                              platform/common/menu_pico.o (__aeabi_idiv)
/usr/lib/gcc/arm-linux-gnueabihf/4.6/libgcc.a(_aeabi_ldivmod.o)
                              pico/32x/sh2soc.o (__aeabi_ldivmod)
/usr/lib/gcc/arm-linux-gnueabihf/4.6/libgcc.a(_dvmd_lnx.o)
                              /usr/lib/gcc/arm-linux-gnueabihf/4.6/libgcc.a(_divsi3.o) (__aeabi_idiv0)
/usr/lib/gcc/arm-linux-gnueabihf/4.6/libgcc.a(bpabi.o)
                              /usr/lib/gcc/arm-linux-gnueabihf/4.6/libgcc.a(_aeabi_ldivmod.o) (__gnu_ldivmod_helper)
/usr/lib/gcc/arm-linux-gnueabihf/4.6/libgcc.a(_divdi3.o)
                              /usr/lib/gcc/arm-linux-gnueabihf/4.6/libgcc.a(bpabi.o) (__divdi3)
/usr/lib/gcc/arm-linux-gnueabihf/4.6/libgcc.a(_udivdi3.o)
                              /usr/lib/gcc/arm-linux-gnueabihf/4.6/libgcc.a(bpabi.o) (__udivdi3)
/usr/lib/gcc/arm-linux-gnueabihf/4.6/libgcc.a(_udivsi3.o)
                              /usr/lib/gcc/arm-linux-gnueabihf/4.6/libgcc.a(_divdi3.o) (__aeabi_uidiv)
/usr/lib/arm-linux-gnueabihf/libc_nonshared.a(elf-init.oS)
                              /usr/lib/gcc/arm-linux-gnueabihf/4.6/../../../arm-linux-gnueabihf/crt1.o (__libc_csu_init)

Allocating common symbols
Common symbol       size              file

timer_a_step        0x4               pico/sound/sound.o
media_id_header     0x100             pico/media.o
p32x_bios_s         0x4               pico/32x/memory.o
plat_sdl_screen     0x4               platform/libpicofe/plat_sdl.o
timer_b_next_oflow  0x4               pico/sound/sound.o
HighPreSpr          0x284             pico/draw.o
Pico32xMem          0x4               platform/linux/emu.o
s68k_read16_map     0x400             pico/cd/memory.o
z80_scanline        0x4               pico/pico.o
z80_read_map        0x20              pico/z80if.o
emustatus           0x4               pico/pico.o
Pico32x             0xc0              pico/32x/32x.o
PicoQuirks          0x4               pico/pico.o
PicoCpuCM68k        0xb0              pico/sek.o
SekCycleAim         0x4               pico/sek.o
s68k_read8_map      0x400             pico/cd/memory.o
timer_b_step        0x4               pico/sound/sound.o
in_evdev_allow_abs_only
                    0x4               platform/libpicofe/linux/in_evdev.o
z80_cycle_aim       0x4               pico/pico.o
sh2s                0x25b8            pico/32x/32x.o
PicoSkipFrame       0x4               pico/pico.o
rendstatus_old      0x4               pico/draw.o
g_screen_ptr        0x4               platform/common/emu.o
p32x_bios_m         0x4               pico/32x/memory.o
g_menuscreen_h      0x4               platform/common/menu_pico.o
PicoStateProgressCB
                    0x4               pico/state.o
DrawScanline        0x4               pico/draw.o
m68k_read16_map     0x400             pico/memory.o
g_argv              0x4               platform/common/main.o
Pico32xDrawMode     0x4               pico/32x/draw.o
z80_scanline_cycles
                    0x4               pico/pico.o
PicoPadInt          0x8               pico/pico.o
PicoAutoRgnOrder    0x4               pico/pico.o
plat_sdl_quit_cb    0x4               platform/libpicofe/plat_sdl.o
g_menubg_ptr        0x4               platform/common/menu_pico.o
s68k_write16_map    0x400             pico/cd/memory.o
g_menuscreen_w      0x4               platform/common/menu_pico.o
PicoScan32xEnd      0x4               pico/32x/draw.o
PicoScan32xBegin    0x4               pico/32x/draw.o
rom_fname_loaded    0x200             platform/common/emu.o
PicoGameLoaded      0x4               pico/cart.o
HighPal             0x200             pico/draw.o
p32x_bios_g         0x4               pico/32x/memory.o
PicoPicohw          0x208             pico/pico/pico.o
sndout_current      0x1c              platform/libpicofe/sndout.o
g_autostateld_opt   0x4               platform/common/menu_pico.o
timer_a_next_oflow  0x4               pico/sound/sound.o
flip_after_sync     0x4               platform/common/emu.o
plat_sdl_gl_active  0x4               platform/libpicofe/plat_sdl.o
Pico                0x222c8           pico/pico.o
plat_sdl_resize_cb  0x4               platform/libpicofe/plat_sdl.o
PicoCpuCS68k        0xb0              pico/cd/sek.o
PicoRegionOverride  0x4               pico/pico.o
cdd                 0x66c             pico/cd/cdd.o
ym_tl_tab           0x34000           pico/sound/ym2612.o
DrawLineDestIncrement
                    0x4               pico/draw.o
line_base_cycles    0x4               pico/videoport.o
p_av_init_packet    0x4               platform/common/mp3_libavcodec.o
s68k_write8_map     0x400             pico/cd/memory.o
plat_sdl_overlay    0x4               platform/libpicofe/plat_sdl.o
ym_tl_tab2          0x1a00            pico/sound/ym2612.o
rom_fname_reload    0x4               platform/common/emu.o
pcd_event_times     0x10              pico/cd/mcd.o
[...]
Memory Configuration

Name             Origin             Length             Attributes
*default*        0x00000000         0xffffffff

Linker script and memory map

LOAD /usr/lib/gcc/arm-linux-gnueabihf/4.6/../../../arm-linux-gnueabihf/crt1.o
LOAD /usr/lib/gcc/arm-linux-gnueabihf/4.6/../../../arm-linux-gnueabihf/crti.o
LOAD /usr/lib/gcc/arm-linux-gnueabihf/4.6/crtbegin.o
LOAD platform/linux/emu.o
LOAD platform/linux/blit.o
LOAD platform/common/plat_sdl.o
LOAD platform/libpicofe/plat_sdl.o
LOAD platform/libpicofe/in_sdl.o
LOAD platform/libpicofe/plat_dummy.o
LOAD platform/common/main.o
LOAD platform/common/emu.o
LOAD platform/common/menu_pico.o
LOAD platform/common/config_file.o
LOAD platform/libpicofe/input.o
LOAD platform/libpicofe/readpng.o
LOAD platform/libpicofe/fonts.o
LOAD platform/libpicofe/linux/in_evdev.o
LOAD platform/libpicofe/linux/plat.o
LOAD platform/libpicofe/sndout.o
LOAD platform/libpicofe/linux/sndout_oss.o
LOAD platform/libpicofe/linux/sndout_alsa.o
LOAD platform/libpicofe/sndout_sdl.o
LOAD platform/libpicofe/arm_linux.o
LOAD platform/common/mp3.o
LOAD platform/common/mp3_libavcodec.o
LOAD zlib/gzio.o
LOAD zlib/inffast.o
LOAD zlib/inflate.o
LOAD zlib/inftrees.o
LOAD zlib/trees.o
LOAD zlib/deflate.o
LOAD zlib/crc32.o
LOAD zlib/adler32.o
LOAD zlib/zutil.o
LOAD zlib/compress.o
LOAD zlib/uncompr.o
LOAD unzip/unzip.o
LOAD unzip/unzip_stream.o
LOAD pico/draw_arm.o
LOAD pico/draw2_arm.o
LOAD pico/memory_arm.o
LOAD pico/sound/ym2612_arm.o
LOAD pico/misc_arm.o
LOAD pico/cd/misc_arm.o
LOAD pico/cd/mcd_arm.o
LOAD pico/cd/memory_arm.o
LOAD pico/sound/mix_arm.o
LOAD pico/pico.o
LOAD pico/cart.o
LOAD pico/memory.o
LOAD pico/state.o
LOAD pico/sek.o
LOAD pico/z80if.o
LOAD pico/videoport.o
LOAD pico/draw2.o
LOAD pico/draw.o
LOAD pico/mode4.o
LOAD pico/misc.o
LOAD pico/eeprom.o
LOAD pico/patch.o
LOAD pico/debug.o
LOAD pico/media.o
LOAD pico/sms.o
LOAD pico/cd/mcd.o
LOAD pico/cd/memory.o
LOAD pico/cd/sek.o
LOAD pico/cd/cdc.o
LOAD pico/cd/cdd.o
LOAD pico/cd/cd_image.o
LOAD pico/cd/cue.o
LOAD pico/cd/gfx.o
LOAD pico/cd/gfx_dma.o
LOAD pico/cd/misc.o
LOAD pico/cd/pcm.o
LOAD pico/32x/32x.o
LOAD pico/32x/memory.o
LOAD pico/32x/draw.o
LOAD pico/32x/sh2soc.o
LOAD pico/32x/pwm.o
LOAD pico/pico/pico.o
LOAD pico/pico/memory.o
LOAD pico/pico/xpcm.o
LOAD pico/carthw/carthw.o
LOAD pico/carthw/svp/svp.o
LOAD pico/carthw/svp/memory.o
LOAD pico/carthw/svp/ssp16.o
LOAD pico/carthw/svp/stub_arm.o
LOAD pico/carthw/svp/compiler.o
LOAD pico/sound/sound.o
LOAD pico/sound/sn76496.o
LOAD pico/sound/ym2612.o
LOAD pico/m68kif_cyclone.o
LOAD cpu/cyclone/Cyclone.o
LOAD cpu/cyclone/tools/idle.o
LOAD cpu/DrZ80/drz80.o
LOAD cpu/drc/cmn.o
LOAD cpu/sh2/sh2.o
LOAD cpu/sh2/compiler.o
LOAD cpu/sh2/mame/sh2pico.o
LOAD /usr/lib/arm-linux-gnueabihf/libSDL.so
LOAD /usr/lib/arm-linux-gnueabihf/libasound.so
LOAD /usr/lib/arm-linux-gnueabihf/libdl.so
LOAD /usr/lib/arm-linux-gnueabihf/libpng.so
LOAD /usr/lib/arm-linux-gnueabihf/libm.so
LOAD /usr/lib/gcc/arm-linux-gnueabihf/4.6/libgcc.a
LOAD /usr/lib/gcc/arm-linux-gnueabihf/4.6/libgcc_s.so
START GROUP
LOAD /usr/lib/gcc/arm-linux-gnueabihf/4.6/libgcc_s.so.1
LOAD /usr/lib/gcc/arm-linux-gnueabihf/4.6/libgcc.a
END GROUP
LOAD /usr/lib/arm-linux-gnueabihf/libc.so
START GROUP
LOAD /lib/arm-linux-gnueabihf/libc.so.6
LOAD /usr/lib/arm-linux-gnueabihf/libc_nonshared.a
LOAD /lib/arm-linux-gnueabihf/ld-linux-armhf.so.3
END GROUP
LOAD /usr/lib/gcc/arm-linux-gnueabihf/4.6/libgcc.a
LOAD /usr/lib/gcc/arm-linux-gnueabihf/4.6/libgcc_s.so
START GROUP
LOAD /usr/lib/gcc/arm-linux-gnueabihf/4.6/libgcc_s.so.1
LOAD /usr/lib/gcc/arm-linux-gnueabihf/4.6/libgcc.a
END GROUP
LOAD /usr/lib/gcc/arm-linux-gnueabihf/4.6/crtend.o
LOAD /usr/lib/gcc/arm-linux-gnueabihf/4.6/../../../arm-linux-gnueabihf/crtn.o
                0x00008000                PROVIDE (__executable_start, 0x8000)
                0x00008134                . = (0x8000 + SIZEOF_HEADERS)

.interp         0x00008134       0x19
 *(.interp)
 .interp        0x00008134       0x19 /usr/lib/gcc/arm-linux-gnueabihf/4.6/../../../arm-linux-gnueabihf/crt1.o

.note.ABI-tag   0x00008150       0x20
 .note.ABI-tag  0x00008150       0x20 /usr/lib/gcc/arm-linux-gnueabihf/4.6/../../../arm-linux-gnueabihf/crt1.o

.note.gnu.build-id
                0x00008170       0x24
 *(.note.gnu.build-id)
 .note.gnu.build-id
                0x00008170       0x24 linker stubs

.hash           0x00008194      0x6b4
 *(.hash)
 .hash          0x00008194      0x6b4 /usr/lib/gcc/arm-linux-gnueabihf/4.6/../../../arm-linux-gnueabihf/crt1.o

.gnu.hash       0x00008848      0x788
 *(.gnu.hash)
 .gnu.hash      0x00008848      0x788 /usr/lib/gcc/arm-linux-gnueabihf/4.6/../../../arm-linux-gnueabihf/crt1.o

.dynsym         0x00008fd0      0xe60
 *(.dynsym)
 .dynsym        0x00008fd0      0xe60 /usr/lib/gcc/arm-linux-gnueabihf/4.6/../../../arm-linux-gnueabihf/crt1.o

.dynstr         0x00009e30      0xaba
 *(.dynstr)
 .dynstr        0x00009e30      0xaba /usr/lib/gcc/arm-linux-gnueabihf/4.6/../../../arm-linux-gnueabihf/crt1.o

.gnu.version    0x0000a8ea      0x1cc
 *(.gnu.version)
 .gnu.version   0x0000a8ea      0x1cc /usr/lib/gcc/arm-linux-gnueabihf/4.6/../../../arm-linux-gnueabihf/crt1.o

.gnu.version_d  0x0000aab8        0x0
 *(.gnu.version_d)
 .gnu.version_d
                0x00000000        0x0 /usr/lib/gcc/arm-linux-gnueabihf/4.6/../../../arm-linux-gnueabihf/crt1.o

.gnu.version_r  0x0000aab8       0xd0
 *(.gnu.version_r)
 .gnu.version_r
                0x0000aab8       0xd0 /usr/lib/gcc/arm-linux-gnueabihf/4.6/../../../arm-linux-gnueabihf/crt1.o

.rel.dyn        0x0000ab88       0x18
 *(.rel.init)
 *(.rel.text .rel.text.* .rel.gnu.linkonce.t.*)
 *(.rel.fini)
 *(.rel.rodata .rel.rodata.* .rel.gnu.linkonce.r.*)
 *(.rel.data.rel.ro* .rel.gnu.linkonce.d.rel.ro.*)
 *(.rel.data .rel.data.* .rel.gnu.linkonce.d.*)
 *(.rel.tdata .rel.tdata.* .rel.gnu.linkonce.td.*)
 *(.rel.tbss .rel.tbss.* .rel.gnu.linkonce.tb.*)
 *(.rel.ctors)
 *(.rel.dtors)
 *(.rel.got)
 .rel.got       0x0000ab88        0x8 /usr/lib/gcc/arm-linux-gnueabihf/4.6/../../../arm-linux-gnueabihf/crt1.o
 *(.rel.bss .rel.bss.* .rel.gnu.linkonce.b.*)
 .rel.bss       0x0000ab90       0x10 /usr/lib/gcc/arm-linux-gnueabihf/4.6/../../../arm-linux-gnueabihf/crt1.o
                0x0000aba0                PROVIDE (__rel_iplt_start, .)
 *(.rel.iplt)
 .rel.iplt      0x00000000        0x0 /usr/lib/gcc/arm-linux-gnueabihf/4.6/../../../arm-linux-gnueabihf/crt1.o
                0x0000aba0                PROVIDE (__rel_iplt_end, .)
                0x0000aba0                PROVIDE (__rela_iplt_start, .)
                0x0000aba0                PROVIDE (__rela_iplt_end, .)

.rela.dyn       0x0000aba0        0x0
 *(.rela.init)
 *(.rela.text .rela.text.* .rela.gnu.linkonce.t.*)
 *(.rela.fini)
 *(.rela.rodata .rela.rodata.* .rela.gnu.linkonce.r.*)
 *(.rela.data .rela.data.* .rela.gnu.linkonce.d.*)
 *(.rela.tdata .rela.tdata.* .rela.gnu.linkonce.td.*)
 *(.rela.tbss .rela.tbss.* .rela.gnu.linkonce.tb.*)
 *(.rela.ctors)
 *(.rela.dtors)
 *(.rela.got)
 *(.rela.bss .rela.bss.* .rela.gnu.linkonce.b.*)
                0x0000aba0                PROVIDE (__rel_iplt_start, .)
                0x0000aba0                PROVIDE (__rel_iplt_end, .)
                0x0000aba0                PROVIDE (__rela_iplt_start, .)
 *(.rela.iplt)
                0x0000aba0                PROVIDE (__rela_iplt_end, .)

.rel.plt        0x0000aba0      0x4c0
 *(.rel.plt)
 .rel.plt       0x0000aba0      0x4c0 /usr/lib/gcc/arm-linux-gnueabihf/4.6/../../../arm-linux-gnueabihf/crt1.o

.rela.plt
 *(.rela.plt)

.init           0x0000b060        0xc
 *(.init)
 .init          0x0000b060        0x8 /usr/lib/gcc/arm-linux-gnueabihf/4.6/../../../arm-linux-gnueabihf/crti.o
                0x0000b060                _init
 .init          0x0000b068        0x4 /usr/lib/gcc/arm-linux-gnueabihf/4.6/../../../arm-linux-gnueabihf/crtn.o

.plt            0x0000b06c      0x734
 *(.plt)
 .plt           0x0000b06c      0x734 /usr/lib/gcc/arm-linux-gnueabihf/4.6/../../../arm-linux-gnueabihf/crt1.o
                0x0000b080                SDL_Quit
                0x0000b08c                SDL_Flip
                0x0000b098                rand@@GLIBC_2.4
                0x0000b0a4                log@@GLIBC_2.4
                0x0000b0b0                dlerror@@GLIBC_2.4
                0x0000b0bc                gettimeofday@@GLIBC_2.4
                0x0000b0c8                snd_pcm_start@@ALSA_0.9
                0x0000b0d4                strcasecmp@@GLIBC_2.4
                0x0000b0e0                fdopen@@GLIBC_2.4
                0x0000b0ec                strtol@@GLIBC_2.4
                0x0000b0f8                snd_pcm_hw_params_set_access@@ALSA_0.9
                0x0000b104                free@@GLIBC_2.4
                0x0000b110                SDL_UnlockYUVOverlay
                0x0000b11c                fseek@@GLIBC_2.4
                0x0000b128                png_create_read_struct@@PNG12_0
                0x0000b134                strncmp@@GLIBC_2.4
                0x0000b140                SDL_CreateYUVOverlay
                0x0000b14c                snd_pcm_recover@@ALSA_0.9
                0x0000b158                SDL_PeepEvents
                0x0000b164                snd_pcm_hw_params_get_buffer_size@@ALSA_0.9.0rc4
                0x0000b170                SDL_JoystickClose
                0x0000b17c                SDL_JoystickOpen
                0x0000b188                png_destroy_read_struct@@PNG12_0
                0x0000b194                SDL_JoystickName
                0x0000b1a0                closedir@@GLIBC_2.4
                0x0000b1ac                exit@@GLIBC_2.4
                0x0000b1b8                snd_pcm_hw_params_set_format@@ALSA_0.9
                0x0000b1c4                png_create_info_struct@@PNG12_0
                0x0000b1d0                printf@@GLIBC_2.4
                0x0000b1dc                png_init_io@@PNG12_0
                0x0000b1e8                strerror@@GLIBC_2.4
                0x0000b1f4                stpcpy@@GLIBC_2.4
                0x0000b200                dlclose@@GLIBC_2.4
                0x0000b20c                feof@@GLIBC_2.4
                0x0000b218                puts@@GLIBC_2.4
                0x0000b224                snd_pcm_drop@@ALSA_0.9
                0x0000b230                perror@@GLIBC_2.4
                0x0000b23c                alphasort@@GLIBC_2.4
                0x0000b248                SDL_CloseAudio
                0x0000b254                readlink@@GLIBC_2.4
                0x0000b260                SDL_NumJoysticks
                0x0000b26c                strtoul@@GLIBC_2.4
                0x0000b278                strftime@@GLIBC_2.4
                0x0000b284                putchar@@GLIBC_2.4
                0x0000b290                memset@@GLIBC_2.4
                0x0000b29c                opendir@@GLIBC_2.4
                0x0000b2a8                snd_pcm_open@@ALSA_0.9
                0x0000b2b4                SDL_Delay
                0x0000b2c0                remove@@GLIBC_2.4
                0x0000b2cc                png_get_image_width@@PNG12_0
                0x0000b2d8                SDL_GetError
                0x0000b2e4                snprintf@@GLIBC_2.4
                0x0000b2f0                __strdup@@GLIBC_2.4
                0x0000b2fc                close@@GLIBC_2.4
                0x0000b308                SDL_PauseAudio
                0x0000b314                SDL_FreeYUVOverlay
                0x0000b320                gmtime@@GLIBC_2.4
                0x0000b32c                fopen@@GLIBC_2.4
                0x0000b338                snd_pcm_hw_params_set_period_size_near@@ALSA_0.9.0rc4
                0x0000b344                clearerr@@GLIBC_2.4
                0x0000b350                abort@@GLIBC_2.4
                0x0000b35c                pow@@GLIBC_2.4
                0x0000b368                vfprintf@@GLIBC_2.4
                0x0000b374                snd_pcm_hw_params_get_period_size@@ALSA_0.9.0rc4
                0x0000b380                memmove@@GLIBC_2.4
                0x0000b38c                snd_pcm_writei@@ALSA_0.9
                0x0000b398                snd_pcm_hw_params@@ALSA_0.9
                0x0000b3a4                SDL_PumpEvents
                0x0000b3b0                snd_pcm_prepare@@ALSA_0.9
                0x0000b3bc                SDL_Init
                0x0000b3c8                dlopen@@GLIBC_2.4
                0x0000b3d4                ioctl@@GLIBC_2.4
                0x0000b3e0                snd_pcm_hw_params_set_buffer_size_near@@ALSA_0.9.0rc4
                0x0000b3ec                localtime@@GLIBC_2.4
                0x0000b3f8                SDL_JoystickEventState
                0x0000b404                realloc@@GLIBC_2.4
                0x0000b410                strcpy@@GLIBC_2.4
                0x0000b41c                SDL_InitSubSystem
                0x0000b428                mmap@@GLIBC_2.4
                0x0000b434                SDL_SetVideoMode
                0x0000b440                SDL_WM_SetCaption
                0x0000b44c                snd_pcm_hw_params_set_rate_near@@ALSA_0.9.0rc4
                0x0000b458                png_get_rows@@PNG12_0
                0x0000b464                strtod@@GLIBC_2.4
                0x0000b470                open@@GLIBC_2.4
                0x0000b47c                png_read_png@@PNG12_0
                0x0000b488                mprotect@@GLIBC_2.4
                0x0000b494                strcat@@GLIBC_2.4
                0x0000b4a0                rewind@@GLIBC_2.4
                0x0000b4ac                fread@@GLIBC_2.4
                0x0000b4b8                fileno@@GLIBC_2.4
                0x0000b4c4                snd_pcm_hw_params_sizeof@@ALSA_0.9
                0x0000b4d0                SDL_QuitSubSystem
                0x0000b4dc                snd_pcm_hw_params_get_channels@@ALSA_0.9.0rc4
                0x0000b4e8                mkdir@@GLIBC_2.4
                0x0000b4f4                strstr@@GLIBC_2.4
                0x0000b500                scandir@@GLIBC_2.4
                0x0000b50c                strncasecmp@@GLIBC_2.4
                0x0000b518                snd_pcm_close@@ALSA_0.9
                0x0000b524                SDL_GetVideoInfo
                0x0000b530                select@@GLIBC_2.4
                0x0000b53c                sleep@@GLIBC_2.4
                0x0000b548                snd_pcm_hw_params_set_channels@@ALSA_0.9
                0x0000b554                raise@@GLIBC_2.4
                0x0000b560                SDL_LockSurface
                0x0000b56c                SDL_GetWMInfo
                0x0000b578                calloc@@GLIBC_2.4
                0x0000b584                strncat@@GLIBC_2.4
                0x0000b590                ftell@@GLIBC_2.4
                0x0000b59c                setlocale@@GLIBC_2.4
                0x0000b5a8                ferror@@GLIBC_2.4
                0x0000b5b4                SDL_UnlockSurface
                0x0000b5c0                png_get_image_height@@PNG12_0
                0x0000b5cc                fgets@@GLIBC_2.4
                0x0000b5d8                __fxstat@@GLIBC_2.4
                0x0000b5e4                fputc@@GLIBC_2.4
                0x0000b5f0                fwrite@@GLIBC_2.4
                0x0000b5fc                memcpy@@GLIBC_2.4
                0x0000b608                malloc@@GLIBC_2.4
                0x0000b614                strlen@@GLIBC_2.4
                0x0000b620                getcwd@@GLIBC_2.4
                0x0000b62c                munmap@@GLIBC_2.4
                0x0000b638                usleep@@GLIBC_2.4
                0x0000b644                fprintf@@GLIBC_2.4
                0x0000b650                fclose@@GLIBC_2.4
                0x0000b65c                write@@GLIBC_2.4
                0x0000b668                SDL_OpenAudio
                0x0000b674                sprintf@@GLIBC_2.4
                0x0000b680                png_get_bit_depth@@PNG12_0
                0x0000b68c                mremap@@GLIBC_2.4
                0x0000b698                SDL_DisplayYUVOverlay
                0x0000b6a4                strcmp@@GLIBC_2.4
                0x0000b6b0                time@@GLIBC_2.4
                0x0000b6bc                __errno_location@@GLIBC_2.4
                0x0000b6c8                sscanf@@GLIBC_2.4
                0x0000b6d4                strncpy@@GLIBC_2.4
                0x0000b6e0                SDL_LockYUVOverlay
                0x0000b6ec                fflush@@GLIBC_2.4
                0x0000b6f8                SDL_PushEvent
                0x0000b704                memcmp@@GLIBC_2.4
                0x0000b710                snd_pcm_avail@@ALSA_0.9
                0x0000b71c                SDL_VideoDriverName
                0x0000b728                strrchr@@GLIBC_2.4
                0x0000b734                snd_pcm_hw_params_any@@ALSA_0.9
                0x0000b740                sin@@GLIBC_2.4
                0x0000b74c                getenv@@GLIBC_2.4
                0x0000b758                __libc_start_main@@GLIBC_2.4
                0x0000b764                dlsym@@GLIBC_2.4
                0x0000b77c                strchr@@GLIBC_2.4
                0x0000b788                vsnprintf@@GLIBC_2.4
                0x0000b794                floor@@GLIBC_2.4

.iplt           0x0000b7a0        0x0
 *(.iplt)
 .iplt          0x00000000        0x0 /usr/lib/gcc/arm-linux-gnueabihf/4.6/../../../arm-linux-gnueabihf/crt1.o

.text           0x0000b7a0    0x8068c
 *(.text.unlikely .text.*_unlikely)
 *(.text.exit .text.exit.*)
 *(.text.startup .text.startup.*)
 .text.startup.main
                0x0000b7a0      0x160 platform/common/main.o
                0x0000b7a0                main
 *(.text.hot .text.hot.*)
 *(.text .stub .text.* .gnu.linkonce.t.*)
 .text          0x0000b900       0x3c /usr/lib/gcc/arm-linux-gnueabihf/4.6/../../../arm-linux-gnueabihf/crt1.o
                0x0000b900                _start
 .text          0x0000b93c       0x24 /usr/lib/gcc/arm-linux-gnueabihf/4.6/../../../arm-linux-gnueabihf/crti.o
 .text          0x0000b960       0x4c /usr/lib/gcc/arm-linux-gnueabihf/4.6/crtbegin.o
 .text.apply_renderer
                0x0000b9ac       0xf0 platform/linux/emu.o
 .text.pemu_prep_defconfig
                0x0000ba9c        0x4 platform/linux/emu.o
                0x0000ba9c                pemu_prep_defconfig
 .text.pemu_validate_config
                0x0000baa0       0x18 platform/linux/emu.o
                0x0000baa0                pemu_validate_config
 .text.pemu_finalize_frame
                0x0000bab8      0x218 platform/linux/emu.o
                0x0000bab8                pemu_finalize_frame
 .text.plat_video_toggle_renderer
                0x0000bcd0       0x58 platform/linux/emu.o
                0x0000bcd0                plat_video_toggle_renderer
 .text.plat_status_msg_clear
                0x0000bd28       0x40 platform/linux/emu.o
                0x0000bd28                plat_status_msg_clear
 .text.plat_status_msg_busy_next
                0x0000bd68       0x40 platform/linux/emu.o
                0x0000bd68                plat_status_msg_busy_next
 .text.plat_status_msg_busy_first
                0x0000bda8        0x4 platform/linux/emu.o
                0x0000bda8                plat_status_msg_busy_first
 .text.plat_update_volume
                0x0000bdac        0x4 platform/linux/emu.o
                0x0000bdac                plat_update_volume
 .text.pemu_forced_frame
                0x0000bdb0       0x70 platform/linux/emu.o
                0x0000bdb0                pemu_forced_frame
 .text.pemu_sound_start
                0x0000be20        0x4 platform/linux/emu.o
                0x0000be20                pemu_sound_start
 .text.plat_debug_cat
                0x0000be24        0x4 platform/linux/emu.o
                0x0000be24                plat_debug_cat
 .text.emu_video_mode_change
                0x0000be28       0x38 platform/linux/emu.o
                0x0000be28                emu_video_mode_change
 .text.pemu_loop_prep
                0x0000be60        0x4 platform/linux/emu.o
                0x0000be60                pemu_loop_prep
 .text.pemu_loop_end
                0x0000be64        0xc platform/linux/emu.o
                0x0000be64                pemu_loop_end
 .text.plat_wait_till_us
                0x0000be70       0x34 platform/linux/emu.o
                0x0000be70                plat_wait_till_us
 .text.plat_sdl_quit
                0x0000bea4        0xc platform/common/plat_sdl.o
 .text.bgr_to_uyvy_init
                0x0000beb0      0x13c platform/common/plat_sdl.o
                0x0000beb0                bgr_to_uyvy_init
 .text.rgb565_to_uyvy
                0x0000bfec      0x134 platform/common/plat_sdl.o
                0x0000bfec                rgb565_to_uyvy
 .text.plat_video_flip
                0x0000c120      0x114 platform/common/plat_sdl.o
                0x0000c120                plat_video_flip
 .text.plat_video_wait_vsync
                0x0000c234        0x4 platform/common/plat_sdl.o
                0x0000c234                plat_video_wait_vsync
 .text.plat_video_menu_enter
                0x0000c238       0x40 platform/common/plat_sdl.o
                0x0000c238                plat_video_menu_enter
 .text.plat_video_menu_begin
                0x0000c278       0x90 platform/common/plat_sdl.o
                0x0000c278                plat_video_menu_begin
 .text.plat_video_menu_end
                0x0000c308       0xfc platform/common/plat_sdl.o
                0x0000c308                plat_video_menu_end
 .text.plat_video_menu_leave
                0x0000c404        0x4 platform/common/plat_sdl.o
                0x0000c404                plat_video_menu_leave
 .text.plat_video_loop_prepare
                0x0000c408       0xbc platform/common/plat_sdl.o
                0x0000c408                plat_video_loop_prepare
 .text.plat_early_init
                0x0000c4c4        0x4 platform/common/plat_sdl.o
                0x0000c4c4                plat_early_init
 .text.plat_init
                0x0000c4c8      0x12c platform/common/plat_sdl.o
                0x0000c4c8                plat_init
 .text.plat_finish
                0x0000c5f4       0x38 platform/common/plat_sdl.o
                0x0000c5f4                plat_finish
 .text.plat_sdl_finish
                0x0000c62c       0x98 platform/libpicofe/plat_sdl.o
                0x0000c62c                plat_sdl_finish
 .text.plat_sdl_overlay_clear
                0x0000c6c4       0x50 platform/libpicofe/plat_sdl.o
                0x0000c6c4                plat_sdl_overlay_clear
 .text.plat_sdl_change_video_mode
                0x0000c714      0x2fc platform/libpicofe/plat_sdl.o
                0x0000c714                plat_sdl_change_video_mode
 .text.plat_sdl_event_handler
                0x0000ca10      0x110 platform/libpicofe/plat_sdl.o
                0x0000ca10                plat_sdl_event_handler
 .text.plat_sdl_init
                0x0000cb20      0x37c platform/libpicofe/plat_sdl.o
                0x0000cb20                plat_sdl_init
 .text.in_sdl_get_key_names
                0x0000ce9c       0x28 platform/libpicofe/in_sdl.o
 .text.in_sdl_menu_translate
                0x0000cec4      0x12c platform/libpicofe/in_sdl.o
 .text.in_sdl_free
                0x0000cff0       0x28 platform/libpicofe/in_sdl.o
 .text.in_sdl_probe
                0x0000d018      0x144 platform/libpicofe/in_sdl.o
 .text.collect_events
                0x0000d15c      0x350 platform/libpicofe/in_sdl.o
 .text.in_sdl_update_keycode
                0x0000d4ac       0x40 platform/libpicofe/in_sdl.o
 .text.in_sdl_update
                0x0000d4ec       0x90 platform/libpicofe/in_sdl.o
 .text.in_sdl_init
                0x0000d57c       0x5c platform/libpicofe/in_sdl.o
                0x0000d57c                in_sdl_init
 .text.plat_target_init
                0x0000d5d8        0x8 platform/libpicofe/plat_dummy.o
                0x0000d5d8                plat_target_init
 .text.plat_target_finish
                0x0000d5e0        0x4 platform/libpicofe/plat_dummy.o
                0x0000d5e0                plat_target_finish
 .text.parse_cmd_line
                0x0000d5e4      0x1a4 platform/common/main.o
                0x0000d5e4                parse_cmd_line
 .text.emu_tray_open
                0x0000d788       0x14 platform/common/emu.o
 .text.do_turbo
                0x0000d79c       0xd8 platform/common/emu.o
 .text.snd_write_nonblocking
                0x0000d874       0x20 platform/common/emu.o
 .text.extract_text
                0x0000d894       0xc4 platform/common/emu.o
 .text.try_rfn_cut
                0x0000d958       0x80 platform/common/emu.o
 .text.get_ext  0x0000d9d8       0x64 platform/common/emu.o
 .text.fname_ext
                0x0000da3c       0xe4 platform/common/emu.o
 .text.mkdir_path
                0x0000db20       0x50 platform/common/emu.o
 .text.try_ropen_file.constprop.3
                0x0000db70       0x78 platform/common/emu.o
 .text.emu_status_msg
                0x0000dbe8       0x84 platform/common/emu.o
                0x0000dbe8                emu_status_msg
 .text.system_announce
                0x0000dc6c      0x14c platform/common/emu.o
 .text.emu_tray_close
                0x0000ddb8        0xc platform/common/emu.o
 .text.emu_swap_cd
                0x0000ddc4       0x64 platform/common/emu.o
                0x0000ddc4                emu_swap_cd
 .text.emu_make_path
                0x0000de28       0x68 platform/common/emu.o
                0x0000de28                emu_make_path
 .text.make_config_cfg
                0x0000de90       0x74 platform/common/emu.o
 .text.emu_prep_defconfig
                0x0000df04       0x90 platform/common/emu.o
                0x0000df04                emu_prep_defconfig
 .text.emu_set_defconfig
                0x0000df94       0x68 platform/common/emu.o
                0x0000df94                emu_set_defconfig
 .text.emu_read_config
                0x0000dffc      0x248 platform/common/emu.o
                0x0000dffc                emu_read_config
 .text.do_region_override
                0x0000e244       0x1c platform/common/emu.o
 .text.find_bios
                0x0000e260      0x1f0 platform/common/emu.o
 .text.emu_write_config
                0x0000e450      0x110 platform/common/emu.o
                0x0000e450                emu_write_config
 .text.emu_text_out16
                0x0000e560       0xd0 platform/common/emu.o
                0x0000e560                emu_text_out16
 .text.emu_osd_text16
                0x0000e630       0xa8 platform/common/emu.o
                0x0000e630                emu_osd_text16
 .text.emu_get_save_fname
                0x0000e6d8      0x214 platform/common/emu.o
                0x0000e6d8                emu_get_save_fname
 .text.emu_check_save_file
                0x0000e8ec       0x24 platform/common/emu.o
                0x0000e8ec                emu_check_save_file
 .text.emu_save_load_game
                0x0000e910      0x2b0 platform/common/emu.o
                0x0000e910                emu_save_load_game
 .text.emu_reload_rom
                0x0000ebc0      0x480 platform/common/emu.o
                0x0000ebc0                emu_reload_rom
 .text.emu_set_fastforward
                0x0000f040       0xb8 platform/common/emu.o
                0x0000f040                emu_set_fastforward
 .text.emu_32x_startup
                0x0000f0f8       0x18 platform/common/emu.o
                0x0000f0f8                emu_32x_startup
 .text.emu_reset_game
                0x0000f110       0x1c platform/common/emu.o
                0x0000f110                emu_reset_game
 .text.run_events_pico
                0x0000f12c      0x200 platform/common/emu.o
                0x0000f12c                run_events_pico
 .text.emu_update_input
                0x0000f32c      0x4ec platform/common/emu.o
                0x0000f32c                emu_update_input
 .text.emu_cmn_forced_frame
                0x0000f818       0xa4 platform/common/emu.o
                0x0000f818                emu_cmn_forced_frame
 .text.emu_init
                0x0000f8bc       0xc4 platform/common/emu.o
                0x0000f8bc                emu_init
 .text.emu_finish
                0x0000f980       0x80 platform/common/emu.o
                0x0000f980                emu_finish
 .text.emu_sound_start
                0x0000fa00       0xf8 platform/common/emu.o
                0x0000fa00                emu_sound_start
 .text.emu_sound_stop
                0x0000faf8       0x10 platform/common/emu.o
                0x0000faf8                emu_sound_stop
 .text.emu_sound_wait
                0x0000fb08       0x10 platform/common/emu.o
                0x0000fb08                emu_sound_wait
 .text.emu_loop
                0x0000fb18      0x4b8 platform/common/emu.o
                0x0000fb18                emu_loop
 .text.text_out16_
                0x0000ffd0      0x3c8 platform/common/menu_pico.o
 .text.menu_draw_selection
                0x00010398       0xac platform/common/menu_pico.o
 .text.menu_darken_bg
                0x00010444       0x88 platform/common/menu_pico.o
 .text.menu_darken_text_bg
                0x000104cc      0x1a8 platform/common/menu_pico.o
 .text.mh_opt_sh2cycles
                0x00010674       0x84 platform/common/menu_pico.o
 .text.mh_tray_nothing
                0x000106f8        0x8 platform/common/menu_pico.o
 .text.parse_hex_color
                0x00010700       0x4c platform/common/menu_pico.o
 .text.make_bg  0x0001074c      0x1f8 platform/common/menu_pico.o
 .text.menu_draw_begin
                0x00010944       0x74 platform/common/menu_pico.o
 .text.smalltext_out16
                0x000109b8      0x100 platform/common/menu_pico.o
 .text.draw_frame_credits
                0x00010ab8       0x1c platform/common/menu_pico.o
 .text.draw_text_debug
                0x00010ad4       0xe8 platform/common/menu_pico.o
 .text.menu_draw_end
                0x00010bbc       0x24 platform/common/menu_pico.o
 .text.cdload_progress_cb
                0x00010be0       0xe4 platform/common/menu_pico.o
 .text.load_progress_cb
                0x00010cc4       0x84 platform/common/menu_pico.o
 .text.mgn_dev_name
                0x00010d48       0x78 platform/common/menu_pico.o
 .text.mgn_saveloadcfg
                0x00010dc0       0x44 platform/common/menu_pico.o
 .text.mgn_opt_sh2cycles
                0x00010e04       0x38 platform/common/menu_pico.o
 .text.mgn_aopt_gamma
                0x00010e3c       0x50 platform/common/menu_pico.o
 .text.mgn_opt_sound
                0x00010e8c       0x58 platform/common/menu_pico.o
 .text.mgn_opt_fskip
                0x00010ee4       0x40 platform/common/menu_pico.o
 .text.scandir_cmp
                0x00010f24       0x3c platform/common/menu_pico.o
 .text.scandir_filter
                0x00010f60       0x78 platform/common/menu_pico.o
 .text.draw_dirlist
                0x00010fd8      0x3a0 platform/common/menu_pico.o
 .text.menu_enter
                0x00011378       0xd8 platform/common/menu_pico.o
 .text.menu_separation.part.0
                0x00011450       0x40 platform/common/menu_pico.o
 .text.mh_opt_misc
                0x00011490      0x1f4 platform/common/menu_pico.o
 .text.me_id2offset
                0x00011684       0x78 platform/common/menu_pico.o
 .text.mgn_opt_region
                0x000116fc       0xe0 platform/common/menu_pico.o
 .text.text_out16
                0x000117dc       0x98 platform/common/menu_pico.o
                0x000117dc                text_out16
 .text.menu_main_draw_status
                0x00011874      0x1c4 platform/common/menu_pico.o
 .text.draw_key_config
                0x00011a38      0x44c platform/common/menu_pico.o
 .text.key_config_loop
                0x00011e84      0x474 platform/common/menu_pico.o
 .text.key_config_loop_wrap
                0x000122f8       0x74 platform/common/menu_pico.o
 .text.me_draw  0x0001236c      0x590 platform/common/menu_pico.o
 .text.me_loop_d.constprop.11
                0x000128fc      0x7a4 platform/common/menu_pico.o
 .text.menu_loop_options
                0x000130a0       0xa8 platform/common/menu_pico.o
 .text.menu_loop_gfx_options
                0x00013148       0x6c platform/common/menu_pico.o
 .text.menu_loop_cd_options
                0x000131b4       0x24 platform/common/menu_pico.o
 .text.menu_loop_32x_options
                0x000131d8       0x80 platform/common/menu_pico.o
 .text.menu_loop_adv_options
                0x00013258       0x24 platform/common/menu_pico.o
 .text.menu_loop_keyconfig
                0x0001327c       0x88 platform/common/menu_pico.o
 .text.menu_loop_romsel.constprop.8
                0x00013304      0x7e4 platform/common/menu_pico.o
 .text.mh_tray_load_cd
                0x00013ae8       0x48 platform/common/menu_pico.o
 .text.menu_init_base
                0x00013b30      0x314 platform/common/menu_pico.o
                0x00013b30                menu_init_base
 .text.menu_romload_prepare
                0x00013e44       0xcc platform/common/menu_pico.o
                0x00013e44                menu_romload_prepare
 .text.menu_romload_end
                0x00013f10       0x64 platform/common/menu_pico.o
                0x00013f10                menu_romload_end
 .text.menu_loop
                0x00013f74      0x1dc platform/common/menu_pico.o
                0x00013f74                menu_loop
 .text.menu_loop_tray
                0x00014150       0xac platform/common/menu_pico.o
                0x00014150                menu_loop_tray
 .text.menu_update_msg
                0x000141fc       0x44 platform/common/menu_pico.o
                0x000141fc                menu_update_msg
 .text.mh_saveloadcfg
                0x00014240      0x138 platform/common/menu_pico.o
 .text.mh_restore_defaults
                0x00014378       0x1c platform/common/menu_pico.o
 .text.menu_loop_savestate
                0x00014394      0x380 platform/common/menu_pico.o
 .text.main_menu_handler
                0x00014714      0x570 platform/common/menu_pico.o
 .text.me_list_get_first
                0x00014c84       0x1c platform/common/menu_pico.o
                0x00014c84                me_list_get_first
 .text.me_list_get_next
                0x00014ca0       0x8c platform/common/menu_pico.o
                0x00014ca0                me_list_get_next
 .text.menu_init
                0x00014d2c      0x13c platform/common/menu_pico.o
                0x00014d2c                menu_init
 .text.mystrip  0x00014e68       0xa0 platform/common/config_file.o
 .text.config_write
                0x00014f08      0x3dc platform/common/config_file.o
                0x00014f08                config_write
 .text.config_writelrom
                0x000152e4      0x180 platform/common/config_file.o
                0x000152e4                config_writelrom
 .text.config_readlrom
                0x00015464      0x134 platform/common/config_file.o
                0x00015464                config_readlrom
 .text.config_get_var_val
                0x00015598      0x198 platform/common/config_file.o
                0x00015598                config_get_var_val
 .text.config_readsect
                0x00015730      0xbb8 platform/common/config_file.o
                0x00015730                config_readsect
 .text.in_def_free
                0x000162e8        0x4 platform/libpicofe/input.o
 .text.in_def_clean_binds
                0x000162ec        0x8 platform/libpicofe/input.o
 .text.in_def_get_config
                0x000162f4        0x8 platform/libpicofe/input.o
 .text.in_def_set_config
                0x000162fc        0x8 platform/libpicofe/input.o
 .text.in_def_update_analog
                0x00016304        0x8 platform/libpicofe/input.o
 .text.in_def_update_keycode
                0x0001630c        0x8 platform/libpicofe/input.o
 .text.in_def_menu_translate
                0x00016314        0x8 platform/libpicofe/input.o
 .text.in_def_get_key_code
                0x0001631c        0x8 platform/libpicofe/input.o
 .text.in_def_get_key_name
                0x00016324        0x8 platform/libpicofe/input.o
 .text.in_alloc_binds
                0x0001632c       0xa0 platform/libpicofe/input.o
 .text.in_register
                0x000163cc      0x274 platform/libpicofe/input.o
                0x000163cc                in_register
 .text.in_update
                0x00016640       0x88 platform/libpicofe/input.o
                0x00016640                in_update
 .text.in_update_keycode
                0x000166c8      0x31c platform/libpicofe/input.o
                0x000166c8                in_update_keycode
 .text.in_menu_wait_any
                0x000169e4       0x88 platform/libpicofe/input.o
                0x000169e4                in_menu_wait_any
 .text.in_menu_wait
                0x00016a6c       0xb0 platform/libpicofe/input.o
                0x00016a6c                in_menu_wait
 .text.in_get_dev_binds
                0x00016b1c       0x1c platform/libpicofe/input.o
                0x00016b1c                in_get_dev_binds
 .text.in_get_config
                0x00016b38       0xa8 platform/libpicofe/input.o
                0x00016b38                in_get_config
 .text.in_set_config
                0x00016be0      0x148 platform/libpicofe/input.o
                0x00016be0                in_set_config
 .text.in_get_dev_name
                0x00016d28       0x70 platform/libpicofe/input.o
                0x00016d28                in_get_dev_name
 .text.in_get_key_name
                0x00016d98      0x12c platform/libpicofe/input.o
                0x00016d98                in_get_key_name
 .text.in_bind_key
                0x00016ec4      0x130 platform/libpicofe/input.o
                0x00016ec4                in_bind_key
 .text.in_unbind_all
                0x00016ff4       0xac platform/libpicofe/input.o
                0x00016ff4                in_unbind_all
 .text.in_config_parse_dev
                0x000170a0      0x1a0 platform/libpicofe/input.o
                0x000170a0                in_config_parse_dev
 .text.in_config_bind_key
                0x00017240      0x1c0 platform/libpicofe/input.o
                0x00017240                in_config_bind_key
 .text.in_debug_dump
                0x00017400       0xa0 platform/libpicofe/input.o
                0x00017400                in_debug_dump
 .text.in_probe
                0x000174a0      0x1a4 platform/libpicofe/input.o
                0x000174a0                in_probe
 .text.in_register_driver
                0x00017644      0x170 platform/libpicofe/input.o
                0x00017644                in_register_driver
 .text.in_init  0x000177b4       0x30 platform/libpicofe/input.o
                0x000177b4                in_init
 .text.readpng  0x000177e4      0x59c platform/libpicofe/readpng.o
                0x000177e4                readpng
 .text.plat_get_data_dir
                0x00017d80       0x84 platform/libpicofe/linux/plat.o
 .text.plat_is_dir
                0x00017e04       0x24 platform/libpicofe/linux/plat.o
                0x00017e04                plat_is_dir
 .text.plat_get_skin_dir
                0x00017e28       0x38 platform/libpicofe/linux/plat.o
                0x00017e28                plat_get_skin_dir
 .text.plat_get_root_dir
                0x00017e60       0x80 platform/libpicofe/linux/plat.o
                0x00017e60                plat_get_root_dir
 .text.plat_get_ticks_ms
                0x00017ee0       0x3c platform/libpicofe/linux/plat.o
                0x00017ee0                plat_get_ticks_ms
 .text.plat_get_ticks_us
                0x00017f1c       0x30 platform/libpicofe/linux/plat.o
                0x00017f1c                plat_get_ticks_us
 .text.plat_sleep_ms
                0x00017f4c        0xc platform/libpicofe/linux/plat.o
                0x00017f4c                plat_sleep_ms
 .text.plat_wait_event
                0x00017f58      0x188 platform/libpicofe/linux/plat.o
                0x00017f58                plat_wait_event
 .text.plat_mmap
                0x000180e0      0x128 platform/libpicofe/linux/plat.o
                0x000180e0                plat_mmap
 .text.plat_mremap
                0x00018208       0x4c platform/libpicofe/linux/plat.o
                0x00018208                plat_mremap
 .text.plat_munmap
                0x00018254       0x90 platform/libpicofe/linux/plat.o
                0x00018254                plat_munmap
 .text.plat_mem_set_exec
                0x000182e4       0x5c platform/libpicofe/linux/plat.o
                0x000182e4                plat_mem_set_exec
 .text.lprintf  0x00018340       0x3c platform/libpicofe/linux/plat.o
                0x00018340                lprintf
 .text.sndout_null_init
                0x0001837c        0x8 platform/libpicofe/sndout.o
 .text.sndout_null_exit
                0x00018384        0x4 platform/libpicofe/sndout.o
 .text.sndout_null_start
                0x00018388        0x8 platform/libpicofe/sndout.o
 .text.sndout_null_stop
                0x00018390        0x4 platform/libpicofe/sndout.o
 .text.sndout_null_wait
                0x00018394        0x4 platform/libpicofe/sndout.o
 .text.sndout_null_write_nb
                0x00018398        0x8 platform/libpicofe/sndout.o
 .text.sndout_init
                0x000183a0       0x70 platform/libpicofe/sndout.o
                0x000183a0                sndout_init
 .text.sndout_oss_init
                0x00018410       0x54 platform/libpicofe/linux/sndout_oss.o
                0x00018410                sndout_oss_init
 .text.sndout_oss_stop
                0x00018464       0x34 platform/libpicofe/linux/sndout_oss.o
                0x00018464                sndout_oss_stop
 .text.sndout_oss_start
                0x00018498      0x204 platform/libpicofe/linux/sndout_oss.o
                0x00018498                sndout_oss_start
 .text.sndout_oss_write_nb
                0x0001869c       0xac platform/libpicofe/linux/sndout_oss.o
                0x0001869c                sndout_oss_write_nb
 .text.sndout_oss_wait
                0x00018748       0x1c platform/libpicofe/linux/sndout_oss.o
                0x00018748                sndout_oss_wait
 .text.sndout_oss_exit
                0x00018764       0x40 platform/libpicofe/linux/sndout_oss.o
                0x00018764                sndout_oss_exit
 .text.sndout_alsa_init
                0x000187a4       0x2c platform/libpicofe/linux/sndout_alsa.o
                0x000187a4                sndout_alsa_init
 .text.sndout_alsa_start
                0x000187d0      0x268 platform/libpicofe/linux/sndout_alsa.o
                0x000187d0                sndout_alsa_start
 .text.sndout_alsa_stop
                0x00018a38       0x38 platform/libpicofe/linux/sndout_alsa.o
                0x00018a38                sndout_alsa_stop
 .text.sndout_alsa_wait
                0x00018a70       0x38 platform/libpicofe/linux/sndout_alsa.o
                0x00018a70                sndout_alsa_wait
 .text.sndout_alsa_write_nb
                0x00018aa8       0xe8 platform/libpicofe/linux/sndout_alsa.o
                0x00018aa8                sndout_alsa_write_nb
 .text.sndout_alsa_exit
                0x00018b90       0x20 platform/libpicofe/linux/sndout_alsa.o
                0x00018b90                sndout_alsa_exit
 .text.callback
                0x00018bb0       0xcc platform/libpicofe/sndout_sdl.o
 .text.sndout_sdl_init
                0x00018c7c       0x18 platform/libpicofe/sndout_sdl.o
                0x00018c7c                sndout_sdl_init
 .text.sndout_sdl_start
                0x00018c94      0x104 platform/libpicofe/sndout_sdl.o
                0x00018c94                sndout_sdl_start
 .text.sndout_sdl_stop
                0x00018d98       0x24 platform/libpicofe/sndout_sdl.o
                0x00018d98                sndout_sdl_stop
 .text.sndout_sdl_wait
                0x00018dbc       0x58 platform/libpicofe/sndout_sdl.o
                0x00018dbc                sndout_sdl_wait
 .text.sndout_sdl_write_nb
                0x00018e14       0xb0 platform/libpicofe/sndout_sdl.o
                0x00018e14                sndout_sdl_write_nb
 .text.sndout_sdl_exit
                0x00018ec4       0x38 platform/libpicofe/sndout_sdl.o
                0x00018ec4                sndout_sdl_exit
 .text          0x00018efc       0x1c platform/libpicofe/arm_linux.o
                0x00018efc                cache_flush_d_inval_i
 .text.mp3_find_sync_word
                0x00018f18       0x80 platform/common/mp3.o
                0x00018f18                mp3_find_sync_word
 .text.try_get_bitrate.constprop.0
                0x00018f98       0x6c platform/common/mp3.o
 .text.mp3_get_bitrate
                0x00019004       0xd8 platform/common/mp3.o
                0x00019004                mp3_get_bitrate
 .text.mp3_start_play
                0x000190dc      0x154 platform/common/mp3.o
                0x000190dc                mp3_start_play
 .text.mp3_update
                0x00019230      0x140 platform/common/mp3.o
                0x00019230                mp3_update
 .text.mp3dec_decode
                0x00019370      0x1b0 platform/common/mp3_libavcodec.o
                0x00019370                mp3dec_decode
 .text.mp3dec_start
                0x00019520      0x1f8 platform/common/mp3_libavcodec.o
                0x00019520                mp3dec_start
 .text.do_flush
                0x00019718      0x108 zlib/gzio.o
 .text.get_byte
                0x00019820       0x94 zlib/gzio.o
 .text.check_header
                0x000198b4      0x1c0 zlib/gzio.o
 .text.getLong  0x00019a74       0x4c zlib/gzio.o
 .text.gzsetparams
                0x00019ac0       0x78 zlib/gzio.o
                0x00019ac0                gzsetparams
 .text.destroy  0x00019b38       0xe0 zlib/gzio.o
                0x00019b38                destroy
 .text.gz_open  0x00019c18      0x2e8 zlib/gzio.o
 .text.gzopen   0x00019f00        0x8 zlib/gzio.o
                0x00019f00                gzopen
 .text.gzdopen  0x00019f08       0x48 zlib/gzio.o
                0x00019f08                gzdopen
 .text.gzread   0x00019f50      0x330 zlib/gzio.o
                0x00019f50                gzread
 .text.gzgetc   0x0001a280       0x28 zlib/gzio.o
                0x0001a280                gzgetc
 .text.gzungetc
                0x0001a2a8       0x6c zlib/gzio.o
                0x0001a2a8                gzungetc
 .text.gzgets   0x0001a314       0x7c zlib/gzio.o
                0x0001a314                gzgets
 .text.gzwrite  0x0001a390       0xf0 zlib/gzio.o
                0x0001a390                gzwrite
 .text.gzprintf
                0x0001a480       0xa0 zlib/gzio.o
                0x0001a480                gzprintf
 .text.gzputc   0x0001a520       0x30 zlib/gzio.o
                0x0001a520                gzputc
 .text.gzputs   0x0001a550       0x28 zlib/gzio.o
                0x0001a550                gzputs
 .text.gzflush  0x0001a578       0x2c zlib/gzio.o
                0x0001a578                gzflush
 .text.gzrewind
                0x0001a5a4       0x88 zlib/gzio.o
                0x0001a5a4                gzrewind
 .text.gzseek   0x0001a62c      0x1ec zlib/gzio.o
                0x0001a62c                gzseek
 .text.gztell   0x0001a818        0xc zlib/gzio.o
                0x0001a818                gztell
 .text.gzeof    0x0001a824       0x44 zlib/gzio.o
                0x0001a824                gzeof
 .text.gzdirect
                0x0001a868       0x1c zlib/gzio.o
                0x0001a868                gzdirect
 .text.gzclose  0x0001a884       0x90 zlib/gzio.o
                0x0001a884                gzclose
 .text.gzerror  0x0001a914      0x114 zlib/gzio.o
                0x0001a914                gzerror
 .text.gzclearerr
                0x0001aa28       0x28 zlib/gzio.o
                0x0001aa28                gzclearerr
 .text.inflate_fast
                0x0001aa50      0x578 zlib/inffast.o
                0x0001aa50                inflate_fast
 .text.syncsearch
                0x0001afc8       0xa0 zlib/inflate.o
 .text.updatewindow
                0x0001b068      0x148 zlib/inflate.o
 .text.inflateReset
                0x0001b1b0       0x80 zlib/inflate.o
                0x0001b1b0                inflateReset
 .text.inflatePrime
                0x0001b230       0x58 zlib/inflate.o
                0x0001b230                inflatePrime
 .text.inflateInit2_
                0x0001b288      0x110 zlib/inflate.o
                0x0001b288                inflateInit2_
 .text.inflateInit_
                0x0001b398       0x14 zlib/inflate.o
                0x0001b398                inflateInit_
 .text.inflate  0x0001b3ac     0x1750 zlib/inflate.o
                0x0001b3ac                inflate
 .text.inflateEnd
                0x0001cafc       0x60 zlib/inflate.o
                0x0001cafc                inflateEnd
 .text.inflateSetDictionary
                0x0001cb5c       0xf0 zlib/inflate.o
                0x0001cb5c                inflateSetDictionary
 .text.inflateGetHeader
                0x0001cc4c       0x3c zlib/inflate.o
                0x0001cc4c                inflateGetHeader
 .text.inflateSync
                0x0001cc88      0x140 zlib/inflate.o
                0x0001cc88                inflateSync
 .text.inflateSyncPoint
                0x0001cdc8       0x40 zlib/inflate.o
                0x0001cdc8                inflateSyncPoint
 .text.inflateCopy
                0x0001ce08      0x1a4 zlib/inflate.o
                0x0001ce08                inflateCopy
 .text.inflate_table
                0x0001cfac      0x578 zlib/inftrees.o
                0x0001cfac                inflate_table
 .text.pqdownheap
                0x0001d524      0x120 zlib/trees.o
 .text.build_tree
                0x0001d644      0x5ac zlib/trees.o
 .text.scan_tree
                0x0001dbf0      0x128 zlib/trees.o
 .text.send_tree
                0x0001dd18      0x5e0 zlib/trees.o
 .text.compress_block
                0x0001e2f8      0x490 zlib/trees.o
 .text.bi_windup
                0x0001e788       0x94 zlib/trees.o
 .text.bi_flush
                0x0001e81c       0xa4 zlib/trees.o
 .text._tr_init
                0x0001e8c0      0x110 zlib/trees.o
                0x0001e8c0                _tr_init
 .text._tr_stored_block
                0x0001e9d0      0x150 zlib/trees.o
                0x0001e9d0                _tr_stored_block
 .text._tr_align
                0x0001eb20      0x240 zlib/trees.o
                0x0001eb20                _tr_align
 .text._tr_flush_block
                0x0001ed60      0x67c zlib/trees.o
                0x0001ed60                _tr_flush_block
 .text.longest_match
                0x0001f3dc      0x2a0 zlib/deflate.o
 .text.longest_match_fast
                0x0001f67c      0x148 zlib/deflate.o
 .text.flush_pending
                0x0001f7c4       0x84 zlib/deflate.o
 .text.fill_window
                0x0001f848      0x218 zlib/deflate.o
 .text.deflate_slow
                0x0001fa60      0x554 zlib/deflate.o
 .text.deflate_fast
                0x0001ffb4      0x484 zlib/deflate.o
 .text.deflate_stored
                0x00020438      0x1a0 zlib/deflate.o
 .text.deflateSetDictionary
                0x000205d8      0x128 zlib/deflate.o
                0x000205d8                deflateSetDictionary
 .text.deflateReset
                0x00020700      0x150 zlib/deflate.o
                0x00020700                deflateReset
 .text.deflateSetHeader
                0x00020850       0x34 zlib/deflate.o
                0x00020850                deflateSetHeader
 .text.deflatePrime
                0x00020884       0x44 zlib/deflate.o
                0x00020884                deflatePrime
 .text.deflateTune
                0x000208c8       0x38 zlib/deflate.o
                0x000208c8                deflateTune
 .text.deflateBound
                0x00020900       0x48 zlib/deflate.o
                0x00020900                deflateBound
 .text.deflate  0x00020948      0xc6c zlib/deflate.o
                0x00020948                deflate
 .text.deflateParams
                0x000215b4       0xe4 zlib/deflate.o
                0x000215b4                deflateParams
 .text.deflateEnd
                0x00021698       0xf0 zlib/deflate.o
                0x00021698                deflateEnd
 .text.deflateInit2_
                0x00021788      0x294 zlib/deflate.o
                0x00021788                deflateInit2_
 .text.deflateInit_
                0x00021a1c       0x34 zlib/deflate.o
                0x00021a1c                deflateInit_
 .text.deflateCopy
                0x00021a50      0x208 zlib/deflate.o
                0x00021a50                deflateCopy
 .text.gf2_matrix_square
                0x00021c58       0x60 zlib/crc32.o
 .text.get_crc_table
                0x00021cb8        0xc zlib/crc32.o
                0x00021cb8                get_crc_table
 .text.crc32    0x00021cc4      0x388 zlib/crc32.o
                0x00021cc4                crc32
 .text.crc32_combine
                0x0002204c       0xf8 zlib/crc32.o
                0x0002204c                crc32_combine
 .text.adler32  0x00022144      0x348 zlib/adler32.o
                0x00022144                adler32
 .text.adler32_combine
                0x0002248c       0xac zlib/adler32.o
                0x0002248c                adler32_combine
 .text.zlibVersion
                0x00022538        0xc zlib/zutil.o
                0x00022538                zlibVersion
 .text.zlibCompileFlags
                0x00022544        0x8 zlib/zutil.o
                0x00022544                zlibCompileFlags
 .text.zError   0x0002254c       0x14 zlib/zutil.o
                0x0002254c                zError
 .text.zcalloc  0x00022560        0x8 zlib/zutil.o
                0x00022560                zcalloc
 .text.zcfree   0x00022568        0x8 zlib/zutil.o
                0x00022568                zcfree
 .text.compress2
                0x00022570       0xa0 zlib/compress.o
                0x00022570                compress2
 .text.compress
                0x00022610       0x1c zlib/compress.o
                0x00022610                compress
 .text.compressBound
                0x0002262c       0x10 zlib/compress.o
                0x0002262c                compressBound
 .text.uncompress
                0x0002263c       0xb8 zlib/uncompr.o
                0x0002263c                uncompress
 .text.openzip  0x000226f4      0x3f4 unzip/unzip.o
                0x000226f4                openzip
 .text.readzip  0x00022ae8      0x2b4 unzip/unzip.o
                0x00022ae8                readzip
 .text.closezip
                0x00022d9c       0x44 unzip/unzip.o
                0x00022d9c                closezip
 .text.seekcompresszip
                0x00022de0       0xfc unzip/unzip.o
                0x00022de0                seekcompresszip
 .text.zip2gz   0x00022edc      0x288 unzip/unzip_stream.o
                0x00022edc                zip2gz
 .text.gzerror2
                0x00023164       0x10 unzip/unzip_stream.o
                0x00023164                gzerror2
 .text          0x00023174     0x1da4 pico/draw_arm.o
                0x00023174                DrawLayer
                0x00023794                BackFill
                0x00023804                DrawTilesFromCache
                0x00023be0                DrawSpritesSHi
                0x0002430c                DrawAllSprites
                0x00024740                DrawWindow
                0x0002496c                FinalizeLineBGR444
                0x00024ae8                vidConvCpyRGB565
                0x00024b98                PicoDoHighPal555
                0x00024cec                FinalizeLine555
                0x00024e9c                blockcpy
                0x00024ebc                blockcpy_or
 .text          0x00024f18     0x226c pico/draw2_arm.o
                0x00024f18                BackFillFull
                0x00024f98                DrawLayerFull
                0x0002599c                DrawTilesFromCacheF
                0x0002620c                DrawWindowFull
                0x00026950                DrawSpriteFull
 *fill*         0x00027184        0xc 00000000
 .text          0x00027190      0x2e0 pico/memory_arm.o
                0x00027190                PicoRead8_sram
                0x00027218                PicoRead8_io
                0x0002728c                PicoRead16_sram
                0x00027300                PicoRead16_io
                0x0002737c                PicoWrite8_io
                0x000273f0                PicoWrite16_io
 .text          0x00027470     0x1050 pico/sound/ym2612_arm.o
                0x00027470                chan_render_loop
 .text          0x000284c0      0x1ac pico/misc_arm.o
                0x000284c0                memcpy16
                0x0002851c                memcpy16bswap
                0x000285ec                memcpy32
                0x00028630                memset32
 .text          0x0002866c      0x108 pico/cd/misc_arm.o
                0x0002866c                wram_2M_to_1M
                0x000286f0                wram_1M_to_2M
 .text          0x00028774      0x884 pico/cd/memory_arm.o
                0x0002877c                PicoReadM68k8_cell0
                0x00028784                PicoReadM68k8_cell1
                0x00028820                PicoRead8_mcd_io
                0x0002894c                PicoReadM68k16_cell0
                0x00028954                PicoReadM68k16_cell1
                0x000289f0                PicoRead16_mcd_io
                0x00028ad8                PicoWriteM68k8_cell0
                0x00028ae0                PicoWriteM68k8_cell1
                0x00028b80                PicoWrite8_mcd_io
                0x00028b90                PicoWriteM68k16_cell0
                0x00028b98                PicoWriteM68k16_cell1
                0x00028c38                PicoWrite16_mcd_io
                0x00028c74                PicoReadS68k8_dec0
                0x00028c7c                PicoReadS68k8_dec1
                0x00028ca4                PicoReadS68k8_pr
                0x00028d58                PicoReadS68k16_dec0
                0x00028d60                PicoReadS68k16_dec1
                0x00028d88                PicoReadS68k16_pr
                0x00028db0                PicoWriteS68k8_dec_m2b0
                0x00028db8                PicoWriteS68k8_dec_m0b0
                0x00028dc0                PicoWriteS68k8_dec_m2b1
                0x00028dc8                PicoWriteS68k8_dec_m0b1
                0x00028e00                PicoWriteS68k8_dec_m1b0
                0x00028e08                PicoWriteS68k8_dec_m1b1
                0x00028e4c                PicoWriteS68k8_pr
                0x00028ed8                PicoWriteS68k16_dec_m0b0
                0x00028ee0                PicoWriteS68k16_dec_m0b1
                0x00028f08                PicoWriteS68k16_dec_m1b0
                0x00028f10                PicoWriteS68k16_dec_m1b1
                0x00028f5c                PicoWriteS68k16_dec_m2b0
                0x00028f64                PicoWriteS68k16_dec_m2b1
                0x00028fb0                PicoWriteS68k16_pr
 *fill*         0x00028ff8        0x8 00000000
 .text          0x00029000      0x4b0 pico/sound/mix_arm.o
                0x00029000                mix_16h_to_32
                0x00029078                mix_16h_to_32_s1
                0x000290f4                mix_16h_to_32_s2
                0x00029170                mix_32_to_16l_stereo
                0x00029258                mix_32_to_16_mono
                0x000293a0                mix_32_to_16l_stereo_lvl
 .text.SekSyncM68k
                0x000294b0       0x6c pico/pico.o
 .text.PicoInit
                0x0002951c       0x58 pico/pico.o
                0x0002951c                PicoInit
 .text.PicoExit
                0x00029574       0x44 pico/pico.o
                0x00029574                PicoExit
 .text.PicoDetectRegion
                0x000295b8      0x188 pico/pico.o
                0x000295b8                PicoDetectRegion
 .text.PicoReset
                0x00029740      0x210 pico/pico.o
                0x00029740                PicoReset
 .text.PicoPower
                0x00029950      0x11c pico/pico.o
                0x00029950                PicoPower
 .text.PicoLoopPrepare
                0x00029a6c       0x8c pico/pico.o
                0x00029a6c                PicoLoopPrepare
 .text.CheckDMA
                0x00029af8       0xe4 pico/pico.o
                0x00029af8                CheckDMA
 .text.PicoSyncZ80
                0x00029bdc       0x74 pico/pico.o
                0x00029bdc                PicoSyncZ80
 .text.PicoFrame
                0x00029c50      0x930 pico/pico.o
                0x00029c50                PicoFrame
 .text.PicoFrameDrawOnly
                0x0002a580       0x34 pico/pico.o
                0x0002a580                PicoFrameDrawOnly
 .text.get_ext  0x0002a5b4       0x48 pico/cart.o
 .text.is_expr  0x0002a5fc       0xc8 pico/cart.o
 .text.rstrip   0x0002a6c4       0x40 pico/cart.o
 .text.rom_strcmp
                0x0002a704       0x9c pico/cart.o
 .text.unlikely.parse_3_vals
                0x0002a7a0       0xe4 pico/cart.o
 .text.pm_open  0x0002a884      0x3a4 pico/cart.o
                0x0002a884                pm_open
 .text.pm_read  0x0002ac28      0x3bc pico/cart.o
                0x0002ac28                pm_read
 .text.pm_seek  0x0002afe4      0x104 pico/cart.o
                0x0002afe4                pm_seek
 .text.pm_close
                0x0002b0e8       0x8c pico/cart.o
                0x0002b0e8                pm_close
 .text.Byteswap
                0x0002b174       0x48 pico/cart.o
                0x0002b174                Byteswap
 .text.parse_carthw
                0x0002b1bc      0xa60 pico/cart.o
 .text.PicoCartLoad
                0x0002bc1c      0x40c pico/cart.o
                0x0002bc1c                PicoCartLoad
 .text.PicoCartInsert
                0x0002c028      0x390 pico/cart.o
                0x0002c028                PicoCartInsert
 .text.PicoCartResize
                0x0002c3b8       0x48 pico/cart.o
                0x0002c3b8                PicoCartResize
 .text.PicoCartUnload
                0x0002c400       0x90 pico/cart.o
                0x0002c400                PicoCartUnload
 .text.m68k_unmapped_read8
                0x0002c490        0x8 pico/memory.o
 .text.m68k_unmapped_read16
                0x0002c498        0x8 pico/memory.o
 .text.m68k_unmapped_write8
                0x0002c4a0        0x4 pico/memory.o
 .text.m68k_unmapped_write16
                0x0002c4a4        0x4 pico/memory.o
 .text.read_pad_3btn
                0x0002c4a8       0x2c pico/memory.o
 .text.read_pad_6btn
                0x0002c4d4       0x88 pico/memory.o
 .text.read_nothing
                0x0002c55c        0x8 pico/memory.o
 .text.port_read
                0x0002c564       0x54 pico/memory.o
 .text.ym2612_read_local_z80
                0x0002c5b8       0x84 pico/memory.o
 .text.z80_md_vdp_read
                0x0002c63c        0x8 pico/memory.o
 .text.z80_md_in
                0x0002c644        0x8 pico/memory.o
 .text.z80_md_out
                0x0002c64c        0x4 pico/memory.o
 .text.xmap_set
                0x0002c650       0xec pico/memory.o
 .text.PicoRead16_vdp
                0x0002c73c       0x14 pico/memory.o
 .text.PicoRead8_vdp
                0x0002c750       0x14 pico/memory.o
 .text.get_scanline.part.0
                0x0002c764       0x7c pico/memory.o
 .text.PicoRead8_z80
                0x0002c7e0      0x120 pico/memory.o
 .text.PicoRead16_z80
                0x0002c900       0x10 pico/memory.o
 .text.z80_md_vdp_br_write
                0x0002c910       0x6c pico/memory.o
 .text.PicoWrite16_vdp
                0x0002c97c       0x38 pico/memory.o
 .text.PicoWrite8_vdp
                0x0002c9b4       0x3c pico/memory.o
 .text.PicoWrite16_sram
                0x0002c9f0       0x7c pico/memory.o
 .text.PicoWrite8_sram
                0x0002ca6c       0x7c pico/memory.o
 .text.z80_map_set
                0x0002cae8       0x2c pico/memory.o
                0x0002cae8                z80_map_set
 .text.cpu68k_map_set
                0x0002cb14       0x2c pico/memory.o
                0x0002cb14                cpu68k_map_set
 .text.cpu68k_map_all_ram
                0x0002cb40       0xb4 pico/memory.o
                0x0002cb40                cpu68k_map_all_ram
 .text.m68k_map_unmap
                0x0002cbf4       0xe8 pico/memory.o
                0x0002cbf4                m68k_map_unmap
 .text.m68k_read8
                0x0002ccdc       0x30 pico/memory.o
                0x0002ccdc                m68k_read8
 .text.z80_md_bank_read
                0x0002cd0c       0x30 pico/memory.o
 .text.m68k_read16
                0x0002cd3c       0x30 pico/memory.o
                0x0002cd3c                m68k_read16
 .text.m68k_write8
                0x0002cd6c       0x2c pico/memory.o
                0x0002cd6c                m68k_write8
 .text.z80_md_bank_write
                0x0002cd98       0x24 pico/memory.o
 .text.m68k_write16
                0x0002cdbc       0x2c pico/memory.o
                0x0002cdbc                m68k_write16
 .text.cyclone_crashed
                0x0002cde8       0x7c pico/memory.o
                0x0002cde8                cyclone_crashed
 .text.PicoSetInputDevice
                0x0002ce64       0x48 pico/memory.o
                0x0002ce64                PicoSetInputDevice
 .text.io_ports_read
                0x0002ceac       0x64 pico/memory.o
                0x0002ceac                io_ports_read
 .text.io_ports_write
                0x0002cf10       0x80 pico/memory.o
                0x0002cf10                io_ports_write
 .text.ctl_write_z80busreq
                0x0002cf90       0xd4 pico/memory.o
                0x0002cf90                ctl_write_z80busreq
 .text.ctl_write_z80reset
                0x0002d064      0x124 pico/memory.o
                0x0002d064                ctl_write_z80reset
 .text.PicoMemSetup
                0x0002d188      0x5fc pico/memory.o
                0x0002d188                PicoMemSetup
 .text.ym2612_sync_timers
                0x0002d784      0x130 pico/memory.o
                0x0002d784                ym2612_sync_timers
 .text.ym2612_write_local
                0x0002d8b4      0x3c8 pico/memory.o
 .text.PicoWrite8_z80
                0x0002dc7c      0x110 pico/memory.o
 .text.PicoWrite16_z80
                0x0002dd8c        0x8 pico/memory.o
 .text.z80_md_ym2612_write
                0x0002dd94       0x3c pico/memory.o
 .text.ym2612_pack_state
                0x0002ddd0       0xd8 pico/memory.o
                0x0002ddd0                ym2612_pack_state
 .text.ym2612_unpack_state
                0x0002dea8      0x248 pico/memory.o
                0x0002dea8                ym2612_unpack_state
 .text.write_chunk
                0x0002e0f0       0x8c pico/state.o
 .text.gzWrite2
                0x0002e17c       0x14 pico/state.o
 .text.gzRead2  0x0002e190       0x14 pico/state.o
 .text.state_save
                0x0002e1a4      0xdc8 pico/state.o
 .text.state_load
                0x0002ef6c     0x1774 pico/state.o
 .text.pico_state_internal.part.2
                0x000306e0      0x26c pico/state.o
 .text.open_save_file
                0x0003094c      0x13c pico/state.o
 .text.PicoState
                0x00030a88       0x54 pico/state.o
                0x00030a88                PicoState
 .text.PicoStateLoadGfx
                0x00030adc      0x730 pico/state.o
                0x00030adc                PicoStateLoadGfx
 .text.PicoTmpStateSave
                0x0003120c       0xec pico/state.o
                0x0003120c                PicoTmpStateSave
 .text.PicoTmpStateRestore
                0x000312f8      0x108 pico/state.o
                0x000312f8                PicoTmpStateRestore
 .text.SekIntAck
                0x00031400       0x54 pico/sek.o
 .text.SekResetAck
                0x00031454        0x4 pico/sek.o
 .text.SekUnrecognizedOpcode
                0x00031458       0x84 pico/sek.o
 .text.SekInit  0x000314dc       0x50 pico/sek.o
                0x000314dc                SekInit
 .text.SekReset
                0x0003152c       0x3c pico/sek.o
                0x0003152c                SekReset
 .text.SekStepM68k
                0x00031568       0x50 pico/sek.o
                0x00031568                SekStepM68k
 .text.SekSetRealTAS
                0x000315b8        0x4 pico/sek.o
                0x000315b8                SekSetRealTAS
 .text.SekPackCpu
                0x000315bc       0xb0 pico/sek.o
                0x000315bc                SekPackCpu
 .text.SekUnpackCpu
                0x0003166c       0xc4 pico/sek.o
                0x0003166c                SekUnpackCpu
 .text.SekInitIdleDet
                0x00031730       0x68 pico/sek.o
                0x00031730                SekInitIdleDet
 .text.SekIsIdleReady
                0x00031798       0x30 pico/sek.o
                0x00031798                SekIsIdleReady
 .text.SekIsIdleCode
                0x000317c8      0x1e0 pico/sek.o
                0x000317c8                SekIsIdleCode
 .text.SekRegisterIdlePatch
                0x000319a8       0xac pico/sek.o
                0x000319a8                SekRegisterIdlePatch
 .text.SekFinishIdleDet
                0x00031a54       0xcc pico/sek.o
                0x00031a54                SekFinishIdleDet
 .text.dz80_rebase_sp
                0x00031b20       0x68 pico/z80if.o
 .text.dz80_rebase_pc
                0x00031b88       0x54 pico/z80if.o
 .text.drz80_load_pcsp
                0x00031bdc       0xe0 pico/z80if.o
 .text.z80_init
                0x00031cbc       0x50 pico/z80if.o
                0x00031cbc                z80_init
 .text.z80_reset
                0x00031d0c       0x8c pico/z80if.o
                0x00031d0c                z80_reset
 .text.z80_pack
                0x00031d98      0x164 pico/z80if.o
                0x00031d98                z80_pack
 .text.z80_unpack
                0x00031efc      0x240 pico/z80if.o
                0x00031efc                z80_unpack
 .text.z80_exit
                0x0003213c        0x4 pico/z80if.o
                0x0003213c                z80_exit
 .text.z80_debug
                0x00032140       0x34 pico/z80if.o
                0x00032140                z80_debug
 .text.VideoRead
                0x00032174       0x9c pico/videoport.o
 .text.CommandChange
                0x00032210      0x528 pico/videoport.o
 .text.DrawSync
                0x00032738       0x60 pico/videoport.o
 .text.PicoVideoWrite
                0x00032798      0x560 pico/videoport.o
                0x00032798                PicoVideoWrite
 .text.PicoVideoRead
                0x00032cf8      0x12c pico/videoport.o
                0x00032cf8                PicoVideoRead
 .text.PicoVideoRead8
                0x00032e24      0x168 pico/videoport.o
                0x00032e24                PicoVideoRead8
 .text.DrawAllSpritesFull
                0x00032f8c      0x1d4 pico/draw2.o
 .text.PicoFrameFull
                0x00033160      0x3d4 pico/draw2.o
                0x00033160                PicoFrameFull
 .text.TileNorm
                0x00033534       0xb4 pico/draw.o
 .text.TileFlip
                0x000335e8       0xb4 pico/draw.o
 .text.TileNormAS
                0x0003369c      0x120 pico/draw.o
 .text.TileFlipAS
                0x000337bc      0x120 pico/draw.o
 .text.TileNormAS_noop
                0x000338dc      0x160 pico/draw.o
 .text.TileFlipAS_noop
                0x00033a3c      0x160 pico/draw.o
 .text.TileNormAS_onlymark
                0x00033b9c       0xe0 pico/draw.o
 .text.TileFlipAS_onlymark
                0x00033c7c       0xe0 pico/draw.o
 .text.FinalizeLine8bit
                0x00033d5c      0x144 pico/draw.o
 .text.DrawAllSpritesInterlace.isra.0
                0x00033ea0      0x218 pico/draw.o
 .text.PicoLine
                0x000340b8      0x760 pico/draw.o
 .text.DrawStripInterlace
                0x00034818      0x178 pico/draw.o
                0x00034818                DrawStripInterlace
 .text.PrepareSprites
                0x00034990      0x54c pico/draw.o
                0x00034990                PrepareSprites
 .text.PicoFrameStart
                0x00034edc      0x144 pico/draw.o
                0x00034edc                PicoFrameStart
 .text.PicoDrawSync
                0x00035020      0x13c pico/draw.o
                0x00035020                PicoDrawSync
 .text.PicoDrawUpdateHighPal
                0x0003515c       0x78 pico/draw.o
                0x0003515c                PicoDrawUpdateHighPal
 .text.PicoDrawSetOutFormat
                0x000351d4       0x9c pico/draw.o
                0x000351d4                PicoDrawSetOutFormat
 .text.PicoDrawSetOutBuf
                0x00035270       0x30 pico/draw.o
                0x00035270                PicoDrawSetOutBuf
 .text.PicoDrawSetInternalBuf
                0x000352a0       0x50 pico/draw.o
                0x000352a0                PicoDrawSetInternalBuf
 .text.PicoDrawSetCallbacks
                0x000352f0       0x70 pico/draw.o
                0x000352f0                PicoDrawSetCallbacks
 .text.TileNormM4
                0x00035360      0x19c pico/mode4.o
 .text.draw_strip
                0x000354fc      0x258 pico/mode4.o
 .text.FinalizeLine8bitM4
                0x00035754       0x38 pico/mode4.o
 .text.PicoFrameStartMode4
                0x0003578c       0xf8 pico/mode4.o
                0x0003578c                PicoFrameStartMode4
 .text.PicoLineMode4
                0x00035884      0x388 pico/mode4.o
                0x00035884                PicoLineMode4
 .text.PicoDoHighPal555M4
                0x00035c0c       0x9c pico/mode4.o
                0x00035c0c                PicoDoHighPal555M4
 .text.FinalizeLineRGB555M4
                0x00035ca8       0x38 pico/mode4.o
 .text.PicoDrawSetOutputMode4
                0x00035ce0       0x4c pico/mode4.o
                0x00035ce0                PicoDrawSetOutputMode4
 .text.EEPROM_write_do
                0x00035d2c      0x278 pico/eeprom.o
 .text.EEPROM_write16
                0x00035fa4       0xec pico/eeprom.o
                0x00035fa4                EEPROM_write16
 .text.EEPROM_write8
                0x00036090       0x38 pico/eeprom.o
                0x00036090                EEPROM_write8
 .text.EEPROM_read
                0x000360c8      0x128 pico/eeprom.o
                0x000360c8                EEPROM_read
 .text.genie_decode
                0x000361f0      0x158 pico/patch.o
 .text.PicoPatchUnload
                0x00036348       0x30 pico/patch.o
                0x00036348                PicoPatchUnload
 .text.PicoPatchLoad
                0x00036378      0x504 pico/patch.o
                0x00036378                PicoPatchLoad
 .text.PicoPatchPrepare
                0x0003687c       0x8c pico/patch.o
                0x0003687c                PicoPatchPrepare
 .text.PicoPatchApply
                0x00036908       0xbc pico/patch.o
                0x00036908                PicoPatchApply
 .text.PDebugMain
                0x000369c4      0x480 pico/debug.o
                0x000369c4                PDebugMain
 .text.PDebug32x
                0x00036e44      0x2f4 pico/debug.o
                0x00036e44                PDebug32x
 .text.PDebugSpriteList
                0x00037138      0x134 pico/debug.o
                0x00037138                PDebugSpriteList
 .text.PDebugShowSpriteStats
                0x0003726c      0x1a4 pico/debug.o
                0x0003726c                PDebugShowSpriteStats
 .text.PDebugShowPalette
                0x00037410      0x150 pico/debug.o
                0x00037410                PDebugShowPalette
 .text.PDebugShowSprite
                0x00037560      0x214 pico/debug.o
                0x00037560                PDebugShowSprite
 .text.PDebugDumpMem
                0x00037774      0x96c pico/debug.o
                0x00037774                PDebugDumpMem
 .text.PDebugZ80Frame
                0x000380e0      0x2fc pico/debug.o
                0x000380e0                PDebugZ80Frame
 .text.PDebugCPUStep
                0x000383dc       0x28 pico/debug.o
                0x000383dc                PDebugCPUStep
 .text.get_ext  0x00038404       0x64 pico/media.o
 .text.PicoCdCheck
                0x00038468      0x294 pico/media.o
                0x00038468                PicoCdCheck
 .text.PicoLoadMedia
                0x000386fc      0x5a8 pico/media.o
                0x000386fc                PicoLoadMedia
 .text.z80_sms_in
                0x00038ca4      0x14c pico/sms.o
 .text.write_bank
                0x00038df0      0x134 pico/sms.o
 .text.xwrite   0x00038f24       0x40 pico/sms.o
 .text.z80_sms_out
                0x00038f64      0x170 pico/sms.o
 .text.PicoResetMS
                0x000390d4       0x10 pico/sms.o
                0x000390d4                PicoResetMS
 .text.PicoPowerMS
                0x000390e4       0xec pico/sms.o
                0x000390e4                PicoPowerMS
 .text.PicoMemSetupMS
                0x000391d0      0x114 pico/sms.o
                0x000391d0                PicoMemSetupMS
 .text.PicoStateLoadedMS
                0x000392e4       0x40 pico/sms.o
                0x000392e4                PicoStateLoadedMS
 .text.PicoFrameMS
                0x00039324      0x208 pico/sms.o
                0x00039324                PicoFrameMS
 .text.PicoFrameDrawOnlyMS
                0x0003952c       0x24 pico/sms.o
                0x0003952c                PicoFrameDrawOnlyMS
 .text.pcd_run_events
                0x00039550       0x98 pico/cd/mcd.o
 .text.pcd_dma_event
                0x000395e8        0x4 pico/cd/mcd.o
 .text.pcd_int3_timer_event
                0x000395ec       0xa8 pico/cd/mcd.o
 .text.pcd_cdc_event
                0x00039694       0xb8 pico/cd/mcd.o
 .text.PicoInitMCD
                0x0003974c        0x4 pico/cd/mcd.o
                0x0003974c                PicoInitMCD
 .text.PicoExitMCD
                0x00039750        0x4 pico/cd/mcd.o
                0x00039750                PicoExitMCD
 .text.PicoPowerMCD
                0x00039754      0x15c pico/cd/mcd.o
                0x00039754                PicoPowerMCD
 .text.PicoResetMCD
                0x000398b0       0x68 pico/cd/mcd.o
                0x000398b0                PicoResetMCD
 .text.pcd_event_schedule
                0x00039918       0x50 pico/cd/mcd.o
                0x00039918                pcd_event_schedule
 .text.pcd_event_schedule_s68k
                0x00039968       0x94 pico/cd/mcd.o
                0x00039968                pcd_event_schedule_s68k
 .text.pcd_soft_reset
                0x000399fc       0x80 pico/cd/mcd.o
                0x000399fc                pcd_soft_reset
 .text.pcd_sync_s68k
                0x00039a7c      0x188 pico/cd/mcd.o
                0x00039a7c                pcd_sync_s68k
 .text.pcd_run_cpus
                0x00039c04      0x14c pico/cd/mcd.o
                0x00039c04                pcd_run_cpus
 .text.pcd_prepare_frame
                0x00039d50       0x58 pico/cd/mcd.o
                0x00039d50                pcd_prepare_frame
 .text.PicoFrameMCD
                0x00039da8      0x97c pico/cd/mcd.o
                0x00039da8                PicoFrameMCD
 .text.pcd_state_loaded
                0x0003a724      0x1c4 pico/cd/mcd.o
                0x0003a724                pcd_state_loaded
 .text.s68k_unmapped_read8
                0x0003a8e8        0x8 pico/cd/memory.o
 .text.s68k_unmapped_read16
                0x0003a8f0        0x8 pico/cd/memory.o
 .text.s68k_unmapped_write8
                0x0003a8f8        0x4 pico/cd/memory.o
 .text.s68k_unmapped_write16
                0x0003a8fc        0x4 pico/cd/memory.o
 .text.PicoWriteS68k8_prgwp
                0x0003a900       0x38 pico/cd/memory.o
 .text.PicoWriteS68k16_prgwp
                0x0003a938       0x30 pico/cd/memory.o
 .text.PicoReadS68k8_bram
                0x0003a968       0x28 pico/cd/memory.o
 .text.PicoReadS68k16_bram
                0x0003a990       0x38 pico/cd/memory.o
 .text.PicoWriteS68k8_bram
                0x0003a9c8       0x40 pico/cd/memory.o
 .text.PicoWriteS68k16_bram
                0x0003aa08       0x50 pico/cd/memory.o
 .text.PicoReadM68k8_ramc
                0x0003aa58       0x98 pico/cd/memory.o
 .text.PicoReadM68k16_ramc
                0x0003aaf0        0x8 pico/cd/memory.o
 .text.PicoWriteM68k8_ramc
                0x0003aaf8       0x8c pico/cd/memory.o
 .text.PicoWriteM68k16_ramc
                0x0003ab84        0x8 pico/cd/memory.o
 .text.remap_prg_window
                0x0003ab8c       0x4c pico/cd/memory.o
 .text.remap_word_ram
                0x0003abd8      0x1bc pico/cd/memory.o
 .text.m68k_comm_check
                0x0003ad94       0xe4 pico/cd/memory.o
                0x0003ad94                m68k_comm_check
 .text.m68k_reg_write8
                0x0003ae78      0x318 pico/cd/memory.o
                0x0003ae78                m68k_reg_write8
 .text.s68k_poll_detect
                0x0003b190       0xe8 pico/cd/memory.o
                0x0003b190                s68k_poll_detect
 .text.s68k_reg_read16
                0x0003b278      0x3f4 pico/cd/memory.o
                0x0003b278                s68k_reg_read16
 .text.s68k_reg_write8
                0x0003b66c      0x49c pico/cd/memory.o
                0x0003b66c                s68k_reg_write8
 .text.s68k_reg_write16
                0x0003bb08      0x31c pico/cd/memory.o
                0x0003bb08                s68k_reg_write16
 .text.pcd_state_loaded_mem
                0x0003be24       0x84 pico/cd/memory.o
                0x0003be24                pcd_state_loaded_mem
 .text.PicoMemSetupCD
                0x0003bea8      0x398 pico/cd/memory.o
                0x0003bea8                PicoMemSetupCD
 .text.SekIntAckS68k
                0x0003c240       0x78 pico/cd/sek.o
 .text.SekResetAckS68k
                0x0003c2b8        0x4 pico/cd/sek.o
 .text.SekUnrecognizedOpcodeS68k
                0x0003c2bc        0x8 pico/cd/sek.o
 .text.SekInitS68k
                0x0003c2c4       0x44 pico/cd/sek.o
                0x0003c2c4                SekInitS68k
 .text.SekResetS68k
                0x0003c308       0x3c pico/cd/sek.o
                0x0003c308                SekResetS68k
 .text.SekInterruptS68k
                0x0003c344       0x60 pico/cd/sek.o
                0x0003c344                SekInterruptS68k
 .text.SekInterruptClearS68k
                0x0003c3a4       0x74 pico/cd/sek.o
                0x0003c3a4                SekInterruptClearS68k
 .text.cdc_init
                0x0003c418       0x18 pico/cd/cdc.o
                0x0003c418                cdc_init
 .text.cdc_reset
                0x0003c430       0x88 pico/cd/cdc.o
                0x0003c430                cdc_reset
 .text.cdc_context_save
                0x0003c4b8       0x78 pico/cd/cdc.o
                0x0003c4b8                cdc_context_save
 .text.cdc_context_load
                0x0003c530       0xc8 pico/cd/cdc.o
                0x0003c530                cdc_context_load
 .text.cdc_context_load_old
                0x0003c5f8      0x130 pico/cd/cdc.o
                0x0003c5f8                cdc_context_load_old
 .text.cdc_dma_update
                0x0003c728      0x328 pico/cd/cdc.o
                0x0003c728                cdc_dma_update
 .text.cdc_decoder_update
                0x0003ca50       0xfc pico/cd/cdc.o
                0x0003ca50                cdc_decoder_update
 .text.cdc_reg_w
                0x0003cb4c      0x3c0 pico/cd/cdc.o
                0x0003cb4c                cdc_reg_w
 .text.cdc_reg_r
                0x0003cf0c      0x238 pico/cd/cdc.o
                0x0003cf0c                cdc_reg_r
 .text.cdc_host_r
                0x0003d144       0xfc pico/cd/cdc.o
                0x0003d144                cdc_host_r
 .text.cdd_change_track
                0x0003d240       0x98 pico/cd/cdd.o
 .text.cdd_reset
                0x0003d2d8       0x44 pico/cd/cdd.o
                0x0003d2d8                cdd_reset
 .text.cdd_context_save
                0x0003d31c       0x50 pico/cd/cdd.o
                0x0003d31c                cdd_context_save
 .text.cdd_context_load
                0x0003d36c       0x9c pico/cd/cdd.o
                0x0003d36c                cdd_context_load
 .text.cdd_context_load_old
                0x0003d408       0x18 pico/cd/cdd.o
                0x0003d408                cdd_context_load_old
 .text.cdd_unload
                0x0003d420      0x110 pico/cd/cdd.o
                0x0003d420                cdd_unload
 .text.cdd_load
                0x0003d530      0x368 pico/cd/cdd.o
                0x0003d530                cdd_load
 .text.cdd_read_data
                0x0003d898       0x60 pico/cd/cdd.o
                0x0003d898                cdd_read_data
 .text.cdd_update
                0x0003d8f8      0x294 pico/cd/cdd.o
                0x0003d8f8                cdd_update
 .text.cdd_process
                0x0003db8c      0xfd4 pico/cd/cdd.o
                0x0003db8c                cdd_process
 .text.handle_mp3
                0x0003eb60      0x10c pico/cd/cd_image.o
 .text.sprintf_lba.constprop.0
                0x0003ec6c       0x7c pico/cd/cd_image.o
 .text.load_cd_image
                0x0003ece8      0x698 pico/cd/cd_image.o
                0x0003ece8                load_cd_image
 .text.get_token
                0x0003f380      0x100 pico/cd/cue.o
 .text.file_openable
                0x0003f480       0x2c pico/cd/cue.o
 .text.cue_parse
                0x0003f4ac      0xb78 pico/cd/cue.o
                0x0003f4ac                cue_parse
 .text.cue_destroy
                0x00040024       0x50 pico/cd/cue.o
                0x00040024                cue_destroy
 .text.gfx_init
                0x00040074      0x154 pico/cd/gfx.o
                0x00040074                gfx_init
 .text.gfx_context_save
                0x000401c8       0x9c pico/cd/gfx.o
                0x000401c8                gfx_context_save
 .text.gfx_context_load
                0x00040264       0x90 pico/cd/gfx.o
                0x00040264                gfx_context_load
 .text.gfx_start
                0x000402f4      0x210 pico/cd/gfx.o
                0x000402f4                gfx_start
 .text.gfx_update
                0x00040504      0x38c pico/cd/gfx.o
                0x00040504                gfx_update
 .text.cell_map
                0x00040890       0x70 pico/cd/gfx_dma.o
 .text.DmaSlowCell
                0x00040900      0x188 pico/cd/gfx_dma.o
                0x00040900                DmaSlowCell
 .text.pcd_pcm_sync
                0x00040a88      0x228 pico/cd/pcm.o
                0x00040a88                pcd_pcm_sync
 .text.pcd_pcm_write
                0x00040cb0       0xf0 pico/cd/pcm.o
                0x00040cb0                pcd_pcm_write
 .text.pcd_pcm_read
                0x00040da0       0x8c pico/cd/pcm.o
                0x00040da0                pcd_pcm_read
 .text.pcd_pcm_update
                0x00040e2c      0x180 pico/cd/pcm.o
                0x00040e2c                pcd_pcm_update
 .text.sh2_irq_cb
                0x00040fac       0x30 pico/32x/32x.o
 .text.p32x_run_events
                0x00040fdc       0x98 pico/32x/32x.o
 .text.fillend_event
                0x00041074       0x48 pico/32x/32x.o
 .text.SekSyncM68k
                0x000410bc       0x6c pico/32x/32x.o
 .text.p32x_update_irls
                0x00041128      0x198 pico/32x/32x.o
                0x00041128                p32x_update_irls
 .text.p32x_trigger_irq
                0x000412c0       0x50 pico/32x/32x.o
                0x000412c0                p32x_trigger_irq
 .text.p32x_update_cmd_irq
                0x00041310       0x78 pico/32x/32x.o
                0x00041310                p32x_update_cmd_irq
 .text.Pico32xStartup
                0x00041388       0xf4 pico/32x/32x.o
                0x00041388                Pico32xStartup
 .text.p32x_reset_sh2s
                0x0004147c      0x1bc pico/32x/32x.o
                0x0004147c                p32x_reset_sh2s
 .text.Pico32xInit
                0x00041638       0x84 pico/32x/32x.o
                0x00041638                Pico32xInit
 .text.PicoPower32x
                0x000416bc       0x30 pico/32x/32x.o
                0x000416bc                PicoPower32x
 .text.PicoUnload32x
                0x000416ec       0x5c pico/32x/32x.o
                0x000416ec                PicoUnload32x
 .text.PicoReset32x
                0x00041748       0x74 pico/32x/32x.o
                0x00041748                PicoReset32x
 .text.p32x_event_schedule
                0x000417bc       0x40 pico/32x/32x.o
                0x000417bc                p32x_event_schedule
 .text.p32x_event_schedule_sh2
                0x000417fc       0x98 pico/32x/32x.o
                0x000417fc                p32x_event_schedule_sh2
 .text.p32x_schedule_hint
                0x00041894       0xa8 pico/32x/32x.o
                0x00041894                p32x_schedule_hint
 .text.hint_event
                0x0004193c       0x28 pico/32x/32x.o
 .text.p32x_sync_other_sh2
                0x00041964      0x108 pico/32x/32x.o
                0x00041964                p32x_sync_other_sh2
 .text.p32x_sync_sh2s
                0x00041a6c      0x318 pico/32x/32x.o
                0x00041a6c                p32x_sync_sh2s
 .text.PicoFrame32x
                0x00041d84      0xe64 pico/32x/32x.o
                0x00041d84                PicoFrame32x
 .text.Pico32xSetClocks
                0x00042be8       0xa4 pico/32x/32x.o
                0x00042be8                Pico32xSetClocks
 .text.Pico32xStateLoaded
                0x00042c8c       0x64 pico/32x/32x.o
                0x00042c8c                Pico32xStateLoaded
 .text.sh2_poll_detect
                0x00042cf0       0x88 pico/32x/memory.o
 .text.p32x_vdp_read16
                0x00042d78       0x40 pico/32x/memory.o
 .text.m68k_write16_dram0_ow
                0x00042db8       0x4c pico/32x/memory.o
 .text.m68k_write16_dram1_ow
                0x00042e04       0x4c pico/32x/memory.o
 .text.PicoWrite8_hint
                0x00042e50       0x34 pico/32x/memory.o
 .text.sh2_read8_unmapped
                0x00042e84        0x8 pico/32x/memory.o
 .text.sh2_read8_da
                0x00042e8c       0x14 pico/32x/memory.o
 .text.sh2_read16_unmapped
                0x00042ea0        0x8 pico/32x/memory.o
 .text.sh2_read16_da
                0x00042ea8       0x18 pico/32x/memory.o
 .text.sh2_write_ignore
                0x00042ec0        0x4 pico/32x/memory.o
 .text.sh2_write8_unmapped
                0x00042ec4        0x4 pico/32x/memory.o
 .text.sh2_write16_unmapped
                0x00042ec8        0x4 pico/32x/memory.o
 .text.sh2_write16_dram0
                0x00042ecc       0x4c pico/32x/memory.o
 .text.sh2_write16_dram1
                0x00042f18       0x4c pico/32x/memory.o
 .text.bank_map_handler
                0x00042f64       0x5c pico/32x/memory.o
 .text.PicoRead16_bank
                0x00042fc0       0x1c pico/32x/memory.o
 .text.PicoRead8_bank
                0x00042fdc       0x1c pico/32x/memory.o
 .text.z80_md_bank_write_32x
                0x00042ff8       0x50 pico/32x/memory.o
 .text.PicoWrite8_bank
                0x00043048       0x20 pico/32x/memory.o
 .text.PicoWrite8_cart
                0x00043068       0x10 pico/32x/memory.o
 .text.sh2_write16_da
                0x00043078       0x50 pico/32x/memory.o
 .text.sh2_write8_da
                0x000430c8       0x58 pico/32x/memory.o
 .text.sh2_write16_sdram
                0x00043120       0x4c pico/32x/memory.o
 .text.sh2_write8_sdram
                0x0004316c       0x50 pico/32x/memory.o
 .text.sh2_write8_sdram_wt
                0x000431bc       0x50 pico/32x/memory.o
 .text.p32x_sh2reg_write8
                0x0004320c      0x404 pico/32x/memory.o
 .text.PicoWrite16_bank
                0x00043610       0x20 pico/32x/memory.o
 .text.PicoWrite16_cart
                0x00043630       0x10 pico/32x/memory.o
 .text.m68k_write8_dram0_ow
                0x00043640       0x30 pico/32x/memory.o
 .text.m68k_write8_dram1_ow
                0x00043670       0x30 pico/32x/memory.o
 .text.PicoWrite16_hint
                0x000436a0       0x34 pico/32x/memory.o
 .text.sh2_write8_dram0
                0x000436d4       0x30 pico/32x/memory.o
 .text.sh2_write8_dram1
                0x00043704       0x30 pico/32x/memory.o
 .text.bank_switch.part.5
                0x00043734       0xd4 pico/32x/memory.o
 .text.sh2s_sync_on_read.part.7
                0x00043808       0x30 pico/32x/memory.o
 .text.p32x_sh2reg_read16
                0x00043838      0x1fc pico/32x/memory.o
 .text.sh2_read16_cs0
                0x00043a34      0x100 pico/32x/memory.o
 .text.sh2_read8_cs0
                0x00043b34      0x114 pico/32x/memory.o
 .text.dreq0_write.constprop.15
                0x00043c48       0x94 pico/32x/memory.o
 .text.p32x_reg_write8
                0x00043cdc      0x464 pico/32x/memory.o
 .text.p32x_reg_write16
                0x00044140      0x380 pico/32x/memory.o
 .text.p32x_reg_read16
                0x000444c0      0x1b0 pico/32x/memory.o
 .text.PicoRead16_32x_on
                0x00044670       0xd8 pico/32x/memory.o
 .text.PicoRead8_32x_on
                0x00044748       0xf0 pico/32x/memory.o
 .text.p32x_sh2_poll_event
                0x00044838       0x34 pico/32x/memory.o
                0x00044838                p32x_sh2_poll_event
 .text.PicoRead8_32x
                0x0004486c       0x5c pico/32x/memory.o
                0x0004486c                PicoRead8_32x
 .text.PicoRead16_32x
                0x000448c8       0x6c pico/32x/memory.o
                0x000448c8                PicoRead16_32x
 .text.PicoWrite8_32x
                0x00044934       0x88 pico/32x/memory.o
                0x00044934                PicoWrite8_32x
 .text.PicoWrite16_32x
                0x000449bc       0x80 pico/32x/memory.o
                0x000449bc                PicoWrite16_32x
 .text.p32x_sh2_read8
                0x00044a3c       0x40 pico/32x/memory.o
                0x00044a3c                p32x_sh2_read8
 .text.p32x_sh2_read16
                0x00044a7c       0x44 pico/32x/memory.o