Archive member included because of file (symbol)

/usr/lib/gcc/arm-linux-gnueabihf/4.7/libgcc.a(_divsi3.o)
                              platform/common/menu_pico.o (__aeabi_idiv)
/usr/lib/gcc/arm-linux-gnueabihf/4.7/libgcc.a(_aeabi_ldivmod.o)
                              pico/32x/sh2soc.o (__aeabi_ldivmod)
/usr/lib/gcc/arm-linux-gnueabihf/4.7/libgcc.a(_dvmd_lnx.o)
                              /usr/lib/gcc/arm-linux-gnueabihf/4.7/libgcc.a(_divsi3.o) (__aeabi_idiv0)
/usr/lib/gcc/arm-linux-gnueabihf/4.7/libgcc.a(bpabi.o)
                              /usr/lib/gcc/arm-linux-gnueabihf/4.7/libgcc.a(_aeabi_ldivmod.o) (__gnu_ldivmod_helper)
/usr/lib/gcc/arm-linux-gnueabihf/4.7/libgcc.a(_divdi3.o)
                              /usr/lib/gcc/arm-linux-gnueabihf/4.7/libgcc.a(bpabi.o) (__divdi3)
/usr/lib/gcc/arm-linux-gnueabihf/4.7/libgcc.a(_udivdi3.o)
                              /usr/lib/gcc/arm-linux-gnueabihf/4.7/libgcc.a(bpabi.o) (__udivdi3)
/usr/lib/gcc/arm-linux-gnueabihf/4.7/libgcc.a(_udivsi3.o)
                              /usr/lib/gcc/arm-linux-gnueabihf/4.7/libgcc.a(_divdi3.o) (__aeabi_uidiv)
/usr/lib/arm-linux-gnueabihf/libc_nonshared.a(elf-init.oS)
                              /usr/lib/gcc/arm-linux-gnueabihf/4.7/../../../arm-linux-gnueabihf/crt1.o (__libc_csu_init)

Allocating common symbols
Common symbol       size              file

timer_a_step        0x4               pico/sound/sound.o
media_id_header     0x100             pico/media.o
p32x_bios_s         0x4               pico/32x/memory.o
plat_sdl_screen     0x4               platform/libpicofe/plat_sdl.o
timer_b_next_oflow  0x4               pico/sound/sound.o
HighPreSpr          0x284             pico/draw.o
Pico32xMem          0x4               platform/linux/emu.o
s68k_read16_map     0x400             pico/cd/memory.o
z80_scanline        0x4               pico/pico.o
z80_read_map        0x20              pico/z80if.o
emustatus           0x4               pico/pico.o
Pico32x             0xc0              pico/32x/32x.o
PicoQuirks          0x4               pico/pico.o
PicoCpuCM68k        0xb0              pico/sek.o
SekCycleAim         0x4               pico/sek.o
s68k_read8_map      0x400             pico/cd/memory.o
timer_b_step        0x4               pico/sound/sound.o
in_evdev_allow_abs_only
                    0x4               platform/libpicofe/linux/in_evdev.o
z80_cycle_aim       0x4               pico/pico.o
sh2s                0x25b8            pico/32x/32x.o
PicoSkipFrame       0x4               pico/pico.o
rendstatus_old      0x4               pico/draw.o
g_screen_ptr        0x4               platform/common/emu.o
p32x_bios_m         0x4               pico/32x/memory.o
g_menuscreen_h      0x4               platform/common/menu_pico.o
PicoStateProgressCB
                    0x4               pico/state.o
DrawScanline        0x4               pico/draw.o
m68k_read16_map     0x400             pico/memory.o
g_argv              0x4               platform/common/main.o
Pico32xDrawMode     0x4               pico/32x/draw.o
z80_scanline_cycles
                    0x4               pico/pico.o
PicoPadInt          0x8               pico/pico.o
PicoAutoRgnOrder    0x4               pico/pico.o
plat_sdl_quit_cb    0x4               platform/libpicofe/plat_sdl.o
g_menubg_ptr        0x4               platform/common/menu_pico.o
s68k_write16_map    0x400             pico/cd/memory.o
g_menuscreen_w      0x4               platform/common/menu_pico.o
PicoScan32xEnd      0x4               pico/32x/draw.o
PicoScan32xBegin    0x4               pico/32x/draw.o
rom_fname_loaded    0x200             platform/common/emu.o
PicoGameLoaded      0x4               pico/cart.o
HighPal             0x200             pico/draw.o
p32x_bios_g         0x4               pico/32x/memory.o
PicoPicohw          0x208             pico/pico/pico.o
sndout_current      0x1c              platform/libpicofe/sndout.o
g_autostateld_opt   0x4               platform/common/menu_pico.o
timer_a_next_oflow  0x4               pico/sound/sound.o
flip_after_sync     0x4               platform/common/emu.o
plat_sdl_gl_active  0x4               platform/libpicofe/plat_sdl.o
Pico                0x222c8           pico/pico.o
plat_sdl_resize_cb  0x4               platform/libpicofe/plat_sdl.o
PicoCpuCS68k        0xb0              pico/cd/sek.o
PicoRegionOverride  0x4               pico/pico.o
cdd                 0x66c             pico/cd/cdd.o
ym_tl_tab           0x34000           pico/sound/ym2612.o
DrawLineDestIncrement
                    0x4               pico/draw.o
line_base_cycles    0x4               pico/videoport.o
p_av_init_packet    0x4               platform/common/mp3_libavcodec.o
s68k_write8_map     0x400             pico/cd/memory.o
plat_sdl_overlay    0x4               platform/libpicofe/plat_sdl.o
ym_tl_tab2          0x1a00            pico/sound/ym2612.o
rom_fname_reload    0x4               platform/common/emu.o
pcd_event_times     0x10              pico/cd/mcd.o
[...]
Memory Configuration

Name             Origin             Length             Attributes
*default*        0x00000000         0xffffffff

Linker script and memory map

LOAD /usr/lib/gcc/arm-linux-gnueabihf/4.7/../../../arm-linux-gnueabihf/crt1.o
LOAD /usr/lib/gcc/arm-linux-gnueabihf/4.7/../../../arm-linux-gnueabihf/crti.o
LOAD /usr/lib/gcc/arm-linux-gnueabihf/4.7/crtbegin.o
LOAD platform/linux/emu.o
LOAD platform/linux/blit.o
LOAD platform/common/plat_sdl.o
LOAD platform/libpicofe/plat_sdl.o
LOAD platform/libpicofe/in_sdl.o
LOAD platform/libpicofe/plat_dummy.o
LOAD platform/common/main.o
LOAD platform/common/emu.o
LOAD platform/common/menu_pico.o
LOAD platform/common/config_file.o
LOAD platform/libpicofe/input.o
LOAD platform/libpicofe/readpng.o
LOAD platform/libpicofe/fonts.o
LOAD platform/libpicofe/linux/in_evdev.o
LOAD platform/libpicofe/linux/plat.o
LOAD platform/libpicofe/sndout.o
LOAD platform/libpicofe/linux/sndout_oss.o
LOAD platform/libpicofe/linux/sndout_alsa.o
LOAD platform/libpicofe/sndout_sdl.o
LOAD platform/libpicofe/arm_linux.o
LOAD platform/common/mp3.o
LOAD platform/common/mp3_libavcodec.o
LOAD zlib/gzio.o
LOAD zlib/inffast.o
LOAD zlib/inflate.o
LOAD zlib/inftrees.o
LOAD zlib/trees.o
LOAD zlib/deflate.o
LOAD zlib/crc32.o
LOAD zlib/adler32.o
LOAD zlib/zutil.o
LOAD zlib/compress.o
LOAD zlib/uncompr.o
LOAD unzip/unzip.o
LOAD unzip/unzip_stream.o
LOAD pico/draw_arm.o
LOAD pico/draw2_arm.o
LOAD pico/memory_arm.o
LOAD pico/sound/ym2612_arm.o
LOAD pico/misc_arm.o
LOAD pico/cd/misc_arm.o
LOAD pico/cd/mcd_arm.o
LOAD pico/cd/memory_arm.o
LOAD pico/sound/mix_arm.o
LOAD pico/pico.o
LOAD pico/cart.o
LOAD pico/memory.o
LOAD pico/state.o
LOAD pico/sek.o
LOAD pico/z80if.o
LOAD pico/videoport.o
LOAD pico/draw2.o
LOAD pico/draw.o
LOAD pico/mode4.o
LOAD pico/misc.o
LOAD pico/eeprom.o
LOAD pico/patch.o
LOAD pico/debug.o
LOAD pico/media.o
LOAD pico/sms.o
LOAD pico/cd/mcd.o
LOAD pico/cd/memory.o
LOAD pico/cd/sek.o
LOAD pico/cd/cdc.o
LOAD pico/cd/cdd.o
LOAD pico/cd/cd_image.o
LOAD pico/cd/cue.o
LOAD pico/cd/gfx.o
LOAD pico/cd/gfx_dma.o
LOAD pico/cd/misc.o
LOAD pico/cd/pcm.o
LOAD pico/32x/32x.o
LOAD pico/32x/memory.o
LOAD pico/32x/draw.o
LOAD pico/32x/sh2soc.o
LOAD pico/32x/pwm.o
LOAD pico/pico/pico.o
LOAD pico/pico/memory.o
LOAD pico/pico/xpcm.o
LOAD pico/carthw/carthw.o
LOAD pico/carthw/svp/svp.o
LOAD pico/carthw/svp/memory.o
LOAD pico/carthw/svp/ssp16.o
LOAD pico/carthw/svp/stub_arm.o
LOAD pico/carthw/svp/compiler.o
LOAD pico/sound/sound.o
LOAD pico/sound/sn76496.o
LOAD pico/sound/ym2612.o
LOAD pico/m68kif_cyclone.o
LOAD cpu/cyclone/Cyclone.o
LOAD cpu/cyclone/tools/idle.o
LOAD cpu/DrZ80/drz80.o
LOAD cpu/drc/cmn.o
LOAD cpu/sh2/sh2.o
LOAD cpu/sh2/compiler.o
LOAD cpu/sh2/mame/sh2pico.o
LOAD /usr/lib/arm-linux-gnueabihf/libSDL.so
LOAD /usr/lib/arm-linux-gnueabihf/libasound.so
LOAD /usr/lib/arm-linux-gnueabihf/libdl.so
LOAD /usr/lib/arm-linux-gnueabihf/libpng.so
LOAD /usr/lib/arm-linux-gnueabihf/libm.so
LOAD /usr/lib/gcc/arm-linux-gnueabihf/4.7/libgcc.a
LOAD /usr/lib/gcc/arm-linux-gnueabihf/4.7/libgcc_s.so
START GROUP
LOAD /usr/lib/gcc/arm-linux-gnueabihf/4.7/libgcc_s.so.1
LOAD /usr/lib/gcc/arm-linux-gnueabihf/4.7/libgcc.a
END GROUP
LOAD /usr/lib/arm-linux-gnueabihf/libc.so
START GROUP
LOAD /lib/arm-linux-gnueabihf/libc.so.6
LOAD /usr/lib/arm-linux-gnueabihf/libc_nonshared.a
LOAD /lib/arm-linux-gnueabihf/ld-linux-armhf.so.3
END GROUP
LOAD /usr/lib/gcc/arm-linux-gnueabihf/4.7/libgcc.a
LOAD /usr/lib/gcc/arm-linux-gnueabihf/4.7/libgcc_s.so
START GROUP
LOAD /usr/lib/gcc/arm-linux-gnueabihf/4.7/libgcc_s.so.1
LOAD /usr/lib/gcc/arm-linux-gnueabihf/4.7/libgcc.a
END GROUP
LOAD /usr/lib/gcc/arm-linux-gnueabihf/4.7/crtend.o
LOAD /usr/lib/gcc/arm-linux-gnueabihf/4.7/../../../arm-linux-gnueabihf/crtn.o
                0x00008000                PROVIDE (__executable_start, 0x8000)
                0x00008134                . = (0x8000 + SIZEOF_HEADERS)

.interp         0x00008134       0x19
 *(.interp)
 .interp        0x00008134       0x19 /usr/lib/gcc/arm-linux-gnueabihf/4.7/../../../arm-linux-gnueabihf/crt1.o

.note.ABI-tag   0x00008150       0x20
 .note.ABI-tag  0x00008150       0x20 /usr/lib/gcc/arm-linux-gnueabihf/4.7/../../../arm-linux-gnueabihf/crt1.o

.note.gnu.build-id
                0x00008170       0x24
 *(.note.gnu.build-id)
 .note.gnu.build-id
                0x00008170       0x24 linker stubs

.hash           0x00008194      0x6bc
 *(.hash)
 .hash          0x00008194      0x6bc /usr/lib/gcc/arm-linux-gnueabihf/4.7/../../../arm-linux-gnueabihf/crt1.o

.gnu.hash       0x00008850      0x788
 *(.gnu.hash)
 .gnu.hash      0x00008850      0x788 /usr/lib/gcc/arm-linux-gnueabihf/4.7/../../../arm-linux-gnueabihf/crt1.o

.dynsym         0x00008fd8      0xe80
 *(.dynsym)
 .dynsym        0x00008fd8      0xe80 /usr/lib/gcc/arm-linux-gnueabihf/4.7/../../../arm-linux-gnueabihf/crt1.o

.dynstr         0x00009e58      0xaf0
 *(.dynstr)
 .dynstr        0x00009e58      0xaf0 /usr/lib/gcc/arm-linux-gnueabihf/4.7/../../../arm-linux-gnueabihf/crt1.o

.gnu.version    0x0000a948      0x1d0
 *(.gnu.version)
 .gnu.version   0x0000a948      0x1d0 /usr/lib/gcc/arm-linux-gnueabihf/4.7/../../../arm-linux-gnueabihf/crt1.o

.gnu.version_d  0x0000ab18        0x0
 *(.gnu.version_d)
 .gnu.version_d
                0x00000000        0x0 /usr/lib/gcc/arm-linux-gnueabihf/4.7/../../../arm-linux-gnueabihf/crt1.o

.gnu.version_r  0x0000ab18       0xd0
 *(.gnu.version_r)
 .gnu.version_r
                0x0000ab18       0xd0 /usr/lib/gcc/arm-linux-gnueabihf/4.7/../../../arm-linux-gnueabihf/crt1.o

.rel.dyn        0x0000abe8       0x18
 *(.rel.init)
 *(.rel.text .rel.text.* .rel.gnu.linkonce.t.*)
 *(.rel.fini)
 *(.rel.rodata .rel.rodata.* .rel.gnu.linkonce.r.*)
 *(.rel.data.rel.ro* .rel.gnu.linkonce.d.rel.ro.*)
 *(.rel.data .rel.data.* .rel.gnu.linkonce.d.*)
 *(.rel.tdata .rel.tdata.* .rel.gnu.linkonce.td.*)
 *(.rel.tbss .rel.tbss.* .rel.gnu.linkonce.tb.*)
 *(.rel.ctors)
 *(.rel.dtors)
 *(.rel.got)
 .rel.got       0x0000abe8        0x8 /usr/lib/gcc/arm-linux-gnueabihf/4.7/../../../arm-linux-gnueabihf/crt1.o
 *(.rel.bss .rel.bss.* .rel.gnu.linkonce.b.*)
 .rel.bss       0x0000abf0       0x10 /usr/lib/gcc/arm-linux-gnueabihf/4.7/../../../arm-linux-gnueabihf/crt1.o
                0x0000ac00                PROVIDE (__rel_iplt_start, .)
 *(.rel.iplt)
 .rel.iplt      0x00000000        0x0 /usr/lib/gcc/arm-linux-gnueabihf/4.7/../../../arm-linux-gnueabihf/crt1.o
                0x0000ac00                PROVIDE (__rel_iplt_end, .)
                0x0000ac00                PROVIDE (__rela_iplt_start, .)
                0x0000ac00                PROVIDE (__rela_iplt_end, .)

.rela.dyn       0x0000ac00        0x0
 *(.rela.init)
 *(.rela.text .rela.text.* .rela.gnu.linkonce.t.*)
 *(.rela.fini)
 *(.rela.rodata .rela.rodata.* .rela.gnu.linkonce.r.*)
 *(.rela.data .rela.data.* .rela.gnu.linkonce.d.*)
 *(.rela.tdata .rela.tdata.* .rela.gnu.linkonce.td.*)
 *(.rela.tbss .rela.tbss.* .rela.gnu.linkonce.tb.*)
 *(.rela.ctors)
 *(.rela.dtors)
 *(.rela.got)
 *(.rela.bss .rela.bss.* .rela.gnu.linkonce.b.*)
                0x0000ac00                PROVIDE (__rel_iplt_start, .)
                0x0000ac00                PROVIDE (__rel_iplt_end, .)
                0x0000ac00                PROVIDE (__rela_iplt_start, .)
 *(.rela.iplt)
                0x0000ac00                PROVIDE (__rela_iplt_end, .)

.rel.plt        0x0000ac00      0x4c0
 *(.rel.plt)
 .rel.plt       0x0000ac00      0x4c0 /usr/lib/gcc/arm-linux-gnueabihf/4.7/../../../arm-linux-gnueabihf/crt1.o

.rela.plt
 *(.rela.plt)

.init           0x0000b0c0        0xc
 *(.init)
 .init          0x0000b0c0        0x8 /usr/lib/gcc/arm-linux-gnueabihf/4.7/../../../arm-linux-gnueabihf/crti.o
                0x0000b0c0                _init
 .init          0x0000b0c8        0x4 /usr/lib/gcc/arm-linux-gnueabihf/4.7/../../../arm-linux-gnueabihf/crtn.o

.plt            0x0000b0cc      0x734
 *(.plt)
 .plt           0x0000b0cc      0x734 /usr/lib/gcc/arm-linux-gnueabihf/4.7/../../../arm-linux-gnueabihf/crt1.o
                0x0000b0e0                SDL_Quit
                0x0000b0ec                SDL_Flip
                0x0000b0f8                rand@@GLIBC_2.4
                0x0000b104                log@@GLIBC_2.4
                0x0000b110                dlerror@@GLIBC_2.4
                0x0000b11c                gettimeofday@@GLIBC_2.4
                0x0000b128                snd_pcm_start@@ALSA_0.9
                0x0000b134                strcasecmp@@GLIBC_2.4
                0x0000b140                fdopen@@GLIBC_2.4
                0x0000b14c                strtol@@GLIBC_2.4
                0x0000b158                snd_pcm_hw_params_set_access@@ALSA_0.9
                0x0000b164                free@@GLIBC_2.4
                0x0000b170                SDL_UnlockYUVOverlay
                0x0000b17c                fseek@@GLIBC_2.4
                0x0000b188                png_create_read_struct@@PNG12_0
                0x0000b194                strncmp@@GLIBC_2.4
                0x0000b1a0                SDL_CreateYUVOverlay
                0x0000b1ac                snd_pcm_recover@@ALSA_0.9
                0x0000b1b8                SDL_PeepEvents
                0x0000b1c4                snd_pcm_hw_params_get_buffer_size@@ALSA_0.9.0rc4
                0x0000b1d0                SDL_JoystickClose
                0x0000b1dc                SDL_JoystickOpen
                0x0000b1e8                png_destroy_read_struct@@PNG12_0
                0x0000b1f4                SDL_JoystickName
                0x0000b200                closedir@@GLIBC_2.4
                0x0000b20c                exit@@GLIBC_2.4
                0x0000b218                snd_pcm_hw_params_set_format@@ALSA_0.9
                0x0000b224                png_create_info_struct@@PNG12_0
                0x0000b230                printf@@GLIBC_2.4
                0x0000b23c                png_init_io@@PNG12_0
                0x0000b248                strerror@@GLIBC_2.4
                0x0000b254                stpcpy@@GLIBC_2.4
                0x0000b260                dlclose@@GLIBC_2.4
                0x0000b26c                feof@@GLIBC_2.4
                0x0000b278                puts@@GLIBC_2.4
                0x0000b284                snd_pcm_drop@@ALSA_0.9
                0x0000b290                perror@@GLIBC_2.4
                0x0000b29c                alphasort@@GLIBC_2.4
                0x0000b2a8                SDL_CloseAudio
                0x0000b2b4                readlink@@GLIBC_2.4
                0x0000b2c0                SDL_NumJoysticks
                0x0000b2cc                strtoul@@GLIBC_2.4
                0x0000b2d8                strftime@@GLIBC_2.4
                0x0000b2e4                putchar@@GLIBC_2.4
                0x0000b2f0                memset@@GLIBC_2.4
                0x0000b2fc                opendir@@GLIBC_2.4
                0x0000b308                snd_pcm_open@@ALSA_0.9
                0x0000b314                SDL_Delay
                0x0000b320                remove@@GLIBC_2.4
                0x0000b32c                png_get_image_width@@PNG12_0
                0x0000b338                SDL_GetError
                0x0000b344                snprintf@@GLIBC_2.4
                0x0000b350                __strdup@@GLIBC_2.4
                0x0000b35c                close@@GLIBC_2.4
                0x0000b368                SDL_PauseAudio
                0x0000b374                SDL_FreeYUVOverlay
                0x0000b380                gmtime@@GLIBC_2.4
                0x0000b38c                fopen@@GLIBC_2.4
                0x0000b398                snd_pcm_hw_params_set_period_size_near@@ALSA_0.9.0rc4
                0x0000b3a4                clearerr@@GLIBC_2.4
                0x0000b3b0                abort@@GLIBC_2.4
                0x0000b3bc                pow@@GLIBC_2.4
                0x0000b3c8                vfprintf@@GLIBC_2.4
                0x0000b3d4                snd_pcm_hw_params_get_period_size@@ALSA_0.9.0rc4
                0x0000b3e0                memmove@@GLIBC_2.4
                0x0000b3ec                snd_pcm_writei@@ALSA_0.9
                0x0000b3f8                snd_pcm_hw_params@@ALSA_0.9
                0x0000b404                SDL_PumpEvents
                0x0000b410                snd_pcm_prepare@@ALSA_0.9
                0x0000b41c                SDL_Init
                0x0000b428                dlopen@@GLIBC_2.4
                0x0000b434                ioctl@@GLIBC_2.4
                0x0000b440                snd_pcm_hw_params_set_buffer_size_near@@ALSA_0.9.0rc4
                0x0000b44c                localtime@@GLIBC_2.4
                0x0000b458                SDL_JoystickEventState
                0x0000b464                realloc@@GLIBC_2.4
                0x0000b470                strcpy@@GLIBC_2.4
                0x0000b47c                SDL_InitSubSystem
                0x0000b488                mmap@@GLIBC_2.4
                0x0000b494                SDL_SetVideoMode
                0x0000b4a0                SDL_WM_SetCaption
                0x0000b4ac                snd_pcm_hw_params_set_rate_near@@ALSA_0.9.0rc4
                0x0000b4b8                png_get_rows@@PNG12_0
                0x0000b4c4                strtod@@GLIBC_2.4
                0x0000b4d0                open@@GLIBC_2.4
                0x0000b4dc                png_read_png@@PNG12_0
                0x0000b4e8                mprotect@@GLIBC_2.4
                0x0000b4f4                strcat@@GLIBC_2.4
                0x0000b500                rewind@@GLIBC_2.4
                0x0000b50c                fread@@GLIBC_2.4
                0x0000b518                fileno@@GLIBC_2.4
                0x0000b524                snd_pcm_hw_params_sizeof@@ALSA_0.9
                0x0000b530                SDL_QuitSubSystem
                0x0000b53c                snd_pcm_hw_params_get_channels@@ALSA_0.9.0rc4
                0x0000b548                mkdir@@GLIBC_2.4
                0x0000b554                strstr@@GLIBC_2.4
                0x0000b560                scandir@@GLIBC_2.4
                0x0000b56c                strncasecmp@@GLIBC_2.4
                0x0000b578                snd_pcm_close@@ALSA_0.9
                0x0000b584                SDL_GetVideoInfo
                0x0000b590                select@@GLIBC_2.4
                0x0000b59c                sleep@@GLIBC_2.4
                0x0000b5a8                snd_pcm_hw_params_set_channels@@ALSA_0.9
                0x0000b5b4                raise@@GLIBC_2.4
                0x0000b5c0                SDL_LockSurface
                0x0000b5cc                SDL_GetWMInfo
                0x0000b5d8                calloc@@GLIBC_2.4
                0x0000b5e4                strncat@@GLIBC_2.4
                0x0000b5f0                ftell@@GLIBC_2.4
                0x0000b5fc                setlocale@@GLIBC_2.4
                0x0000b608                ferror@@GLIBC_2.4
                0x0000b614                SDL_UnlockSurface
                0x0000b620                png_get_image_height@@PNG12_0
                0x0000b62c                fgets@@GLIBC_2.4
                0x0000b638                __fxstat@@GLIBC_2.4
                0x0000b644                fputc@@GLIBC_2.4
                0x0000b650                fwrite@@GLIBC_2.4
                0x0000b65c                memcpy@@GLIBC_2.4
                0x0000b668                malloc@@GLIBC_2.4
                0x0000b674                strlen@@GLIBC_2.4
                0x0000b680                getcwd@@GLIBC_2.4
                0x0000b68c                munmap@@GLIBC_2.4
                0x0000b698                usleep@@GLIBC_2.4
                0x0000b6a4                fprintf@@GLIBC_2.4
                0x0000b6b0                fclose@@GLIBC_2.4
                0x0000b6bc                write@@GLIBC_2.4
                0x0000b6c8                SDL_OpenAudio
                0x0000b6d4                sprintf@@GLIBC_2.4
                0x0000b6e0                png_get_bit_depth@@PNG12_0
                0x0000b6ec                mremap@@GLIBC_2.4
                0x0000b6f8                SDL_DisplayYUVOverlay
                0x0000b704                strcmp@@GLIBC_2.4
                0x0000b710                time@@GLIBC_2.4
                0x0000b71c                __errno_location@@GLIBC_2.4
                0x0000b728                sscanf@@GLIBC_2.4
                0x0000b734                strncpy@@GLIBC_2.4
                0x0000b740                SDL_LockYUVOverlay
                0x0000b74c                fflush@@GLIBC_2.4
                0x0000b758                SDL_PushEvent
                0x0000b764                memcmp@@GLIBC_2.4
                0x0000b770                snd_pcm_avail@@ALSA_0.9
                0x0000b77c                SDL_VideoDriverName
                0x0000b788                strrchr@@GLIBC_2.4
                0x0000b794                snd_pcm_hw_params_any@@ALSA_0.9
                0x0000b7a0                sin@@GLIBC_2.4
                0x0000b7ac                getenv@@GLIBC_2.4
                0x0000b7b8                __libc_start_main@@GLIBC_2.4
                0x0000b7c4                dlsym@@GLIBC_2.4
                0x0000b7dc                strchr@@GLIBC_2.4
                0x0000b7e8                vsnprintf@@GLIBC_2.4
                0x0000b7f4                floor@@GLIBC_2.4

.iplt           0x0000b800        0x0
 *(.iplt)
 .iplt          0x00000000        0x0 /usr/lib/gcc/arm-linux-gnueabihf/4.7/../../../arm-linux-gnueabihf/crt1.o

.text           0x0000b800    0x807fc
 *(.text.unlikely .text.*_unlikely)
 *(.text.exit .text.exit.*)
 *(.text.startup .text.startup.*)
 .text.startup.main
                0x0000b800      0x178 platform/common/main.o
                0x0000b800                main
 *(.text.hot .text.hot.*)
 *(.text .stub .text.* .gnu.linkonce.t.*)
 .text          0x0000b978       0x3c /usr/lib/gcc/arm-linux-gnueabihf/4.7/../../../arm-linux-gnueabihf/crt1.o
                0x0000b978                _start
 .text          0x0000b9b4       0x24 /usr/lib/gcc/arm-linux-gnueabihf/4.7/../../../arm-linux-gnueabihf/crti.o
 .text          0x0000b9d8       0xd4 /usr/lib/gcc/arm-linux-gnueabihf/4.7/crtbegin.o
 .text.apply_renderer
                0x0000baac       0xf0 platform/linux/emu.o
 .text.pemu_prep_defconfig
                0x0000bb9c        0x4 platform/linux/emu.o
                0x0000bb9c                pemu_prep_defconfig
 .text.pemu_validate_config
                0x0000bba0       0x18 platform/linux/emu.o
                0x0000bba0                pemu_validate_config
 .text.pemu_finalize_frame
                0x0000bbb8      0x218 platform/linux/emu.o
                0x0000bbb8                pemu_finalize_frame
 .text.plat_video_toggle_renderer
                0x0000bdd0       0x58 platform/linux/emu.o
                0x0000bdd0                plat_video_toggle_renderer
 .text.plat_status_msg_clear
                0x0000be28       0x40 platform/linux/emu.o
                0x0000be28                plat_status_msg_clear
 .text.plat_status_msg_busy_next
                0x0000be68       0x40 platform/linux/emu.o
                0x0000be68                plat_status_msg_busy_next
 .text.plat_status_msg_busy_first
                0x0000bea8        0x4 platform/linux/emu.o
                0x0000bea8                plat_status_msg_busy_first
 .text.plat_update_volume
                0x0000beac        0x4 platform/linux/emu.o
                0x0000beac                plat_update_volume
 .text.pemu_forced_frame
                0x0000beb0       0x70 platform/linux/emu.o
                0x0000beb0                pemu_forced_frame
 .text.pemu_sound_start
                0x0000bf20        0x4 platform/linux/emu.o
                0x0000bf20                pemu_sound_start
 .text.plat_debug_cat
                0x0000bf24        0x4 platform/linux/emu.o
                0x0000bf24                plat_debug_cat
 .text.emu_video_mode_change
                0x0000bf28       0x38 platform/linux/emu.o
                0x0000bf28                emu_video_mode_change
 .text.pemu_loop_prep
                0x0000bf60        0x4 platform/linux/emu.o
                0x0000bf60                pemu_loop_prep
 .text.pemu_loop_end
                0x0000bf64        0xc platform/linux/emu.o
                0x0000bf64                pemu_loop_end
 .text.plat_wait_till_us
                0x0000bf70       0x34 platform/linux/emu.o
                0x0000bf70                plat_wait_till_us
 .text.plat_sdl_quit
                0x0000bfa4        0xc platform/common/plat_sdl.o
 .text.bgr_to_uyvy_init
                0x0000bfb0      0x13c platform/common/plat_sdl.o
                0x0000bfb0                bgr_to_uyvy_init
 .text.rgb565_to_uyvy
                0x0000c0ec      0x134 platform/common/plat_sdl.o
                0x0000c0ec                rgb565_to_uyvy
 .text.plat_video_flip
                0x0000c220      0x114 platform/common/plat_sdl.o
                0x0000c220                plat_video_flip
 .text.plat_video_wait_vsync
                0x0000c334        0x4 platform/common/plat_sdl.o
                0x0000c334                plat_video_wait_vsync
 .text.plat_video_menu_enter
                0x0000c338       0x40 platform/common/plat_sdl.o
                0x0000c338                plat_video_menu_enter
 .text.plat_video_menu_begin
                0x0000c378       0x90 platform/common/plat_sdl.o
                0x0000c378                plat_video_menu_begin
 .text.plat_video_menu_end
                0x0000c408       0xfc platform/common/plat_sdl.o
                0x0000c408                plat_video_menu_end
 .text.plat_video_menu_leave
                0x0000c504        0x4 platform/common/plat_sdl.o
                0x0000c504                plat_video_menu_leave
 .text.plat_video_loop_prepare
                0x0000c508       0xbc platform/common/plat_sdl.o
                0x0000c508                plat_video_loop_prepare
 .text.plat_early_init
                0x0000c5c4        0x4 platform/common/plat_sdl.o
                0x0000c5c4                plat_early_init
 .text.plat_init
                0x0000c5c8      0x12c platform/common/plat_sdl.o
                0x0000c5c8                plat_init
 .text.plat_finish
                0x0000c6f4       0x38 platform/common/plat_sdl.o
                0x0000c6f4                plat_finish
 .text.plat_sdl_finish
                0x0000c72c       0x98 platform/libpicofe/plat_sdl.o
                0x0000c72c                plat_sdl_finish
 .text.plat_sdl_overlay_clear
                0x0000c7c4       0x50 platform/libpicofe/plat_sdl.o
                0x0000c7c4                plat_sdl_overlay_clear
 .text.plat_sdl_change_video_mode
                0x0000c814      0x2fc platform/libpicofe/plat_sdl.o
                0x0000c814                plat_sdl_change_video_mode
 .text.plat_sdl_event_handler
                0x0000cb10      0x110 platform/libpicofe/plat_sdl.o
                0x0000cb10                plat_sdl_event_handler
 .text.plat_sdl_init
                0x0000cc20      0x37c platform/libpicofe/plat_sdl.o
                0x0000cc20                plat_sdl_init
 .text.in_sdl_get_key_names
                0x0000cf9c       0x28 platform/libpicofe/in_sdl.o
 .text.in_sdl_menu_translate
                0x0000cfc4      0x128 platform/libpicofe/in_sdl.o
 .text.collect_events
                0x0000d0ec      0x424 platform/libpicofe/in_sdl.o
 .text.in_sdl_update_keycode
                0x0000d510       0x3c platform/libpicofe/in_sdl.o
 .text.in_sdl_update
                0x0000d54c       0x90 platform/libpicofe/in_sdl.o
 .text.in_sdl_free
                0x0000d5dc       0x28 platform/libpicofe/in_sdl.o
 .text.in_sdl_probe
                0x0000d604      0x140 platform/libpicofe/in_sdl.o
 .text.in_sdl_init
                0x0000d744       0x5c platform/libpicofe/in_sdl.o
                0x0000d744                in_sdl_init
 .text.plat_target_init
                0x0000d7a0        0x8 platform/libpicofe/plat_dummy.o
                0x0000d7a0                plat_target_init
 .text.plat_target_finish
                0x0000d7a8        0x4 platform/libpicofe/plat_dummy.o
                0x0000d7a8                plat_target_finish
 .text.parse_cmd_line
                0x0000d7ac      0x1a4 platform/common/main.o
                0x0000d7ac                parse_cmd_line
 .text.emu_tray_open
                0x0000d950       0x14 platform/common/emu.o
 .text.do_turbo
                0x0000d964       0xd8 platform/common/emu.o
 .text.snd_write_nonblocking
                0x0000da3c       0x20 platform/common/emu.o
 .text.extract_text
                0x0000da5c       0xc4 platform/common/emu.o
 .text.try_rfn_cut
                0x0000db20       0x80 platform/common/emu.o
 .text.get_ext  0x0000dba0       0x64 platform/common/emu.o
 .text.fname_ext
                0x0000dc04       0xe4 platform/common/emu.o
 .text.mkdir_path
                0x0000dce8       0x50 platform/common/emu.o
 .text.try_ropen_file.constprop.3
                0x0000dd38       0x78 platform/common/emu.o
 .text.emu_status_msg
                0x0000ddb0       0x84 platform/common/emu.o
                0x0000ddb0                emu_status_msg
 .text.system_announce
                0x0000de34      0x14c platform/common/emu.o
 .text.emu_tray_close
                0x0000df80        0xc platform/common/emu.o
 .text.emu_swap_cd
                0x0000df8c       0x64 platform/common/emu.o
                0x0000df8c                emu_swap_cd
 .text.emu_make_path
                0x0000dff0       0x68 platform/common/emu.o
                0x0000dff0                emu_make_path
 .text.make_config_cfg
                0x0000e058       0x74 platform/common/emu.o
 .text.emu_prep_defconfig
                0x0000e0cc       0x90 platform/common/emu.o
                0x0000e0cc                emu_prep_defconfig
 .text.emu_set_defconfig
                0x0000e15c       0x68 platform/common/emu.o
                0x0000e15c                emu_set_defconfig
 .text.emu_read_config
                0x0000e1c4      0x248 platform/common/emu.o
                0x0000e1c4                emu_read_config
 .text.do_region_override
                0x0000e40c       0x1c platform/common/emu.o
 .text.find_bios
                0x0000e428      0x1f0 platform/common/emu.o
 .text.emu_write_config
                0x0000e618      0x110 platform/common/emu.o
                0x0000e618                emu_write_config
 .text.emu_text_out16
                0x0000e728       0xd0 platform/common/emu.o
                0x0000e728                emu_text_out16
 .text.emu_osd_text16
                0x0000e7f8       0xa8 platform/common/emu.o
                0x0000e7f8                emu_osd_text16
 .text.emu_get_save_fname
                0x0000e8a0      0x214 platform/common/emu.o
                0x0000e8a0                emu_get_save_fname
 .text.emu_check_save_file
                0x0000eab4       0x24 platform/common/emu.o
                0x0000eab4                emu_check_save_file
 .text.emu_save_load_game
                0x0000ead8      0x2b0 platform/common/emu.o
                0x0000ead8                emu_save_load_game
 .text.emu_reload_rom
                0x0000ed88      0x480 platform/common/emu.o
                0x0000ed88                emu_reload_rom
 .text.emu_set_fastforward
                0x0000f208       0xb8 platform/common/emu.o
                0x0000f208                emu_set_fastforward
 .text.emu_32x_startup
                0x0000f2c0       0x18 platform/common/emu.o
                0x0000f2c0                emu_32x_startup
 .text.emu_reset_game
                0x0000f2d8       0x1c platform/common/emu.o
                0x0000f2d8                emu_reset_game
 .text.run_events_pico
                0x0000f2f4      0x200 platform/common/emu.o
                0x0000f2f4                run_events_pico
 .text.emu_update_input
                0x0000f4f4      0x4ec platform/common/emu.o
                0x0000f4f4                emu_update_input
 .text.emu_cmn_forced_frame
                0x0000f9e0       0xa4 platform/common/emu.o
                0x0000f9e0                emu_cmn_forced_frame
 .text.emu_init
                0x0000fa84       0xc4 platform/common/emu.o
                0x0000fa84                emu_init
 .text.emu_finish
                0x0000fb48       0x80 platform/common/emu.o
                0x0000fb48                emu_finish
 .text.emu_sound_start
                0x0000fbc8       0xf8 platform/common/emu.o
                0x0000fbc8                emu_sound_start
 .text.emu_sound_stop
                0x0000fcc0       0x10 platform/common/emu.o
                0x0000fcc0                emu_sound_stop
 .text.emu_sound_wait
                0x0000fcd0       0x10 platform/common/emu.o
                0x0000fcd0                emu_sound_wait
 .text.emu_loop
                0x0000fce0      0x4b8 platform/common/emu.o
                0x0000fce0                emu_loop
 .text.text_out16_
                0x00010198      0x3c8 platform/common/menu_pico.o
 .text.menu_draw_selection
                0x00010560       0xac platform/common/menu_pico.o
 .text.menu_darken_bg
                0x0001060c       0x88 platform/common/menu_pico.o
 .text.menu_darken_text_bg
                0x00010694      0x1a8 platform/common/menu_pico.o
 .text.mh_opt_sh2cycles
                0x0001083c       0x84 platform/common/menu_pico.o
 .text.mh_tray_nothing
                0x000108c0        0x8 platform/common/menu_pico.o
 .text.parse_hex_color
                0x000108c8       0x4c platform/common/menu_pico.o
 .text.make_bg  0x00010914      0x1f8 platform/common/menu_pico.o
 .text.menu_draw_begin
                0x00010b0c       0x74 platform/common/menu_pico.o
 .text.smalltext_out16
                0x00010b80      0x100 platform/common/menu_pico.o
 .text.draw_frame_credits
                0x00010c80       0x1c platform/common/menu_pico.o
 .text.draw_text_debug
                0x00010c9c       0xe8 platform/common/menu_pico.o
 .text.menu_draw_end
                0x00010d84       0x24 platform/common/menu_pico.o
 .text.cdload_progress_cb
                0x00010da8       0xe4 platform/common/menu_pico.o
 .text.load_progress_cb
                0x00010e8c       0x84 platform/common/menu_pico.o
 .text.mgn_dev_name
                0x00010f10       0x78 platform/common/menu_pico.o
 .text.mgn_saveloadcfg
                0x00010f88       0x44 platform/common/menu_pico.o
 .text.mgn_opt_sh2cycles
                0x00010fcc       0x38 platform/common/menu_pico.o
 .text.mgn_aopt_gamma
                0x00011004       0x50 platform/common/menu_pico.o
 .text.mgn_opt_sound
                0x00011054       0x58 platform/common/menu_pico.o
 .text.mgn_opt_fskip
                0x000110ac       0x40 platform/common/menu_pico.o
 .text.scandir_cmp
                0x000110ec       0x3c platform/common/menu_pico.o
 .text.scandir_filter
                0x00011128       0x78 platform/common/menu_pico.o
 .text.draw_dirlist
                0x000111a0      0x3a0 platform/common/menu_pico.o
 .text.menu_enter
                0x00011540       0xd8 platform/common/menu_pico.o
 .text.menu_separation.part.0
                0x00011618       0x40 platform/common/menu_pico.o
 .text.mh_opt_misc
                0x00011658      0x1f4 platform/common/menu_pico.o
 .text.me_id2offset
                0x0001184c       0x78 platform/common/menu_pico.o
 .text.mgn_opt_region
                0x000118c4       0xe0 platform/common/menu_pico.o
 .text.text_out16
                0x000119a4       0x98 platform/common/menu_pico.o
                0x000119a4                text_out16
 .text.menu_main_draw_status
                0x00011a3c      0x1c4 platform/common/menu_pico.o
 .text.draw_key_config
                0x00011c00      0x44c platform/common/menu_pico.o
 .text.key_config_loop
                0x0001204c      0x474 platform/common/menu_pico.o
 .text.key_config_loop_wrap
                0x000124c0       0x74 platform/common/menu_pico.o
 .text.me_draw  0x00012534      0x590 platform/common/menu_pico.o
 .text.me_loop_d.constprop.11
                0x00012ac4      0x7a4 platform/common/menu_pico.o
 .text.menu_loop_options
                0x00013268       0xa8 platform/common/menu_pico.o
 .text.menu_loop_gfx_options
                0x00013310       0x6c platform/common/menu_pico.o
 .text.menu_loop_cd_options
                0x0001337c       0x24 platform/common/menu_pico.o
 .text.menu_loop_32x_options
                0x000133a0       0x80 platform/common/menu_pico.o
 .text.menu_loop_adv_options
                0x00013420       0x24 platform/common/menu_pico.o
 .text.menu_loop_keyconfig
                0x00013444       0x88 platform/common/menu_pico.o
 .text.menu_loop_romsel.constprop.8
                0x000134cc      0x7e4 platform/common/menu_pico.o
 .text.mh_tray_load_cd
                0x00013cb0       0x48 platform/common/menu_pico.o
 .text.menu_init_base
                0x00013cf8      0x314 platform/common/menu_pico.o
                0x00013cf8                menu_init_base
 .text.menu_romload_prepare
                0x0001400c       0xcc platform/common/menu_pico.o
                0x0001400c                menu_romload_prepare
 .text.menu_romload_end
                0x000140d8       0x64 platform/common/menu_pico.o
                0x000140d8                menu_romload_end
 .text.menu_loop
                0x0001413c      0x1dc platform/common/menu_pico.o
                0x0001413c                menu_loop
 .text.menu_loop_tray
                0x00014318       0xac platform/common/menu_pico.o
                0x00014318                menu_loop_tray
 .text.menu_update_msg
                0x000143c4       0x44 platform/common/menu_pico.o
                0x000143c4                menu_update_msg
 .text.mh_saveloadcfg
                0x00014408      0x138 platform/common/menu_pico.o
 .text.mh_restore_defaults
                0x00014540       0x1c platform/common/menu_pico.o
 .text.menu_loop_savestate
                0x0001455c      0x380 platform/common/menu_pico.o
 .text.main_menu_handler
                0x000148dc      0x570 platform/common/menu_pico.o
 .text.me_list_get_first
                0x00014e4c       0x1c platform/common/menu_pico.o
                0x00014e4c                me_list_get_first
 .text.me_list_get_next
                0x00014e68       0x8c platform/common/menu_pico.o
                0x00014e68                me_list_get_next
 .text.menu_init
                0x00014ef4      0x13c platform/common/menu_pico.o
                0x00014ef4                menu_init
 .text.mystrip  0x00015030       0xa0 platform/common/config_file.o
 .text.config_write
                0x000150d0      0x3dc platform/common/config_file.o
                0x000150d0                config_write
 .text.config_writelrom
                0x000154ac      0x180 platform/common/config_file.o
                0x000154ac                config_writelrom
 .text.config_readlrom
                0x0001562c      0x134 platform/common/config_file.o
                0x0001562c                config_readlrom
 .text.config_get_var_val
                0x00015760      0x198 platform/common/config_file.o
                0x00015760                config_get_var_val
 .text.config_readsect
                0x000158f8      0xbb8 platform/common/config_file.o
                0x000158f8                config_readsect
 .text.in_def_free
                0x000164b0        0x4 platform/libpicofe/input.o
 .text.in_def_clean_binds
                0x000164b4        0x8 platform/libpicofe/input.o
 .text.in_def_get_config
                0x000164bc        0x8 platform/libpicofe/input.o
 .text.in_def_set_config
                0x000164c4        0x8 platform/libpicofe/input.o
 .text.in_def_update_analog
                0x000164cc        0x8 platform/libpicofe/input.o
 .text.in_def_update_keycode
                0x000164d4        0x8 platform/libpicofe/input.o
 .text.in_def_menu_translate
                0x000164dc        0x8 platform/libpicofe/input.o
 .text.in_def_get_key_code
                0x000164e4        0x8 platform/libpicofe/input.o
 .text.in_def_get_key_name
                0x000164ec        0x8 platform/libpicofe/input.o
 .text.in_alloc_binds
                0x000164f4       0xa0 platform/libpicofe/input.o
 .text.in_register
                0x00016594      0x274 platform/libpicofe/input.o
                0x00016594                in_register
 .text.in_update
                0x00016808       0x88 platform/libpicofe/input.o
                0x00016808                in_update
 .text.in_update_keycode
                0x00016890      0x31c platform/libpicofe/input.o
                0x00016890                in_update_keycode
 .text.in_menu_wait_any
                0x00016bac       0x88 platform/libpicofe/input.o
                0x00016bac                in_menu_wait_any
 .text.in_menu_wait
                0x00016c34       0xb0 platform/libpicofe/input.o
                0x00016c34                in_menu_wait
 .text.in_get_dev_binds
                0x00016ce4       0x1c platform/libpicofe/input.o
                0x00016ce4                in_get_dev_binds
 .text.in_get_config
                0x00016d00       0xa8 platform/libpicofe/input.o
                0x00016d00                in_get_config
 .text.in_set_config
                0x00016da8      0x148 platform/libpicofe/input.o
                0x00016da8                in_set_config
 .text.in_get_dev_name
                0x00016ef0       0x70 platform/libpicofe/input.o
                0x00016ef0                in_get_dev_name
 .text.in_get_key_name
                0x00016f60      0x12c platform/libpicofe/input.o
                0x00016f60                in_get_key_name
 .text.in_bind_key
                0x0001708c      0x130 platform/libpicofe/input.o
                0x0001708c                in_bind_key
 .text.in_unbind_all
                0x000171bc       0xac platform/libpicofe/input.o
                0x000171bc                in_unbind_all
 .text.in_config_parse_dev
                0x00017268      0x1a0 platform/libpicofe/input.o
                0x00017268                in_config_parse_dev
 .text.in_config_bind_key
                0x00017408      0x1c0 platform/libpicofe/input.o
                0x00017408                in_config_bind_key
 .text.in_debug_dump
                0x000175c8       0xa0 platform/libpicofe/input.o
                0x000175c8                in_debug_dump
 .text.in_probe
                0x00017668      0x1a4 platform/libpicofe/input.o
                0x00017668                in_probe
 .text.in_register_driver
                0x0001780c      0x170 platform/libpicofe/input.o
                0x0001780c                in_register_driver
 .text.in_init  0x0001797c       0x30 platform/libpicofe/input.o
                0x0001797c                in_init
 .text.readpng  0x000179ac      0x59c platform/libpicofe/readpng.o
                0x000179ac                readpng
 .text.plat_get_data_dir
                0x00017f48       0x84 platform/libpicofe/linux/plat.o
 .text.plat_is_dir
                0x00017fcc       0x24 platform/libpicofe/linux/plat.o
                0x00017fcc                plat_is_dir
 .text.plat_get_skin_dir
                0x00017ff0       0x38 platform/libpicofe/linux/plat.o
                0x00017ff0                plat_get_skin_dir
 .text.plat_get_root_dir
                0x00018028       0x80 platform/libpicofe/linux/plat.o
                0x00018028                plat_get_root_dir
 .text.plat_get_ticks_ms
                0x000180a8       0x3c platform/libpicofe/linux/plat.o
                0x000180a8                plat_get_ticks_ms
 .text.plat_get_ticks_us
                0x000180e4       0x30 platform/libpicofe/linux/plat.o
                0x000180e4                plat_get_ticks_us
 .text.plat_sleep_ms
                0x00018114        0xc platform/libpicofe/linux/plat.o
                0x00018114                plat_sleep_ms
 .text.plat_wait_event
                0x00018120      0x188 platform/libpicofe/linux/plat.o
                0x00018120                plat_wait_event
 .text.plat_mmap
                0x000182a8      0x128 platform/libpicofe/linux/plat.o
                0x000182a8                plat_mmap
 .text.plat_mremap
                0x000183d0       0x4c platform/libpicofe/linux/plat.o
                0x000183d0                plat_mremap
 .text.plat_munmap
                0x0001841c       0x90 platform/libpicofe/linux/plat.o
                0x0001841c                plat_munmap
 .text.plat_mem_set_exec
                0x000184ac       0x5c platform/libpicofe/linux/plat.o
                0x000184ac                plat_mem_set_exec
 .text.lprintf  0x00018508       0x3c platform/libpicofe/linux/plat.o
                0x00018508                lprintf
 .text.sndout_null_init
                0x00018544        0x8 platform/libpicofe/sndout.o
 .text.sndout_null_exit
                0x0001854c        0x4 platform/libpicofe/sndout.o
 .text.sndout_null_start
                0x00018550        0x8 platform/libpicofe/sndout.o
 .text.sndout_null_stop
                0x00018558        0x4 platform/libpicofe/sndout.o
 .text.sndout_null_wait
                0x0001855c        0x4 platform/libpicofe/sndout.o
 .text.sndout_null_write_nb
                0x00018560        0x8 platform/libpicofe/sndout.o
 .text.sndout_init
                0x00018568       0x70 platform/libpicofe/sndout.o
                0x00018568                sndout_init
 .text.sndout_oss_init
                0x000185d8       0x54 platform/libpicofe/linux/sndout_oss.o
                0x000185d8                sndout_oss_init
 .text.sndout_oss_stop
                0x0001862c       0x34 platform/libpicofe/linux/sndout_oss.o
                0x0001862c                sndout_oss_stop
 .text.sndout_oss_start
                0x00018660      0x204 platform/libpicofe/linux/sndout_oss.o
                0x00018660                sndout_oss_start
 .text.sndout_oss_write_nb
                0x00018864       0xac platform/libpicofe/linux/sndout_oss.o
                0x00018864                sndout_oss_write_nb
 .text.sndout_oss_wait
                0x00018910       0x1c platform/libpicofe/linux/sndout_oss.o
                0x00018910                sndout_oss_wait
 .text.sndout_oss_exit
                0x0001892c       0x40 platform/libpicofe/linux/sndout_oss.o
                0x0001892c                sndout_oss_exit
 .text.sndout_alsa_init
                0x0001896c       0x2c platform/libpicofe/linux/sndout_alsa.o
                0x0001896c                sndout_alsa_init
 .text.sndout_alsa_start
                0x00018998      0x268 platform/libpicofe/linux/sndout_alsa.o
                0x00018998                sndout_alsa_start
 .text.sndout_alsa_stop
                0x00018c00       0x38 platform/libpicofe/linux/sndout_alsa.o
                0x00018c00                sndout_alsa_stop
 .text.sndout_alsa_wait
                0x00018c38       0x38 platform/libpicofe/linux/sndout_alsa.o
                0x00018c38                sndout_alsa_wait
 .text.sndout_alsa_write_nb
                0x00018c70       0xe8 platform/libpicofe/linux/sndout_alsa.o
                0x00018c70                sndout_alsa_write_nb
 .text.sndout_alsa_exit
                0x00018d58       0x20 platform/libpicofe/linux/sndout_alsa.o
                0x00018d58                sndout_alsa_exit
 .text.callback
                0x00018d78       0xcc platform/libpicofe/sndout_sdl.o
 .text.sndout_sdl_init
                0x00018e44       0x18 platform/libpicofe/sndout_sdl.o
                0x00018e44                sndout_sdl_init
 .text.sndout_sdl_start
                0x00018e5c      0x104 platform/libpicofe/sndout_sdl.o
                0x00018e5c                sndout_sdl_start
 .text.sndout_sdl_stop
                0x00018f60       0x24 platform/libpicofe/sndout_sdl.o
                0x00018f60                sndout_sdl_stop
 .text.sndout_sdl_wait
                0x00018f84       0x58 platform/libpicofe/sndout_sdl.o
                0x00018f84                sndout_sdl_wait
 .text.sndout_sdl_write_nb
                0x00018fdc       0xb0 platform/libpicofe/sndout_sdl.o
                0x00018fdc                sndout_sdl_write_nb
 .text.sndout_sdl_exit
                0x0001908c       0x38 platform/libpicofe/sndout_sdl.o
                0x0001908c                sndout_sdl_exit
 .text          0x000190c4       0x1c platform/libpicofe/arm_linux.o
                0x000190c4                cache_flush_d_inval_i
 .text.mp3_find_sync_word
                0x000190e0       0x80 platform/common/mp3.o
                0x000190e0                mp3_find_sync_word
 .text.try_get_bitrate.constprop.0
                0x00019160       0x6c platform/common/mp3.o
 .text.mp3_get_bitrate
                0x000191cc       0xd8 platform/common/mp3.o
                0x000191cc                mp3_get_bitrate
 .text.mp3_start_play
                0x000192a4      0x154 platform/common/mp3.o
                0x000192a4                mp3_start_play
 .text.mp3_update
                0x000193f8      0x140 platform/common/mp3.o
                0x000193f8                mp3_update
 .text.mp3dec_decode
                0x00019538      0x1b0 platform/common/mp3_libavcodec.o
                0x00019538                mp3dec_decode
 .text.mp3dec_start
                0x000196e8      0x1f8 platform/common/mp3_libavcodec.o
                0x000196e8                mp3dec_start
 .text.do_flush
                0x000198e0      0x108 zlib/gzio.o
 .text.get_byte
                0x000199e8       0x94 zlib/gzio.o
 .text.check_header
                0x00019a7c      0x1c0 zlib/gzio.o
 .text.getLong  0x00019c3c       0x4c zlib/gzio.o
 .text.gzsetparams
                0x00019c88       0x78 zlib/gzio.o
                0x00019c88                gzsetparams
 .text.destroy  0x00019d00       0xe0 zlib/gzio.o
                0x00019d00                destroy
 .text.gz_open  0x00019de0      0x2e8 zlib/gzio.o
 .text.gzopen   0x0001a0c8        0x8 zlib/gzio.o
                0x0001a0c8                gzopen
 .text.gzdopen  0x0001a0d0       0x48 zlib/gzio.o
                0x0001a0d0                gzdopen
 .text.gzread   0x0001a118      0x330 zlib/gzio.o
                0x0001a118                gzread
 .text.gzgetc   0x0001a448       0x28 zlib/gzio.o
                0x0001a448                gzgetc
 .text.gzungetc
                0x0001a470       0x6c zlib/gzio.o
                0x0001a470                gzungetc
 .text.gzgets   0x0001a4dc       0x7c zlib/gzio.o
                0x0001a4dc                gzgets
 .text.gzwrite  0x0001a558       0xf0 zlib/gzio.o
                0x0001a558                gzwrite
 .text.gzprintf
                0x0001a648       0xa0 zlib/gzio.o
                0x0001a648                gzprintf
 .text.gzputc   0x0001a6e8       0x30 zlib/gzio.o
                0x0001a6e8                gzputc
 .text.gzputs   0x0001a718       0x28 zlib/gzio.o
                0x0001a718                gzputs
 .text.gzflush  0x0001a740       0x2c zlib/gzio.o
                0x0001a740                gzflush
 .text.gzrewind
                0x0001a76c       0x88 zlib/gzio.o
                0x0001a76c                gzrewind
 .text.gzseek   0x0001a7f4      0x1ec zlib/gzio.o
                0x0001a7f4                gzseek
 .text.gztell   0x0001a9e0        0xc zlib/gzio.o
                0x0001a9e0                gztell
 .text.gzeof    0x0001a9ec       0x44 zlib/gzio.o
                0x0001a9ec                gzeof
 .text.gzdirect
                0x0001aa30       0x1c zlib/gzio.o
                0x0001aa30                gzdirect
 .text.gzclose  0x0001aa4c       0x90 zlib/gzio.o
                0x0001aa4c                gzclose
 .text.gzerror  0x0001aadc      0x114 zlib/gzio.o
                0x0001aadc                gzerror
 .text.gzclearerr
                0x0001abf0       0x28 zlib/gzio.o
                0x0001abf0                gzclearerr
 .text.inflate_fast
                0x0001ac18      0x578 zlib/inffast.o
                0x0001ac18                inflate_fast
 .text.syncsearch
                0x0001b190       0xa0 zlib/inflate.o
 .text.updatewindow
                0x0001b230      0x148 zlib/inflate.o
 .text.inflateReset
                0x0001b378       0x80 zlib/inflate.o
                0x0001b378                inflateReset
 .text.inflatePrime
                0x0001b3f8       0x58 zlib/inflate.o
                0x0001b3f8                inflatePrime
 .text.inflateInit2_
                0x0001b450      0x110 zlib/inflate.o
                0x0001b450                inflateInit2_
 .text.inflateInit_
                0x0001b560       0x14 zlib/inflate.o
                0x0001b560                inflateInit_
 .text.inflate  0x0001b574     0x1750 zlib/inflate.o
                0x0001b574                inflate
 .text.inflateEnd
                0x0001ccc4       0x60 zlib/inflate.o
                0x0001ccc4                inflateEnd
 .text.inflateSetDictionary
                0x0001cd24       0xf0 zlib/inflate.o
                0x0001cd24                inflateSetDictionary
 .text.inflateGetHeader
                0x0001ce14       0x3c zlib/inflate.o
                0x0001ce14                inflateGetHeader
 .text.inflateSync
                0x0001ce50      0x140 zlib/inflate.o
                0x0001ce50                inflateSync
 .text.inflateSyncPoint
                0x0001cf90       0x40 zlib/inflate.o
                0x0001cf90                inflateSyncPoint
 .text.inflateCopy
                0x0001cfd0      0x1a4 zlib/inflate.o
                0x0001cfd0                inflateCopy
 .text.inflate_table
                0x0001d174      0x578 zlib/inftrees.o
                0x0001d174                inflate_table
 .text.pqdownheap
                0x0001d6ec      0x120 zlib/trees.o
 .text.build_tree
                0x0001d80c      0x5ac zlib/trees.o
 .text.scan_tree
                0x0001ddb8      0x128 zlib/trees.o
 .text.send_tree
                0x0001dee0      0x5e0 zlib/trees.o
 .text.compress_block
                0x0001e4c0      0x490 zlib/trees.o
 .text.bi_windup
                0x0001e950       0x94 zlib/trees.o
 .text.bi_flush
                0x0001e9e4       0xa4 zlib/trees.o
 .text._tr_init
                0x0001ea88      0x110 zlib/trees.o
                0x0001ea88                _tr_init
 .text._tr_stored_block
                0x0001eb98      0x150 zlib/trees.o
                0x0001eb98                _tr_stored_block
 .text._tr_align
                0x0001ece8      0x240 zlib/trees.o
                0x0001ece8                _tr_align
 .text._tr_flush_block
                0x0001ef28      0x67c zlib/trees.o
                0x0001ef28                _tr_flush_block
 .text.longest_match
                0x0001f5a4      0x2a0 zlib/deflate.o
 .text.longest_match_fast
                0x0001f844      0x148 zlib/deflate.o
 .text.flush_pending
                0x0001f98c       0x84 zlib/deflate.o
 .text.fill_window
                0x0001fa10      0x218 zlib/deflate.o
 .text.deflate_slow
                0x0001fc28      0x554 zlib/deflate.o
 .text.deflate_fast
                0x0002017c      0x484 zlib/deflate.o
 .text.deflate_stored
                0x00020600      0x1a0 zlib/deflate.o
 .text.deflateSetDictionary
                0x000207a0      0x128 zlib/deflate.o
                0x000207a0                deflateSetDictionary
 .text.deflateReset
                0x000208c8      0x150 zlib/deflate.o
                0x000208c8                deflateReset
 .text.deflateSetHeader
                0x00020a18       0x34 zlib/deflate.o
                0x00020a18                deflateSetHeader
 .text.deflatePrime
                0x00020a4c       0x44 zlib/deflate.o
                0x00020a4c                deflatePrime
 .text.deflateTune
                0x00020a90       0x38 zlib/deflate.o
                0x00020a90                deflateTune
 .text.deflateBound
                0x00020ac8       0x48 zlib/deflate.o
                0x00020ac8                deflateBound
 .text.deflate  0x00020b10      0xc6c zlib/deflate.o
                0x00020b10                deflate
 .text.deflateParams
                0x0002177c       0xe4 zlib/deflate.o
                0x0002177c                deflateParams
 .text.deflateEnd
                0x00021860       0xf0 zlib/deflate.o
                0x00021860                deflateEnd
 .text.deflateInit2_
                0x00021950      0x294 zlib/deflate.o
                0x00021950                deflateInit2_
 .text.deflateInit_
                0x00021be4       0x34 zlib/deflate.o
                0x00021be4                deflateInit_
 .text.deflateCopy
                0x00021c18      0x208 zlib/deflate.o
                0x00021c18                deflateCopy
 .text.gf2_matrix_square
                0x00021e20       0x60 zlib/crc32.o
 .text.get_crc_table
                0x00021e80        0xc zlib/crc32.o
                0x00021e80                get_crc_table
 .text.crc32    0x00021e8c      0x388 zlib/crc32.o
                0x00021e8c                crc32
 .text.crc32_combine
                0x00022214       0xf8 zlib/crc32.o
                0x00022214                crc32_combine
 .text.adler32  0x0002230c      0x348 zlib/adler32.o
                0x0002230c                adler32
 .text.adler32_combine
                0x00022654       0xac zlib/adler32.o
                0x00022654                adler32_combine
 .text.zlibVersion
                0x00022700        0xc zlib/zutil.o
                0x00022700                zlibVersion
 .text.zlibCompileFlags
                0x0002270c        0x8 zlib/zutil.o
                0x0002270c                zlibCompileFlags
 .text.zError   0x00022714       0x14 zlib/zutil.o
                0x00022714                zError
 .text.zcalloc  0x00022728        0x8 zlib/zutil.o
                0x00022728                zcalloc
 .text.zcfree   0x00022730        0x8 zlib/zutil.o
                0x00022730                zcfree
 .text.compress2
                0x00022738       0xa0 zlib/compress.o
                0x00022738                compress2
 .text.compress
                0x000227d8       0x1c zlib/compress.o
                0x000227d8                compress
 .text.compressBound
                0x000227f4       0x10 zlib/compress.o
                0x000227f4                compressBound
 .text.uncompress
                0x00022804       0xb8 zlib/uncompr.o
                0x00022804                uncompress
 .text.openzip  0x000228bc      0x3f4 unzip/unzip.o
                0x000228bc                openzip
 .text.readzip  0x00022cb0      0x2b4 unzip/unzip.o
                0x00022cb0                readzip
 .text.closezip
                0x00022f64       0x44 unzip/unzip.o
                0x00022f64                closezip
 .text.seekcompresszip
                0x00022fa8       0xfc unzip/unzip.o
                0x00022fa8                seekcompresszip
 .text.zip2gz   0x000230a4      0x288 unzip/unzip_stream.o
                0x000230a4                zip2gz
 .text.gzerror2
                0x0002332c       0x10 unzip/unzip_stream.o
                0x0002332c                gzerror2
 .text          0x0002333c     0x1da4 pico/draw_arm.o
                0x0002333c                DrawLayer
                0x0002395c                BackFill
                0x000239cc                DrawTilesFromCache
                0x00023da8                DrawSpritesSHi
                0x000244d4                DrawAllSprites
                0x00024908                DrawWindow
                0x00024b34                FinalizeLineBGR444
                0x00024cb0                vidConvCpyRGB565
                0x00024d60                PicoDoHighPal555
                0x00024eb4                FinalizeLine555
                0x00025064                blockcpy
                0x00025084                blockcpy_or
 .text          0x000250e0     0x226c pico/draw2_arm.o
                0x000250e0                BackFillFull
                0x00025160                DrawLayerFull
                0x00025b64                DrawTilesFromCacheF
                0x000263d4                DrawWindowFull
                0x00026b18                DrawSpriteFull
 *fill*         0x0002734c        0x4 00000000
 .text          0x00027350      0x2e0 pico/memory_arm.o
                0x00027350                PicoRead8_sram
                0x000273d8                PicoRead8_io
                0x0002744c                PicoRead16_sram
                0x000274c0                PicoRead16_io
                0x0002753c                PicoWrite8_io
                0x000275b0                PicoWrite16_io
 .text          0x00027630     0x1050 pico/sound/ym2612_arm.o
                0x00027630                chan_render_loop
 .text          0x00028680      0x1ac pico/misc_arm.o
                0x00028680                memcpy16
                0x000286dc                memcpy16bswap
                0x000287ac                memcpy32
                0x000287f0                memset32
 .text          0x0002882c      0x108 pico/cd/misc_arm.o
                0x0002882c                wram_2M_to_1M
                0x000288b0                wram_1M_to_2M
 .text          0x00028934      0x884 pico/cd/memory_arm.o
                0x0002893c                PicoReadM68k8_cell0
                0x00028944                PicoReadM68k8_cell1
                0x000289e0                PicoRead8_mcd_io
                0x00028b0c                PicoReadM68k16_cell0
                0x00028b14                PicoReadM68k16_cell1
                0x00028bb0                PicoRead16_mcd_io
                0x00028c98                PicoWriteM68k8_cell0
                0x00028ca0                PicoWriteM68k8_cell1
                0x00028d40                PicoWrite8_mcd_io
                0x00028d50                PicoWriteM68k16_cell0
                0x00028d58                PicoWriteM68k16_cell1
                0x00028df8                PicoWrite16_mcd_io
                0x00028e34                PicoReadS68k8_dec0
                0x00028e3c                PicoReadS68k8_dec1
                0x00028e64                PicoReadS68k8_pr
                0x00028f18                PicoReadS68k16_dec0
                0x00028f20                PicoReadS68k16_dec1
                0x00028f48                PicoReadS68k16_pr
                0x00028f70                PicoWriteS68k8_dec_m2b0
                0x00028f78                PicoWriteS68k8_dec_m0b0
                0x00028f80                PicoWriteS68k8_dec_m2b1
                0x00028f88                PicoWriteS68k8_dec_m0b1
                0x00028fc0                PicoWriteS68k8_dec_m1b0
                0x00028fc8                PicoWriteS68k8_dec_m1b1
                0x0002900c                PicoWriteS68k8_pr
                0x00029098                PicoWriteS68k16_dec_m0b0
                0x000290a0                PicoWriteS68k16_dec_m0b1
                0x000290c8                PicoWriteS68k16_dec_m1b0
                0x000290d0                PicoWriteS68k16_dec_m1b1
                0x0002911c                PicoWriteS68k16_dec_m2b0
                0x00029124                PicoWriteS68k16_dec_m2b1
                0x00029170                PicoWriteS68k16_pr
 *fill*         0x000291b8        0x8 00000000
 .text          0x000291c0      0x4b0 pico/sound/mix_arm.o
                0x000291c0                mix_16h_to_32
                0x00029238                mix_16h_to_32_s1
                0x000292b4                mix_16h_to_32_s2
                0x00029330                mix_32_to_16l_stereo
                0x00029418                mix_32_to_16_mono
                0x00029560                mix_32_to_16l_stereo_lvl
 .text.SekSyncM68k
                0x00029670       0x6c pico/pico.o
 .text.PicoInit
                0x000296dc       0x58 pico/pico.o
                0x000296dc                PicoInit
 .text.PicoExit
                0x00029734       0x44 pico/pico.o
                0x00029734                PicoExit
 .text.PicoDetectRegion
                0x00029778      0x188 pico/pico.o
                0x00029778                PicoDetectRegion
 .text.PicoReset
                0x00029900      0x210 pico/pico.o
                0x00029900                PicoReset
 .text.PicoPower
                0x00029b10      0x11c pico/pico.o
                0x00029b10                PicoPower
 .text.PicoLoopPrepare
                0x00029c2c       0x8c pico/pico.o
                0x00029c2c                PicoLoopPrepare
 .text.CheckDMA
                0x00029cb8       0xe4 pico/pico.o
                0x00029cb8                CheckDMA
 .text.PicoSyncZ80
                0x00029d9c       0x74 pico/pico.o
                0x00029d9c                PicoSyncZ80
 .text.PicoFrame
                0x00029e10      0x930 pico/pico.o
                0x00029e10                PicoFrame
 .text.PicoFrameDrawOnly
                0x0002a740       0x34 pico/pico.o
                0x0002a740                PicoFrameDrawOnly
 .text.get_ext  0x0002a774       0x48 pico/cart.o
 .text.is_expr  0x0002a7bc       0xc8 pico/cart.o
 .text.rstrip   0x0002a884       0x40 pico/cart.o
 .text.rom_strcmp
                0x0002a8c4       0x9c pico/cart.o
 .text.unlikely.parse_3_vals
                0x0002a960       0xe4 pico/cart.o
 .text.pm_open  0x0002aa44      0x3a4 pico/cart.o
                0x0002aa44                pm_open
 .text.pm_read  0x0002ade8      0x3bc pico/cart.o
                0x0002ade8                pm_read
 .text.pm_seek  0x0002b1a4      0x104 pico/cart.o
                0x0002b1a4                pm_seek
 .text.pm_close
                0x0002b2a8       0x8c pico/cart.o
                0x0002b2a8                pm_close
 .text.Byteswap
                0x0002b334       0x48 pico/cart.o
                0x0002b334                Byteswap
 .text.parse_carthw
                0x0002b37c      0xa60 pico/cart.o
 .text.PicoCartLoad
                0x0002bddc      0x40c pico/cart.o
                0x0002bddc                PicoCartLoad
 .text.PicoCartInsert
                0x0002c1e8      0x390 pico/cart.o
                0x0002c1e8                PicoCartInsert
 .text.PicoCartResize
                0x0002c578       0x48 pico/cart.o
                0x0002c578                PicoCartResize
 .text.PicoCartUnload
                0x0002c5c0       0x90 pico/cart.o
                0x0002c5c0                PicoCartUnload
 .text.m68k_unmapped_read8
                0x0002c650        0x8 pico/memory.o
 .text.m68k_unmapped_read16
                0x0002c658        0x8 pico/memory.o
 .text.m68k_unmapped_write8
                0x0002c660        0x4 pico/memory.o
 .text.m68k_unmapped_write16
                0x0002c664        0x4 pico/memory.o
 .text.read_pad_3btn
                0x0002c668       0x2c pico/memory.o
 .text.read_pad_6btn
                0x0002c694       0x88 pico/memory.o
 .text.read_nothing
                0x0002c71c        0x8 pico/memory.o
 .text.port_read
                0x0002c724       0x54 pico/memory.o
 .text.ym2612_read_local_z80
                0x0002c778       0x84 pico/memory.o
 .text.z80_md_vdp_read
                0x0002c7fc        0x8 pico/memory.o
 .text.z80_md_in
                0x0002c804        0x8 pico/memory.o
 .text.z80_md_out
                0x0002c80c        0x4 pico/memory.o
 .text.xmap_set
                0x0002c810       0xec pico/memory.o
 .text.PicoRead16_vdp
                0x0002c8fc       0x14 pico/memory.o
 .text.PicoRead8_vdp
                0x0002c910       0x14 pico/memory.o
 .text.get_scanline.part.0
                0x0002c924       0x7c pico/memory.o
 .text.PicoRead8_z80
                0x0002c9a0      0x120 pico/memory.o
 .text.PicoRead16_z80
                0x0002cac0       0x10 pico/memory.o
 .text.z80_md_vdp_br_write
                0x0002cad0       0x6c pico/memory.o
 .text.PicoWrite16_vdp
                0x0002cb3c       0x38 pico/memory.o
 .text.PicoWrite8_vdp
                0x0002cb74       0x3c pico/memory.o
 .text.PicoWrite16_sram
                0x0002cbb0       0x7c pico/memory.o
 .text.PicoWrite8_sram
                0x0002cc2c       0x7c pico/memory.o
 .text.z80_map_set
                0x0002cca8       0x2c pico/memory.o
                0x0002cca8                z80_map_set
 .text.cpu68k_map_set
                0x0002ccd4       0x2c pico/memory.o
                0x0002ccd4                cpu68k_map_set
 .text.cpu68k_map_all_ram
                0x0002cd00       0xb4 pico/memory.o
                0x0002cd00                cpu68k_map_all_ram
 .text.m68k_map_unmap
                0x0002cdb4       0xe8 pico/memory.o
                0x0002cdb4                m68k_map_unmap
 .text.m68k_read8
                0x0002ce9c       0x30 pico/memory.o
                0x0002ce9c                m68k_read8
 .text.z80_md_bank_read
                0x0002cecc       0x30 pico/memory.o
 .text.m68k_read16
                0x0002cefc       0x30 pico/memory.o
                0x0002cefc                m68k_read16
 .text.m68k_write8
                0x0002cf2c       0x2c pico/memory.o
                0x0002cf2c                m68k_write8
 .text.z80_md_bank_write
                0x0002cf58       0x24 pico/memory.o
 .text.m68k_write16
                0x0002cf7c       0x2c pico/memory.o
                0x0002cf7c                m68k_write16
 .text.cyclone_crashed
                0x0002cfa8       0x7c pico/memory.o
                0x0002cfa8                cyclone_crashed
 .text.PicoSetInputDevice
                0x0002d024       0x48 pico/memory.o
                0x0002d024                PicoSetInputDevice
 .text.io_ports_read
                0x0002d06c       0x64 pico/memory.o
                0x0002d06c                io_ports_read
 .text.io_ports_write
                0x0002d0d0       0x80 pico/memory.o
                0x0002d0d0                io_ports_write
 .text.ctl_write_z80busreq
                0x0002d150       0xd4 pico/memory.o
                0x0002d150                ctl_write_z80busreq
 .text.ctl_write_z80reset
                0x0002d224      0x124 pico/memory.o
                0x0002d224                ctl_write_z80reset
 .text.PicoMemSetup
                0x0002d348      0x5fc pico/memory.o
                0x0002d348                PicoMemSetup
 .text.ym2612_sync_timers
                0x0002d944      0x130 pico/memory.o
                0x0002d944                ym2612_sync_timers
 .text.ym2612_write_local
                0x0002da74      0x3c8 pico/memory.o
 .text.PicoWrite8_z80
                0x0002de3c      0x110 pico/memory.o
 .text.PicoWrite16_z80
                0x0002df4c        0x8 pico/memory.o
 .text.z80_md_ym2612_write
                0x0002df54       0x3c pico/memory.o
 .text.ym2612_pack_state
                0x0002df90       0xd8 pico/memory.o
                0x0002df90                ym2612_pack_state
 .text.ym2612_unpack_state
                0x0002e068      0x248 pico/memory.o
                0x0002e068                ym2612_unpack_state
 .text.write_chunk
                0x0002e2b0       0x8c pico/state.o
 .text.gzWrite2
                0x0002e33c       0x14 pico/state.o
 .text.gzRead2  0x0002e350       0x14 pico/state.o
 .text.state_save
                0x0002e364      0xdc8 pico/state.o
 .text.state_load
                0x0002f12c     0x1774 pico/state.o
 .text.pico_state_internal.part.2
                0x000308a0      0x26c pico/state.o
 .text.open_save_file
                0x00030b0c      0x13c pico/state.o
 .text.PicoState
                0x00030c48       0x54 pico/state.o
                0x00030c48                PicoState
 .text.PicoStateLoadGfx
                0x00030c9c      0x730 pico/state.o
                0x00030c9c                PicoStateLoadGfx
 .text.PicoTmpStateSave
                0x000313cc       0xec pico/state.o
                0x000313cc                PicoTmpStateSave
 .text.PicoTmpStateRestore
                0x000314b8      0x108 pico/state.o
                0x000314b8                PicoTmpStateRestore
 .text.SekIntAck
                0x000315c0       0x54 pico/sek.o
 .text.SekResetAck
                0x00031614        0x4 pico/sek.o
 .text.SekUnrecognizedOpcode
                0x00031618       0x84 pico/sek.o
 .text.SekInit  0x0003169c       0x50 pico/sek.o
                0x0003169c                SekInit
 .text.SekReset
                0x000316ec       0x3c pico/sek.o
                0x000316ec                SekReset
 .text.SekStepM68k
                0x00031728       0x50 pico/sek.o
                0x00031728                SekStepM68k
 .text.SekSetRealTAS
                0x00031778        0x4 pico/sek.o
                0x00031778                SekSetRealTAS
 .text.SekPackCpu
                0x0003177c       0xb0 pico/sek.o
                0x0003177c                SekPackCpu
 .text.SekUnpackCpu
                0x0003182c       0xc4 pico/sek.o
                0x0003182c                SekUnpackCpu
 .text.SekInitIdleDet
                0x000318f0       0x68 pico/sek.o
                0x000318f0                SekInitIdleDet
 .text.SekIsIdleReady
                0x00031958       0x30 pico/sek.o
                0x00031958                SekIsIdleReady
 .text.SekIsIdleCode
                0x00031988      0x1e0 pico/sek.o
                0x00031988                SekIsIdleCode
 .text.SekRegisterIdlePatch
                0x00031b68       0xac pico/sek.o
                0x00031b68                SekRegisterIdlePatch
 .text.SekFinishIdleDet
                0x00031c14       0xcc pico/sek.o
                0x00031c14                SekFinishIdleDet
 .text.dz80_rebase_sp
                0x00031ce0       0x68 pico/z80if.o
 .text.dz80_rebase_pc
                0x00031d48       0x54 pico/z80if.o
 .text.drz80_load_pcsp
                0x00031d9c       0xe0 pico/z80if.o
 .text.z80_init
                0x00031e7c       0x50 pico/z80if.o
                0x00031e7c                z80_init
 .text.z80_reset
                0x00031ecc       0x8c pico/z80if.o
                0x00031ecc                z80_reset
 .text.z80_pack
                0x00031f58      0x164 pico/z80if.o
                0x00031f58                z80_pack
 .text.z80_unpack
                0x000320bc      0x240 pico/z80if.o
                0x000320bc                z80_unpack
 .text.z80_exit
                0x000322fc        0x4 pico/z80if.o
                0x000322fc                z80_exit
 .text.z80_debug
                0x00032300       0x34 pico/z80if.o
                0x00032300                z80_debug
 .text.VideoRead
                0x00032334       0x9c pico/videoport.o
 .text.CommandChange
                0x000323d0      0x528 pico/videoport.o
 .text.DrawSync
                0x000328f8       0x60 pico/videoport.o
 .text.PicoVideoWrite
                0x00032958      0x560 pico/videoport.o
                0x00032958                PicoVideoWrite
 .text.PicoVideoRead
                0x00032eb8      0x12c pico/videoport.o
                0x00032eb8                PicoVideoRead
 .text.PicoVideoRead8
                0x00032fe4      0x168 pico/videoport.o
                0x00032fe4                PicoVideoRead8
 .text.DrawAllSpritesFull
                0x0003314c      0x1d4 pico/draw2.o
 .text.PicoFrameFull
                0x00033320      0x3d4 pico/draw2.o
                0x00033320                PicoFrameFull
 .text.TileNorm
                0x000336f4       0xb4 pico/draw.o
 .text.TileFlip
                0x000337a8       0xb4 pico/draw.o
 .text.TileNormAS
                0x0003385c      0x120 pico/draw.o
 .text.TileFlipAS
                0x0003397c      0x120 pico/draw.o
 .text.TileNormAS_noop
                0x00033a9c      0x160 pico/draw.o
 .text.TileFlipAS_noop
                0x00033bfc      0x160 pico/draw.o
 .text.TileNormAS_onlymark
                0x00033d5c       0xe0 pico/draw.o
 .text.TileFlipAS_onlymark
                0x00033e3c       0xe0 pico/draw.o
 .text.FinalizeLine8bit
                0x00033f1c      0x144 pico/draw.o
 .text.DrawAllSpritesInterlace.isra.0
                0x00034060      0x218 pico/draw.o
 .text.PicoLine
                0x00034278      0x760 pico/draw.o
 .text.DrawStripInterlace
                0x000349d8      0x178 pico/draw.o
                0x000349d8                DrawStripInterlace
 .text.PrepareSprites
                0x00034b50      0x54c pico/draw.o
                0x00034b50                PrepareSprites
 .text.PicoFrameStart
                0x0003509c      0x144 pico/draw.o
                0x0003509c                PicoFrameStart
 .text.PicoDrawSync
                0x000351e0      0x13c pico/draw.o
                0x000351e0                PicoDrawSync
 .text.PicoDrawUpdateHighPal
                0x0003531c       0x78 pico/draw.o
                0x0003531c                PicoDrawUpdateHighPal
 .text.PicoDrawSetOutFormat
                0x00035394       0x9c pico/draw.o
                0x00035394                PicoDrawSetOutFormat
 .text.PicoDrawSetOutBuf
                0x00035430       0x30 pico/draw.o
                0x00035430                PicoDrawSetOutBuf
 .text.PicoDrawSetInternalBuf
                0x00035460       0x50 pico/draw.o
                0x00035460                PicoDrawSetInternalBuf
 .text.PicoDrawSetCallbacks
                0x000354b0       0x70 pico/draw.o
                0x000354b0                PicoDrawSetCallbacks
 .text.TileNormM4
                0x00035520      0x19c pico/mode4.o
 .text.draw_strip
                0x000356bc      0x258 pico/mode4.o
 .text.FinalizeLine8bitM4
                0x00035914       0x38 pico/mode4.o
 .text.PicoFrameStartMode4
                0x0003594c       0xf8 pico/mode4.o
                0x0003594c                PicoFrameStartMode4
 .text.PicoLineMode4
                0x00035a44      0x388 pico/mode4.o
                0x00035a44                PicoLineMode4
 .text.PicoDoHighPal555M4
                0x00035dcc       0x9c pico/mode4.o
                0x00035dcc                PicoDoHighPal555M4
 .text.FinalizeLineRGB555M4
                0x00035e68       0x38 pico/mode4.o
 .text.PicoDrawSetOutputMode4
                0x00035ea0       0x4c pico/mode4.o
                0x00035ea0                PicoDrawSetOutputMode4
 .text.EEPROM_write_do
                0x00035eec      0x278 pico/eeprom.o
 .text.EEPROM_write16
                0x00036164       0xec pico/eeprom.o
                0x00036164                EEPROM_write16
 .text.EEPROM_write8
                0x00036250       0x38 pico/eeprom.o
                0x00036250                EEPROM_write8
 .text.EEPROM_read
                0x00036288      0x128 pico/eeprom.o
                0x00036288                EEPROM_read
 .text.genie_decode
                0x000363b0      0x158 pico/patch.o
 .text.PicoPatchUnload
                0x00036508       0x30 pico/patch.o
                0x00036508                PicoPatchUnload
 .text.PicoPatchLoad
                0x00036538      0x504 pico/patch.o
                0x00036538                PicoPatchLoad
 .text.PicoPatchPrepare
                0x00036a3c       0x8c pico/patch.o
                0x00036a3c                PicoPatchPrepare
 .text.PicoPatchApply
                0x00036ac8       0xbc pico/patch.o
                0x00036ac8                PicoPatchApply
 .text.PDebugMain
                0x00036b84      0x480 pico/debug.o
                0x00036b84                PDebugMain
 .text.PDebug32x
                0x00037004      0x2f4 pico/debug.o
                0x00037004                PDebug32x
 .text.PDebugSpriteList
                0x000372f8      0x134 pico/debug.o
                0x000372f8                PDebugSpriteList
 .text.PDebugShowSpriteStats
                0x0003742c      0x1a4 pico/debug.o
                0x0003742c                PDebugShowSpriteStats
 .text.PDebugShowPalette
                0x000375d0      0x150 pico/debug.o
                0x000375d0                PDebugShowPalette
 .text.PDebugShowSprite
                0x00037720      0x214 pico/debug.o
                0x00037720                PDebugShowSprite
 .text.PDebugDumpMem
                0x00037934      0x96c pico/debug.o
                0x00037934                PDebugDumpMem
 .text.PDebugZ80Frame
                0x000382a0      0x2fc pico/debug.o
                0x000382a0                PDebugZ80Frame
 .text.PDebugCPUStep
                0x0003859c       0x28 pico/debug.o
                0x0003859c                PDebugCPUStep
 .text.get_ext  0x000385c4       0x64 pico/media.o
 .text.PicoCdCheck
                0x00038628      0x294 pico/media.o
                0x00038628                PicoCdCheck
 .text.PicoLoadMedia
                0x000388bc      0x5a8 pico/media.o
                0x000388bc                PicoLoadMedia
 .text.z80_sms_in
                0x00038e64      0x14c pico/sms.o
 .text.write_bank
                0x00038fb0      0x134 pico/sms.o
 .text.xwrite   0x000390e4       0x40 pico/sms.o
 .text.z80_sms_out
                0x00039124      0x170 pico/sms.o
 .text.PicoResetMS
                0x00039294       0x10 pico/sms.o
                0x00039294                PicoResetMS
 .text.PicoPowerMS
                0x000392a4       0xec pico/sms.o
                0x000392a4                PicoPowerMS
 .text.PicoMemSetupMS
                0x00039390      0x114 pico/sms.o
                0x00039390                PicoMemSetupMS
 .text.PicoStateLoadedMS
                0x000394a4       0x40 pico/sms.o
                0x000394a4                PicoStateLoadedMS
 .text.PicoFrameMS
                0x000394e4      0x208 pico/sms.o
                0x000394e4                PicoFrameMS
 .text.PicoFrameDrawOnlyMS
                0x000396ec       0x24 pico/sms.o
                0x000396ec                PicoFrameDrawOnlyMS
 .text.pcd_run_events
                0x00039710       0x98 pico/cd/mcd.o
 .text.pcd_dma_event
                0x000397a8        0x4 pico/cd/mcd.o
 .text.pcd_int3_timer_event
                0x000397ac       0xa8 pico/cd/mcd.o
 .text.pcd_cdc_event
                0x00039854       0xb8 pico/cd/mcd.o
 .text.PicoInitMCD
                0x0003990c        0x4 pico/cd/mcd.o
                0x0003990c                PicoInitMCD
 .text.PicoExitMCD
                0x00039910        0x4 pico/cd/mcd.o
                0x00039910                PicoExitMCD
 .text.PicoPowerMCD
                0x00039914      0x15c pico/cd/mcd.o
                0x00039914                PicoPowerMCD
 .text.PicoResetMCD
                0x00039a70       0x68 pico/cd/mcd.o
                0x00039a70                PicoResetMCD
 .text.pcd_event_schedule
                0x00039ad8       0x50 pico/cd/mcd.o
                0x00039ad8                pcd_event_schedule
 .text.pcd_event_schedule_s68k
                0x00039b28       0x94 pico/cd/mcd.o
                0x00039b28                pcd_event_schedule_s68k
 .text.pcd_soft_reset
                0x00039bbc       0x80 pico/cd/mcd.o
                0x00039bbc                pcd_soft_reset
 .text.pcd_sync_s68k
                0x00039c3c      0x188 pico/cd/mcd.o
                0x00039c3c                pcd_sync_s68k
 .text.pcd_run_cpus
                0x00039dc4      0x14c pico/cd/mcd.o
                0x00039dc4                pcd_run_cpus
 .text.pcd_prepare_frame
                0x00039f10       0x58 pico/cd/mcd.o
                0x00039f10                pcd_prepare_frame
 .text.PicoFrameMCD
                0x00039f68      0x97c pico/cd/mcd.o
                0x00039f68                PicoFrameMCD
 .text.pcd_state_loaded
                0x0003a8e4      0x1c4 pico/cd/mcd.o
                0x0003a8e4                pcd_state_loaded
 .text.s68k_unmapped_read8
                0x0003aaa8        0x8 pico/cd/memory.o
 .text.s68k_unmapped_read16
                0x0003aab0        0x8 pico/cd/memory.o
 .text.s68k_unmapped_write8
                0x0003aab8        0x4 pico/cd/memory.o
 .text.s68k_unmapped_write16
                0x0003aabc        0x4 pico/cd/memory.o
 .text.PicoWriteS68k8_prgwp
                0x0003aac0       0x38 pico/cd/memory.o
 .text.PicoWriteS68k16_prgwp
                0x0003aaf8       0x30 pico/cd/memory.o
 .text.PicoReadS68k8_bram
                0x0003ab28       0x28 pico/cd/memory.o
 .text.PicoReadS68k16_bram
                0x0003ab50       0x38 pico/cd/memory.o
 .text.PicoWriteS68k8_bram
                0x0003ab88       0x40 pico/cd/memory.o
 .text.PicoWriteS68k16_bram
                0x0003abc8       0x50 pico/cd/memory.o
 .text.PicoReadM68k8_ramc
                0x0003ac18       0x98 pico/cd/memory.o
 .text.PicoReadM68k16_ramc
                0x0003acb0        0x8 pico/cd/memory.o
 .text.PicoWriteM68k8_ramc
                0x0003acb8       0x8c pico/cd/memory.o
 .text.PicoWriteM68k16_ramc
                0x0003ad44        0x8 pico/cd/memory.o
 .text.remap_prg_window
                0x0003ad4c       0x4c pico/cd/memory.o
 .text.remap_word_ram
                0x0003ad98      0x1bc pico/cd/memory.o
 .text.m68k_comm_check
                0x0003af54       0xe4 pico/cd/memory.o
                0x0003af54                m68k_comm_check
 .text.m68k_reg_write8
                0x0003b038      0x318 pico/cd/memory.o
                0x0003b038                m68k_reg_write8
 .text.s68k_poll_detect
                0x0003b350       0xe8 pico/cd/memory.o
                0x0003b350                s68k_poll_detect
 .text.s68k_reg_read16
                0x0003b438      0x3f4 pico/cd/memory.o
                0x0003b438                s68k_reg_read16
 .text.s68k_reg_write8
                0x0003b82c      0x49c pico/cd/memory.o
                0x0003b82c                s68k_reg_write8
 .text.s68k_reg_write16
                0x0003bcc8      0x31c pico/cd/memory.o
                0x0003bcc8                s68k_reg_write16
 .text.pcd_state_loaded_mem
                0x0003bfe4       0x84 pico/cd/memory.o
                0x0003bfe4                pcd_state_loaded_mem
 .text.PicoMemSetupCD
                0x0003c068      0x398 pico/cd/memory.o
                0x0003c068                PicoMemSetupCD
 .text.SekIntAckS68k
                0x0003c400       0x78 pico/cd/sek.o
 .text.SekResetAckS68k
                0x0003c478        0x4 pico/cd/sek.o
 .text.SekUnrecognizedOpcodeS68k
                0x0003c47c        0x8 pico/cd/sek.o
 .text.SekInitS68k
                0x0003c484       0x44 pico/cd/sek.o
                0x0003c484                SekInitS68k
 .text.SekResetS68k
                0x0003c4c8       0x3c pico/cd/sek.o
                0x0003c4c8                SekResetS68k
 .text.SekInterruptS68k
                0x0003c504       0x60 pico/cd/sek.o
                0x0003c504                SekInterruptS68k
 .text.SekInterruptClearS68k
                0x0003c564       0x74 pico/cd/sek.o
                0x0003c564                SekInterruptClearS68k
 .text.cdc_init
                0x0003c5d8       0x18 pico/cd/cdc.o
                0x0003c5d8                cdc_init
 .text.cdc_reset
                0x0003c5f0       0x88 pico/cd/cdc.o
                0x0003c5f0                cdc_reset
 .text.cdc_context_save
                0x0003c678       0x78 pico/cd/cdc.o
                0x0003c678                cdc_context_save
 .text.cdc_context_load
                0x0003c6f0       0xc8 pico/cd/cdc.o
                0x0003c6f0                cdc_context_load
 .text.cdc_context_load_old
                0x0003c7b8      0x130 pico/cd/cdc.o
                0x0003c7b8                cdc_context_load_old
 .text.cdc_dma_update
                0x0003c8e8      0x328 pico/cd/cdc.o
                0x0003c8e8                cdc_dma_update
 .text.cdc_decoder_update
                0x0003cc10       0xfc pico/cd/cdc.o
                0x0003cc10                cdc_decoder_update
 .text.cdc_reg_w
                0x0003cd0c      0x3c0 pico/cd/cdc.o
                0x0003cd0c                cdc_reg_w
 .text.cdc_reg_r
                0x0003d0cc      0x238 pico/cd/cdc.o
                0x0003d0cc                cdc_reg_r
 .text.cdc_host_r
                0x0003d304       0xfc pico/cd/cdc.o
                0x0003d304                cdc_host_r
 .text.cdd_change_track
                0x0003d400       0x98 pico/cd/cdd.o
 .text.cdd_reset
                0x0003d498       0x44 pico/cd/cdd.o
                0x0003d498                cdd_reset
 .text.cdd_context_save
                0x0003d4dc       0x50 pico/cd/cdd.o
                0x0003d4dc                cdd_context_save
 .text.cdd_context_load
                0x0003d52c       0x9c pico/cd/cdd.o
                0x0003d52c                cdd_context_load
 .text.cdd_context_load_old
                0x0003d5c8       0x18 pico/cd/cdd.o
                0x0003d5c8                cdd_context_load_old
 .text.cdd_unload
                0x0003d5e0      0x110 pico/cd/cdd.o
                0x0003d5e0                cdd_unload
 .text.cdd_load
                0x0003d6f0      0x368 pico/cd/cdd.o
                0x0003d6f0                cdd_load
 .text.cdd_read_data
                0x0003da58       0x60 pico/cd/cdd.o
                0x0003da58                cdd_read_data
 .text.cdd_update
                0x0003dab8      0x294 pico/cd/cdd.o
                0x0003dab8                cdd_update
 .text.cdd_process
                0x0003dd4c      0xfd4 pico/cd/cdd.o
                0x0003dd4c                cdd_process
 .text.handle_mp3
                0x0003ed20      0x10c pico/cd/cd_image.o
 .text.sprintf_lba.constprop.0
                0x0003ee2c       0x7c pico/cd/cd_image.o
 .text.load_cd_image
                0x0003eea8      0x698 pico/cd/cd_image.o
                0x0003eea8                load_cd_image
 .text.get_token
                0x0003f540      0x100 pico/cd/cue.o
 .text.file_openable
                0x0003f640       0x2c pico/cd/cue.o
 .text.cue_parse
                0x0003f66c      0xb78 pico/cd/cue.o
                0x0003f66c                cue_parse
 .text.cue_destroy
                0x000401e4       0x50 pico/cd/cue.o
                0x000401e4                cue_destroy
 .text.gfx_init
                0x00040234      0x154 pico/cd/gfx.o
                0x00040234                gfx_init
 .text.gfx_context_save
                0x00040388       0x9c pico/cd/gfx.o
                0x00040388                gfx_context_save
 .text.gfx_context_load
                0x00040424       0x90 pico/cd/gfx.o
                0x00040424                gfx_context_load
 .text.gfx_start
                0x000404b4      0x210 pico/cd/gfx.o
                0x000404b4                gfx_start
 .text.gfx_update
                0x000406c4      0x38c pico/cd/gfx.o
                0x000406c4                gfx_update
 .text.cell_map
                0x00040a50       0x70 pico/cd/gfx_dma.o
 .text.DmaSlowCell
                0x00040ac0      0x188 pico/cd/gfx_dma.o
                0x00040ac0                DmaSlowCell
 .text.pcd_pcm_sync
                0x00040c48      0x228 pico/cd/pcm.o
                0x00040c48                pcd_pcm_sync
 .text.pcd_pcm_write
                0x00040e70       0xf0 pico/cd/pcm.o
                0x00040e70                pcd_pcm_write
 .text.pcd_pcm_read
                0x00040f60       0x8c pico/cd/pcm.o
                0x00040f60                pcd_pcm_read
 .text.pcd_pcm_update
                0x00040fec      0x180 pico/cd/pcm.o
                0x00040fec                pcd_pcm_update
 .text.sh2_irq_cb
                0x0004116c       0x30 pico/32x/32x.o
 .text.p32x_run_events
                0x0004119c       0x98 pico/32x/32x.o
 .text.fillend_event
                0x00041234       0x48 pico/32x/32x.o
 .text.SekSyncM68k
                0x0004127c       0x6c pico/32x/32x.o
 .text.p32x_update_irls
                0x000412e8      0x198 pico/32x/32x.o
                0x000412e8                p32x_update_irls
 .text.p32x_trigger_irq
                0x00041480       0x50 pico/32x/32x.o
                0x00041480                p32x_trigger_irq
 .text.p32x_update_cmd_irq
                0x000414d0       0x78 pico/32x/32x.o
                0x000414d0                p32x_update_cmd_irq
 .text.Pico32xStartup
                0x00041548       0xf4 pico/32x/32x.o
                0x00041548                Pico32xStartup
 .text.p32x_reset_sh2s
                0x0004163c      0x1bc pico/32x/32x.o
                0x0004163c                p32x_reset_sh2s
 .text.Pico32xInit
                0x000417f8       0x84 pico/32x/32x.o
                0x000417f8                Pico32xInit
 .text.PicoPower32x
                0x0004187c       0x30 pico/32x/32x.o
                0x0004187c                PicoPower32x
 .text.PicoUnload32x
                0x000418ac       0x5c pico/32x/32x.o
                0x000418ac                PicoUnload32x
 .text.PicoReset32x
                0x00041908       0x74 pico/32x/32x.o
                0x00041908                PicoReset32x
 .text.p32x_event_schedule
                0x0004197c       0x40 pico/32x/32x.o
                0x0004197c                p32x_event_schedule
 .text.p32x_event_schedule_sh2
                0x000419bc       0x98 pico/32x/32x.o
                0x000419bc                p32x_event_schedule_sh2
 .text.p32x_schedule_hint
                0x00041a54       0xa8 pico/32x/32x.o
                0x00041a54                p32x_schedule_hint
 .text.hint_event
                0x00041afc       0x28 pico/32x/32x.o
 .text.p32x_sync_other_sh2
                0x00041b24      0x108 pico/32x/32x.o
                0x00041b24                p32x_sync_other_sh2
 .text.p32x_sync_sh2s
                0x00041c2c      0x318 pico/32x/32x.o
                0x00041c2c                p32x_sync_sh2s
 .text.PicoFrame32x
                0x00041f44      0xe64 pico/32x/32x.o
                0x00041f44                PicoFrame32x
 .text.Pico32xSetClocks
                0x00042da8       0xa4 pico/32x/32x.o
                0x00042da8                Pico32xSetClocks
 .text.Pico32xStateLoaded
                0x00042e4c       0x64 pico/32x/32x.o
                0x00042e4c                Pico32xStateLoaded
 .text.sh2_poll_detect
                0x00042eb0       0x88 pico/32x/memory.o
 .text.p32x_vdp_read16
                0x00042f38       0x40 pico/32x/memory.o
 .text.m68k_write16_dram0_ow
                0x00042f78       0x4c pico/32x/memory.o
 .text.m68k_write16_dram1_ow
                0x00042fc4       0x4c pico/32x/memory.o
 .text.PicoWrite8_hint
                0x00043010       0x34 pico/32x/memory.o
 .text.sh2_read8_unmapped
                0x00043044        0x8 pico/32x/memory.o
 .text.sh2_read8_da
                0x0004304c       0x14 pico/32x/memory.o
 .text.sh2_read16_unmapped
                0x00043060        0x8 pico/32x/memory.o
 .text.sh2_read16_da
                0x00043068       0x18 pico/32x/memory.o
 .text.sh2_write_ignore
                0x00043080        0x4 pico/32x/memory.o
 .text.sh2_write8_unmapped
                0x00043084        0x4 pico/32x/memory.o
 .text.sh2_write16_unmapped
                0x00043088        0x4 pico/32x/memory.o
 .text.sh2_write16_dram0
                0x0004308c       0x4c pico/32x/memory.o
 .text.sh2_write16_dram1
                0x000430d8       0x4c pico/32x/memory.o
 .text.bank_map_handler
                0x00043124       0x5c pico/32x/memory.o
 .text.PicoRead16_bank
                0x00043180       0x1c pico/32x/memory.o
 .text.PicoRead8_bank
                0x0004319c       0x1c pico/32x/memory.o
 .text.z80_md_bank_write_32x
                0x000431b8       0x50 pico/32x/memory.o
 .text.PicoWrite8_bank
                0x00043208       0x20 pico/32x/memory.o
 .text.PicoWrite8_cart
                0x00043228       0x10 pico/32x/memory.o
 .text.sh2_write16_da
                0x00043238       0x50 pico/32x/memory.o
 .text.sh2_write8_da
                0x00043288       0x58 pico/32x/memory.o
 .text.sh2_write16_sdram
                0x000432e0       0x4c pico/32x/memory.o
 .text.sh2_write8_sdram
                0x0004332c       0x50 pico/32x/memory.o
 .text.sh2_write8_sdram_wt
                0x0004337c       0x50 pico/32x/memory.o
 .text.p32x_sh2reg_write8
                0x000433cc      0x404 pico/32x/memory.o
 .text.PicoWrite16_bank
                0x000437d0       0x20 pico/32x/memory.o
 .text.PicoWrite16_cart
                0x000437f0       0x10 pico/32x/memory.o
 .text.m68k_write8_dram0_ow
                0x00043800       0x30 pico/32x/memory.o
 .text.m68k_write8_dram1_ow
                0x00043830       0x30 pico/32x/memory.o
 .text.PicoWrite16_hint
                0x00043860       0x34 pico/32x/memory.o
 .text.sh2_write8_dram0
                0x00043894       0x30 pico/32x/memory.o
 .text.sh2_write8_dram1
                0x000438c4       0x30 pico/32x/memory.o
 .text.bank_switch.part.5
                0x000438f4       0xd4 pico/32x/memory.o
 .text.sh2s_sync_on_read.part.7
                0x000439c8       0x30 pico/32x/memory.o
 .text.p32x_sh2reg_read16
                0x000439f8      0x1fc pico/32x/memory.o
 .text.sh2_read16_cs0
                0x00043bf4      0x100 pico/32x/memory.o
 .text.sh2_read8_cs0
                0x00043cf4      0x114 pico/32x/memory.o
 .text.dreq0_write.constprop.15
                0x00043e08       0x94 pico/32x/memory.o
 .text.p32x_reg_write8
                0x00043e9c      0x464 pico/32x/memory.o
 .text.p32x_reg_write16
                0x00044300      0x380 pico/32x/memory.o
 .text.p32x_reg_read16
                0x00044680      0x1b0 pico/32x/memory.o
 .text.PicoRead16_32x_on
                0x00044830       0xd8 pico/32x/memory.o
 .text.PicoRead8_32x_on
                0x00044908       0xf0 pico/32x/memory.o
 .text.p32x_sh2_poll_event
                0x000449f8       0x34 pico/32x/memory.o
                0x000449f8                p32x_sh2_poll_event
 .text.PicoRead8_32x
                0x00044a2c       0x5c pico/32x/memory.o
                0x00044a2c                PicoRead8_32x
 .text.PicoRead16_32x
                0x00044a88       0x6c pico/32x/memory.o
                0x00044a88                PicoRead16_32x
 .text.PicoWrite8_32x
                0x00044af4       0x88 pico/32x/memory.o
                0x00044af4                PicoWrite8_32x
 .text.PicoWrite16_32x
                0x00044b7c       0x80 pico/32x/memory.o
                0x00044b7c                PicoWrite16_32x
 .text.p32x_sh2_read8
                0x00044bfc       0x40 pico/32x/memory.o
                0x00044bfc                p32x_sh2_read8
 .text.p32x_sh2_read16
                0x00044c3c       0x44 pico/32x/memory.o